 NavigationServiceAccess

 Timestamp is 56d6a537 (Wed Mar 02 09:32:55 2016)

 Preferred load address is 10000000

 Start         Length     Name                   Class
 0001:00000000 0005e4ebH .text$mn                CODE
 0001:0005e4f0 0000117fH .text$x                 CODE
 0001:0005f670 00001012H .text$yd                CODE
 0002:00000000 00000104H .CRT$XCA                DATA
 0002:00000104 00000104H .CRT$XCZ                DATA
 0002:00000208 00000104H .CRT$XIA                DATA
 0002:0000030c 00000113H .CRT$XIC                DATA
 0002:00000420 00000104H .CRT$XIZ                DATA
 0002:00000524 00000104H .CRT$XPA                DATA
 0002:00000628 00000109H .CRT$XPX                DATA
 0002:00000734 00000104H .CRT$XPXA               DATA
 0002:00000838 00000104H .CRT$XPZ                DATA
 0002:0000093c 00000104H .CRT$XTA                DATA
 0002:00000a40 00000104H .CRT$XTZ                DATA
 0002:00000b50 000109e8H .rdata                  DATA
 0002:00011538 000001c0H .rdata$debug            DATA
 0002:000116f8 0000053cH .rdata$r                DATA
 0002:00011c40 00000139H .rdata$sxdata           DATA
 0002:00011d7c 00000104H .rtc$IAA                DATA
 0002:00011e80 00000104H .rtc$IZZ                DATA
 0002:00011f84 00000104H .rtc$TAA                DATA
 0002:00012088 00000104H .rtc$TZZ                DATA
 0002:00012190 00000d78H .xdata$x                DATA
 0002:00012f10 00000193H .edata                  DATA
 0003:00000000 0000155cH .data                   DATA
 0003:0000155c 00000292H .data$r                 DATA
 0003:00001800 00002320H .bss                    DATA
 0004:00000000 000001e8H .idata$5                DATA
 0004:000001e8 00000028H .idata$2                DATA
 0004:00000210 00000014H .idata$3                DATA
 0004:00000224 000001e8H .idata$4                DATA
 0004:0000040c 000007ccH .idata$6                DATA
 0005:00000000 00000169H .rsrc$01                DATA
 0005:00000170 000002ccH .rsrc$02                DATA

  Address         Publics by Value              Rva+Base       Lib:Object

 0000:00000000       ___guard_fids_table        00000000     <absolute>
 0000:00000000       ___guard_fids_count        00000000     <absolute>
 0000:00000000       __except_list              00000000     <absolute>
 0000:00000000       ___guard_flags             00000000     <absolute>
 0000:0000000c       ___safe_se_handler_count   0000000c     <absolute>
 0000:00000000       ___ImageBase               10000000     <linker-defined>
 0001:00000670       ?deinitialize@NavigationJNIAccess@@QAEXXZ 10001670 f   NavigationJNIAccess.obj
 0001:00000680       ?onDoubleTap@NavigationJNIAccess@@QAEXJJ@Z 10001680 f   NavigationJNIAccess.obj
 0001:00000690       ?onTouchMove@NavigationJNIAccess@@QAEXJJ@Z 10001690 f   NavigationJNIAccess.obj
 0001:000006a0       ?onTouchRotate@NavigationJNIAccess@@QAEXM@Z 100016a0 f   NavigationJNIAccess.obj
 0001:000006b0       ?onTouchZoom@NavigationJNIAccess@@QAEXM@Z 100016b0 f   NavigationJNIAccess.obj
 0001:000006c0       ??$?0V?$FunctorBind@XV?$InternalMemFunFunctor2@XVGtfMainWorkLoop@@AAVTask@gtf@@K@@U?$FunctorBindList3@V?$GtfFunctorInternalValueWrapper@PAVGtfMainWorkLoop@@@@V?$ReferenceWrapper@VGtfFunctorTask@@@@V?$GtfFunctorInternalValueWrapper@W4EPriorityValue@Task@gtf@@@@@@@@@?$GtfFunctor0@X@@QAE@ABV?$FunctorBind@XV?$InternalMemFunFunctor2@XVGtfMainWorkLoop@@AAVTask@gtf@@K@@U?$FunctorBindList3@V?$GtfFunctorInternalValueWrapper@PAVGtfMainWorkLoop@@@@V?$ReferenceWrapper@VGtfFunctorTask@@@@V?$GtfFunctorInternalValueWrapper@W4EPriorityValue@Task@gtf@@@@@@@@H@Z 100016c0 f i NavigationServiceAccess.obj
 0001:00000700       ??$?0V?$GtfFunctor2@W4Error@GtfTypesDP@@GK@@@?$GtfFunctor2@X$$CBG$$CBK@@QAE@ABV?$GtfFunctor2@W4Error@GtfTypesDP@@GK@@H@Z 10001700 f i NavigationServiceAccess.obj
 0001:00000740       ??$?0V?$GtfFunctor2@XPBKK@@@?$GtfFunctor2@XQBK$$CBK@@QAE@ABV?$GtfFunctor2@XPBKK@@H@Z 10001740 f i NavigationServiceAccess.obj
 0001:00000780       ??$?0VGtfDataPool@@@?$GtfFunctor2@W4Error@GtfTypesDP@@GK@@QAE@P8GtfDataPool@@AE?AW4Error@GtfTypesDP@@GK@ZPAV1@@Z 10001780 f i NavigationServiceAccess.obj
 0001:000007f0       ??$?0VNavigationServiceAccess@@@?$GtfFunctor0@X@@QAE@P8NavigationServiceAccess@@AEXXZPAV1@@Z 100017f0 f i NavigationServiceAccess.obj
 0001:00000860       ??$?0VNavigationServiceAccess@@@?$GtfFunctor1@XVGtfEventHandle@@@@QAE@P8NavigationServiceAccess@@AEXVGtfEventHandle@@@ZPAV1@@Z 10001860 f i NavigationServiceAccess.obj
 0001:000008d0       ??$?0VNavigationServiceAccess@@@?$GtfFunctor2@XPBKK@@QAE@P8NavigationServiceAccess@@AEXPBKK@ZPAV1@@Z 100018d0 f i NavigationServiceAccess.obj
 0001:00000940       ??$?APAVGtfMainWorkLoop@@@FunctorBindList0@@QBEAAPAVGtfMainWorkLoop@@AAV?$GtfFunctorInternalValueWrapper@PAVGtfMainWorkLoop@@@@@Z 10001940 f i NavigationServiceAccess.obj
 0001:00000960       ??$?AVGtfFunctorTask@@@FunctorBindList0@@QBEAAVGtfFunctorTask@@ABV?$ReferenceWrapper@VGtfFunctorTask@@@@@Z 10001960 f i NavigationServiceAccess.obj
 0001:00000980       ??$?AW4EPriorityValue@Task@gtf@@@FunctorBindList0@@QBEAAW4EPriorityValue@Task@gtf@@AAV?$GtfFunctorInternalValueWrapper@W4EPriorityValue@Task@gtf@@@@@Z 10001980 f i NavigationServiceAccess.obj
 0001:000009a0       ??$?RV?$InternalMemFunFunctor2@XVGtfMainWorkLoop@@AAVTask@gtf@@K@@UFunctorBindList0@@@?$FunctorBindList3@V?$GtfFunctorInternalValueWrapper@PAVGtfMainWorkLoop@@@@V?$ReferenceWrapper@VGtfFunctorTask@@@@V?$GtfFunctorInternalValueWrapper@W4EPriorityValue@Task@gtf@@@@@@QAEXU?$GtfFunctorTypeParam@X@@AAV?$InternalMemFunFunctor2@XVGtfMainWorkLoop@@AAVTask@gtf@@K@@AAUFunctorBindList0@@H@Z 100019a0 f i NavigationServiceAccess.obj
 0001:00000a10       ??$Duplicate@V?$FunctorBind@XV?$InternalMemFunFunctor2@XVGtfMainWorkLoop@@AAVTask@gtf@@K@@U?$FunctorBindList3@V?$GtfFunctorInternalValueWrapper@PAVGtfMainWorkLoop@@@@V?$ReferenceWrapper@VGtfFunctorTask@@@@V?$GtfFunctorInternalValueWrapper@W4EPriorityValue@Task@gtf@@@@@@@@@?$GtfFunctorInternalGenericFunctorDuplicator@$00@@SAXAAUFunctionDataHolder@@ABV?$FunctorBind@XV?$InternalMemFunFunctor2@XVGtfMainWorkLoop@@AAVTask@gtf@@K@@U?$FunctorBindList3@V?$GtfFunctorInternalValueWrapper@PAVGtfMainWorkLoop@@@@V?$ReferenceWrapper@VGtfFunctorTask@@@@V?$GtfFunctorInternalValueWrapper@W4EPriorityValue@Task@gtf@@@@@@@@@Z 10001a10 f i NavigationServiceAccess.obj
 0001:00000ac0       ??$Duplicate@V?$GtfFunctor2@W4Error@GtfTypesDP@@GK@@@?$GtfFunctorInternalGenericFunctorDuplicator@$0A@@@SAXAAUFunctionDataHolder@@ABV?$GtfFunctor2@W4Error@GtfTypesDP@@GK@@@Z 10001ac0 f i NavigationServiceAccess.obj
 0001:00000b70       ??$Duplicate@V?$GtfFunctor2@XPBKK@@@?$GtfFunctorInternalGenericFunctorDuplicator@$0A@@@SAXAAUFunctionDataHolder@@ABV?$GtfFunctor2@XPBKK@@@Z 10001b70 f i NavigationServiceAccess.obj
 0001:00000c20       ??$gtf_bind@W4Error@GtfTypesDP@@GKVGtfDataPool@@@@YA?AV?$GtfFunctor2@W4Error@GtfTypesDP@@GK@@P8GtfDataPool@@AE?AW4Error@GtfTypesDP@@GK@ZPAV1@@Z 10001c20 f i NavigationServiceAccess.obj
 0001:00000c40       ??$gtf_bind@XPBKKVNavigationServiceAccess@@@@YA?AV?$GtfFunctor2@XPBKK@@P8NavigationServiceAccess@@AEXPBKK@ZPAV1@@Z 10001c40 f i NavigationServiceAccess.obj
 0001:00000c60       ??$gtf_bind@XVGtfEventHandle@@VNavigationServiceAccess@@@@YA?AV?$GtfFunctor1@XVGtfEventHandle@@@@P8NavigationServiceAccess@@AEXVGtfEventHandle@@@ZPAV1@@Z 10001c60 f i NavigationServiceAccess.obj
 0001:00000c80       ??$gtf_bind@XVGtfMainWorkLoop@@AAVTask@gtf@@KPAV1@V?$ReferenceWrapper@VGtfFunctorTask@@@@W4EPriorityValue@23@@@YA?AV?$FunctorBind@XV?$InternalMemFunFunctor2@XVGtfMainWorkLoop@@AAVTask@gtf@@K@@U?$FunctorBindList3@V?$GtfFunctorInternalValueWrapper@PAVGtfMainWorkLoop@@@@V?$ReferenceWrapper@VGtfFunctorTask@@@@V?$GtfFunctorInternalValueWrapper@W4EPriorityValue@Task@gtf@@@@@@@@P8GtfMainWorkLoop@@AEXAAVTask@gtf@@K@ZPAV1@V?$ReferenceWrapper@VGtfFunctorTask@@@@W4EPriorityValue@23@@Z 10001c80 f i NavigationServiceAccess.obj
 0001:00000ce0       ??$gtf_bind@XVNavigationServiceAccess@@@@YA?AV?$GtfFunctor0@X@@P8NavigationServiceAccess@@AEXXZPAV1@@Z 10001ce0 f i NavigationServiceAccess.obj
 0001:00000d00       ??$gtf_ref@VGtfFunctorTask@@@@YA?AV?$ReferenceWrapper@VGtfFunctorTask@@@@AAVGtfFunctorTask@@@Z 10001d00 f i NavigationServiceAccess.obj
 0001:00000d20       ??0?$FunctorBind@XV?$InternalMemFunFunctor2@XVGtfMainWorkLoop@@AAVTask@gtf@@K@@U?$FunctorBindList3@V?$GtfFunctorInternalValueWrapper@PAVGtfMainWorkLoop@@@@V?$ReferenceWrapper@VGtfFunctorTask@@@@V?$GtfFunctorInternalValueWrapper@W4EPriorityValue@Task@gtf@@@@@@@@QAE@V?$InternalMemFunFunctor2@XVGtfMainWorkLoop@@AAVTask@gtf@@K@@ABU?$FunctorBindList3@V?$GtfFunctorInternalValueWrapper@PAVGtfMainWorkLoop@@@@V?$ReferenceWrapper@VGtfFunctorTask@@@@V?$GtfFunctorInternalValueWrapper@W4EPriorityValue@Task@gtf@@@@@@@Z 10001d20 f i NavigationServiceAccess.obj
 0001:00000d50       ??0?$FunctorBindList1@V?$GtfFunctorInternalValueWrapper@PAVGtfMainWorkLoop@@@@@@QAE@V?$GtfFunctorInternalValueWrapper@PAVGtfMainWorkLoop@@@@@Z 10001d50 f i NavigationServiceAccess.obj
 0001:00000d70       ??0?$FunctorBindList2@V?$GtfFunctorInternalValueWrapper@PAVGtfMainWorkLoop@@@@V?$ReferenceWrapper@VGtfFunctorTask@@@@@@QAE@V?$GtfFunctorInternalValueWrapper@PAVGtfMainWorkLoop@@@@V?$ReferenceWrapper@VGtfFunctorTask@@@@@Z 10001d70 f i NavigationServiceAccess.obj
 0001:00000da0       ??0?$FunctorBindList3@V?$GtfFunctorInternalValueWrapper@PAVGtfMainWorkLoop@@@@V?$ReferenceWrapper@VGtfFunctorTask@@@@V?$GtfFunctorInternalValueWrapper@W4EPriorityValue@Task@gtf@@@@@@QAE@V?$GtfFunctorInternalValueWrapper@PAVGtfMainWorkLoop@@@@V?$ReferenceWrapper@VGtfFunctorTask@@@@V?$GtfFunctorInternalValueWrapper@W4EPriorityValue@Task@gtf@@@@@Z 10001da0 f i NavigationServiceAccess.obj
 0001:00000de0       ??0?$GtfFunctor0@X@@QAE@XZ 10001de0 f i NavigationServiceAccess.obj
 0001:00000e10       ??0?$GtfFunctor2@W4Error@GtfTypesDP@@GK@@QAE@ABV0@@Z 10001e10 f i NavigationServiceAccess.obj
 0001:00000e50       ??0?$GtfFunctor2@XPBKK@@QAE@ABV0@@Z 10001e50 f i NavigationServiceAccess.obj
 0001:00000e90       ??0?$GtfFunctorInternalValueWrapper@PAVGtfMainWorkLoop@@@@QAE@ABQAVGtfMainWorkLoop@@@Z 10001e90 f i NavigationServiceAccess.obj
 0001:00000eb0       ??0?$GtfFunctorInternalValueWrapper@W4EPriorityValue@Task@gtf@@@@QAE@ABW4EPriorityValue@Task@gtf@@@Z 10001eb0 f i NavigationServiceAccess.obj
 0001:00000ed0       ??0?$InternalMemFunFunctor2@XVGtfMainWorkLoop@@AAVTask@gtf@@K@@QAE@P8GtfMainWorkLoop@@AEXAAVTask@gtf@@K@Z@Z 10001ed0 f i NavigationServiceAccess.obj
 0001:00000ef0       ??0?$MethodInvoker2@VGtfDataPool@@W4Error@GtfTypesDP@@GK@@QAE@P8GtfDataPool@@AE?AW4Error@GtfTypesDP@@GK@ZPAV1@@Z 10001ef0 f i NavigationServiceAccess.obj
 0001:00000f20       ??0?$ReferenceWrapper@VGtfFunctorTask@@@@QAE@AAVGtfFunctorTask@@@Z 10001f20 f i NavigationServiceAccess.obj
 0001:00000f40       ??0?$VoidMethodInvoker0@VNavigationServiceAccess@@X@@QAE@P8NavigationServiceAccess@@AEXXZPAV1@@Z 10001f40 f i NavigationServiceAccess.obj
 0001:00000f70       ??0?$VoidMethodInvoker1@VNavigationServiceAccess@@XVGtfEventHandle@@@@QAE@P8NavigationServiceAccess@@AEXVGtfEventHandle@@@ZPAV1@@Z 10001f70 f i NavigationServiceAccess.obj
 0001:00000fa0       ??0?$VoidMethodInvoker2@VNavigationServiceAccess@@XPBKK@@QAE@P8NavigationServiceAccess@@AEXPBKK@ZPAV1@@Z 10001fa0 f i NavigationServiceAccess.obj
 0001:00000fd0       ??0?$implementation@V?$InternalMemFunFunctor2@XVGtfMainWorkLoop@@AAVTask@gtf@@K@@U?$FunctorBindList3@V?$GtfFunctorInternalValueWrapper@PAVGtfMainWorkLoop@@@@V?$ReferenceWrapper@VGtfFunctorTask@@@@V?$GtfFunctorInternalValueWrapper@W4EPriorityValue@Task@gtf@@@@@@@?$BindFunctorSelector@X@@QAE@V?$InternalMemFunFunctor2@XVGtfMainWorkLoop@@AAVTask@gtf@@K@@ABU?$FunctorBindList3@V?$GtfFunctorInternalValueWrapper@PAVGtfMainWorkLoop@@@@V?$ReferenceWrapper@VGtfFunctorTask@@@@V?$GtfFunctorInternalValueWrapper@W4EPriorityValue@Task@gtf@@@@@@@Z 10001fd0 f i NavigationServiceAccess.obj
 0001:00001010       ??0FunctionDataHolder@@QAE@ABU0@@Z 10002010 f i NavigationServiceAccess.obj
 0001:00001070       ??0FunctionDataHolder@@QAE@XZ 10002070 f i NavigationServiceAccess.obj
 0001:00001090       ??0FunctorBindList0@@QAE@XZ 10002090 f i NavigationServiceAccess.obj
 0001:000010b0       ??0GtfEvent@@QAE@ABVGtfEventHandle@@@Z 100020b0 f i NavigationServiceAccess.obj
 0001:00001120       ??0GtfEventHandle@@QAE@ABV0@@Z 10002120 f i NavigationServiceAccess.obj
 0001:00001180       ??0GtfEventParamIterator@@QAE@XZ 10002180 f i NavigationServiceAccess.obj
 0001:000011c0       ??0GtfFunctorTask@@QAE@XZ  100021c0 f i NavigationServiceAccess.obj
 0001:00001210       ??0NavigationJNIAccess@@QAE@XZ 10002210 f i NavigationServiceAccess.obj
 0001:00001230       ??0NavigationServiceAccess@@QAE@XZ 10002230 f   NavigationServiceAccess.obj
 0001:000012c0       ??0Task@gtf@@QAE@XZ        100022c0 f i NavigationServiceAccess.obj
 0001:000012e0       ??1?$GtfFunctor0@X@@QAE@XZ 100022e0 f i NavigationServiceAccess.obj
 0001:00001300       ??1?$GtfFunctor1@XVGtfEventHandle@@@@QAE@XZ 10002300 f i NavigationServiceAccess.obj
 0001:00001320       ??1?$GtfFunctor2@W4Error@GtfTypesDP@@GK@@QAE@XZ 10002320 f i NavigationServiceAccess.obj
 0001:00001340       ??1?$GtfFunctor2@X$$CBG$$CBK@@QAE@XZ 10002340 f i NavigationServiceAccess.obj
 0001:00001360       ??1?$GtfFunctor2@XPBKK@@QAE@XZ 10002360 f i NavigationServiceAccess.obj
 0001:00001380       ??1?$GtfFunctor2@XQBK$$CBK@@QAE@XZ 10002380 f i NavigationServiceAccess.obj
 0001:000013a0       ??1FunctionDataHolder@@QAE@XZ 100023a0 f i NavigationServiceAccess.obj
 0001:000013c0       ??1GtfEvent@@QAE@XZ        100023c0 f i NavigationServiceAccess.obj
 0001:000013e0       ??1GtfEventHandle@@QAE@XZ  100023e0 f i NavigationServiceAccess.obj
 0001:00001430       ??1GtfFunctorTask@@UAE@XZ  10002430 f i NavigationServiceAccess.obj
 0001:00001470       ??1NavigationJNIAccess@@QAE@XZ 10002470 f i NavigationServiceAccess.obj
 0001:00001480       ??1NavigationServiceAccess@@QAE@XZ 10002480 f   NavigationServiceAccess.obj
 0001:000014d0       ??1Task@gtf@@UAE@XZ        100024d0 f i NavigationServiceAccess.obj
 0001:000014f0       ??2@YAPAXIPAX@Z            100024f0 f i NavigationServiceAccess.obj
 0001:00001500       ??4?$GtfFunctor0@X@@QAEAAV0@ABV0@@Z 10002500 f i NavigationServiceAccess.obj
 0001:00001540       ??4FunctionDataHolder@@QAEAAU0@ABU0@@Z 10002540 f i NavigationServiceAccess.obj
 0001:000015c0       ??R?$GtfFunctor0@X@@QBEXXZ 100025c0 f i NavigationServiceAccess.obj
 0001:000015e0       ??R?$GtfFunctor2@W4Error@GtfTypesDP@@GK@@QBE?AW4Error@GtfTypesDP@@GK@Z 100025e0 f i NavigationServiceAccess.obj
 0001:00001610       ??R?$GtfFunctor2@XPBKK@@QBEXPBKK@Z 10002610 f i NavigationServiceAccess.obj
 0001:00001640       ??R?$InternalMemFunFunctor2@XVGtfMainWorkLoop@@AAVTask@gtf@@K@@QBEXPAVGtfMainWorkLoop@@AAVTask@gtf@@K@Z 10002640 f i NavigationServiceAccess.obj
 0001:00001670       ??R?$implementation@V?$InternalMemFunFunctor2@XVGtfMainWorkLoop@@AAVTask@gtf@@K@@U?$FunctorBindList3@V?$GtfFunctorInternalValueWrapper@PAVGtfMainWorkLoop@@@@V?$ReferenceWrapper@VGtfFunctorTask@@@@V?$GtfFunctorInternalValueWrapper@W4EPriorityValue@Task@gtf@@@@@@@?$BindFunctorSelector@X@@QAEXXZ 10002670 f i NavigationServiceAccess.obj
 0001:000016b1       ??_9GtfDataPool@@$BDA@AE   100026b1 f i NavigationServiceAccess.obj
 0001:000016b6       ??_9GtfMainWorkLoop@@$BA@AE 100026b6 f i NavigationServiceAccess.obj
 0001:000016c0       ??_G?$GtfFunctor2@W4Error@GtfTypesDP@@GK@@QAEPAXI@Z 100026c0 f i NavigationServiceAccess.obj
 0001:00001700       ??_G?$GtfFunctor2@XPBKK@@QAEPAXI@Z 10002700 f i NavigationServiceAccess.obj
 0001:00001740       ??_GGtfFunctorTask@@UAEPAXI@Z 10002740 f i NavigationServiceAccess.obj
 0001:00001740       ??_EGtfFunctorTask@@UAEPAXI@Z 10002740 f i NavigationServiceAccess.obj
 0001:00001780       ??_GTask@gtf@@UAEPAXI@Z    10002780 f i NavigationServiceAccess.obj
 0001:00001780       ??_ETask@gtf@@UAEPAXI@Z    10002780 f i NavigationServiceAccess.obj
 0001:000017c0       ?Destroy@FunctionDataHolder@@AAEXXZ 100027c0 f i NavigationServiceAccess.obj
 0001:00001800       ?Dispose@GtfFunctorTask@@UAEXXZ 10002800 f i NavigationServiceAccess.obj
 0001:00001820       ?Execute@GtfFunctorTask@@UAEXXZ 10002820 f i NavigationServiceAccess.obj
 0001:00001840       ?GetEventId@GtfEvent@@QAE_NAAK@Z 10002840 f i NavigationServiceAccess.obj
 0001:00001890       ?GetEventSystem@GtfEventHandle@@QBEPAVGtfEventSystem@@XZ 10002890 f i NavigationServiceAccess.obj
 0001:000018d0       ?GetGroupId@GtfEvent@@QAE_NAAK@Z 100028d0 f i NavigationServiceAccess.obj
 0001:00001920       ?Move@FunctionDataHolder@@QAEXABU1@@Z 10002920 f i NavigationServiceAccess.obj
 0001:00001970       ?ProcessDatapool@NavigationServiceAccess@@AAEXQBKK@Z 10002970 f   NavigationServiceAccess.obj
 0001:00001980       ?ProcessDpUpdate@NavigationServiceAccess@@AAEXXZ 10002980 f   NavigationServiceAccess.obj
 0001:00001a40       ?ProcessEvUpdate@NavigationServiceAccess@@AAEXXZ 10002a40 f   NavigationServiceAccess.obj
 0001:00001ab0       ?ProcessEvent@NavigationServiceAccess@@AAEXVGtfEventHandle@@@Z 10002ab0 f   NavigationServiceAccess.obj
 0001:00001d50       ?ProcessShutdown@NavigationServiceAccess@@AAEXXZ 10002d50 f   NavigationServiceAccess.obj
 0001:00001f20       ?ReadValue@GtfEvent@@QAE_NKKQAXK@Z 10002f20 f i NavigationServiceAccess.obj
 0001:00001f80       ?SetDisposeCallback@GtfFunctorTask@@QAEXABV?$GtfFunctor0@X@@@Z 10002f80 f i NavigationServiceAccess.obj
 0001:00001fb0       ?SetExecuteCallback@GtfFunctorTask@@QAEXABV?$GtfFunctor0@X@@@Z 10002fb0 f i NavigationServiceAccess.obj
 0001:00001fe0       ?Shutdown@NavigationServiceAccess@@QAEXABV?$GtfFunctor0@X@@@Z 10002fe0 f   NavigationServiceAccess.obj
 0001:000020a0       ?Startup@NavigationServiceAccess@@QAE_NAAVGtfCoreModel@@AAVGtfMainWorkLoop@@ABV?$GtfFunctor0@X@@@Z 100030a0 f   NavigationServiceAccess.obj
 0001:00002700       ?get@?$GtfFunctorInternalValueWrapper@PAVGtfMainWorkLoop@@@@QAEAAPAVGtfMainWorkLoop@@XZ 10003700 f i NavigationServiceAccess.obj
 0001:00002720       ?get@?$GtfFunctorInternalValueWrapper@W4EPriorityValue@Task@gtf@@@@QAEAAW4EPriorityValue@Task@gtf@@XZ 10003720 f i NavigationServiceAccess.obj
 0001:00002740       ?get@?$ReferenceWrapper@VGtfFunctorTask@@@@QBEAAVGtfFunctorTask@@XZ 10003740 f i NavigationServiceAccess.obj
 0001:00002760       ?getInstance@NavigationJNIAccess@@SAAAV1@XZ 10003760 f i NavigationServiceAccess.obj
 0001:000027b0       ?invoke@?$ExtGenericFunctorVoidInvoker2@V?$GtfFunctor2@W4Error@GtfTypesDP@@GK@@X$$CBG$$CBK@@SAXPAUFunctionDataHolder@@GK@Z 100037b0 f i NavigationServiceAccess.obj
 0001:000027e0       ?invoke@?$ExtGenericFunctorVoidInvoker2@V?$GtfFunctor2@XPBKK@@XQBK$$CBK@@SAXPAUFunctionDataHolder@@QBKK@Z 100037e0 f i NavigationServiceAccess.obj
 0001:00002810       ?invoke@?$GenericFunctorVoidInvoker0@V?$FunctorBind@XV?$InternalMemFunFunctor2@XVGtfMainWorkLoop@@AAVTask@gtf@@K@@U?$FunctorBindList3@V?$GtfFunctorInternalValueWrapper@PAVGtfMainWorkLoop@@@@V?$ReferenceWrapper@VGtfFunctorTask@@@@V?$GtfFunctorInternalValueWrapper@W4EPriorityValue@Task@gtf@@@@@@@@X@@SAXPAUFunctionDataHolder@@@Z 10003810 f i NavigationServiceAccess.obj
 0001:00002830       ?invoke@?$MethodInvoker2@VGtfDataPool@@W4Error@GtfTypesDP@@GK@@SA?AW4Error@GtfTypesDP@@PBUFunctionDataHolder@@GK@Z 10003830 f i NavigationServiceAccess.obj
 0001:00002860       ?invoke@?$NilVoidFunctionInvoker0@X@@SAXPBUFunctionDataHolder@@@Z 10003860 f i NavigationServiceAccess.obj
 0001:00002870       ?invoke@?$VoidMethodInvoker0@VNavigationServiceAccess@@X@@SAXPBUFunctionDataHolder@@@Z 10003870 f i NavigationServiceAccess.obj
 0001:000028a0       ?invoke@?$VoidMethodInvoker1@VNavigationServiceAccess@@XVGtfEventHandle@@@@SAXPBUFunctionDataHolder@@VGtfEventHandle@@@Z 100038a0 f i NavigationServiceAccess.obj
 0001:000028e0       ?invoke@?$VoidMethodInvoker2@VNavigationServiceAccess@@XPBKK@@SAXPBUFunctionDataHolder@@PBKK@Z 100038e0 f i NavigationServiceAccess.obj
 0001:00002910       ?manager@?$GtfFunctorExternalDataManager@V?$GtfFunctor2@W4Error@GtfTypesDP@@GK@@@@SAXPATFunctionData@FunctionDataHolder@@PBT23@W4EAction@3@@Z 10003910 f i NavigationServiceAccess.obj
 0001:000029c0       ?manager@?$GtfFunctorExternalDataManager@V?$GtfFunctor2@XPBKK@@@@SAXPATFunctionData@FunctionDataHolder@@PBT23@W4EAction@3@@Z 100039c0 f i NavigationServiceAccess.obj
 0001:00002a70       ?manager@?$GtfFunctorRawDataManager@V?$FunctorBind@XV?$InternalMemFunFunctor2@XVGtfMainWorkLoop@@AAVTask@gtf@@K@@U?$FunctorBindList3@V?$GtfFunctorInternalValueWrapper@PAVGtfMainWorkLoop@@@@V?$ReferenceWrapper@VGtfFunctorTask@@@@V?$GtfFunctorInternalValueWrapper@W4EPriorityValue@Task@gtf@@@@@@@@@@SAXPATFunctionData@FunctionDataHolder@@PBT23@W4EAction@3@@Z 10003a70 f i NavigationServiceAccess.obj
 0001:00002ae0       ?unwrap@?$GtfFunctorInternalFunctorUnwrapper@V?$InternalMemFunFunctor2@XVGtfMainWorkLoop@@AAVTask@gtf@@K@@@@SAAAV?$InternalMemFunFunctor2@XVGtfMainWorkLoop@@AAVTask@gtf@@K@@AAV2@J@Z 10003ae0 f i NavigationServiceAccess.obj
 0001:00002af0       ??$?0VNavigationServiceAccessMsgReceiver@@@?$GtfFunctor0@X@@QAE@P8NavigationServiceAccessMsgReceiver@@AEXXZPAV1@@Z 10003af0 f i NavigationServiceAccessSO.obj
 0001:00002b60       ??$gtf_bind@XVNavigationServiceAccessMsgReceiver@@@@YA?AV?$GtfFunctor0@X@@P8NavigationServiceAccessMsgReceiver@@AEXXZPAV1@@Z 10003b60 f i NavigationServiceAccessSO.obj
 0001:00002b80       ??0?$GtfPluginFactory@VNavigationServiceAccessMsgReceiver@@@@AAE@XZ 10003b80 f i NavigationServiceAccessSO.obj
 0001:00002bd0       ??0?$VoidMethodInvoker0@VNavigationServiceAccessMsgReceiver@@X@@QAE@P8NavigationServiceAccessMsgReceiver@@AEXXZPAV1@@Z 10003bd0 f i NavigationServiceAccessSO.obj
 0001:00002c00       ??0GtfMsgExtReceiver@@QAE@XZ 10003c00 f i NavigationServiceAccessSO.obj
 0001:00002c40       ??0GtfMsgReceiver@@QAE@XZ  10003c40 f i NavigationServiceAccessSO.obj
 0001:00002c60       ??0GtfPlugin@@QAE@XZ       10003c60 f i NavigationServiceAccessSO.obj
 0001:00002c80       ??0NavigationServiceAccessMsgReceiver@@QAE@XZ 10003c80 f   NavigationServiceAccessSO.obj
 0001:00002cf0       ??1?$GtfPluginFactory@VNavigationServiceAccessMsgReceiver@@@@UAE@XZ 10003cf0 f i NavigationServiceAccessSO.obj
 0001:00002d20       ??1GtfMsgExtReceiver@@UAE@XZ 10003d20 f i NavigationServiceAccessSO.obj
 0001:00002d50       ??1GtfMsgReceiver@@UAE@XZ  10003d50 f i NavigationServiceAccessSO.obj
 0001:00002d70       ??1GtfPlugin@@UAE@XZ       10003d70 f i NavigationServiceAccessSO.obj
 0001:00002d90       ??1NavigationServiceAccessMsgReceiver@@UAE@XZ 10003d90 f i NavigationServiceAccessSO.obj
 0001:00002dc0       ??2GtfMemory@@SAPAXI@Z     10003dc0 f i NavigationServiceAccessSO.obj
 0001:00002de0       ??3GtfMemory@@SAXPAX@Z     10003de0 f i NavigationServiceAccessSO.obj
 0001:00002e00       ??_E?$GtfPluginFactory@VNavigationServiceAccessMsgReceiver@@@@UAEPAXI@Z 10003e00 f i NavigationServiceAccessSO.obj
 0001:00002e00       ??_G?$GtfPluginFactory@VNavigationServiceAccessMsgReceiver@@@@UAEPAXI@Z 10003e00 f i NavigationServiceAccessSO.obj
 0001:00002e40       ??_GGtfMsgExtReceiver@@UAEPAXI@Z 10003e40 f i NavigationServiceAccessSO.obj
 0001:00002e40       ??_EGtfMsgExtReceiver@@UAEPAXI@Z 10003e40 f i NavigationServiceAccessSO.obj
 0001:00002e80       ??_GGtfMsgReceiver@@UAEPAXI@Z 10003e80 f i NavigationServiceAccessSO.obj
 0001:00002e80       ??_EGtfMsgReceiver@@UAEPAXI@Z 10003e80 f i NavigationServiceAccessSO.obj
 0001:00002ec0       ??_GGtfPlugin@@UAEPAXI@Z   10003ec0 f i NavigationServiceAccessSO.obj
 0001:00002ec0       ??_EGtfPlugin@@UAEPAXI@Z   10003ec0 f i NavigationServiceAccessSO.obj
 0001:00002f00       ??_ENavigationServiceAccessMsgReceiver@@UAEPAXI@Z 10003f00 f i NavigationServiceAccessSO.obj
 0001:00002f00       ??_GNavigationServiceAccessMsgReceiver@@UAEPAXI@Z 10003f00 f i NavigationServiceAccessSO.obj
 0001:00002f40       ?GetMessenger@GtfMsgExtReceiver@@QAEPAVGtfMessenger@@XZ 10003f40 f i NavigationServiceAccessSO.obj
 0001:00002f60       ?HandleInterface@GtfMsgExtReceiver@@UAEXKKGQAX@Z 10003f60 f i NavigationServiceAccessSO.obj
 0001:00002f70       ?HandleInterface@NavigationServiceAccessMsgReceiver@@UAEXKKGQAX@Z 10003f70 f   NavigationServiceAccessSO.obj
 0001:00002fc0       ?HandleMessage@GtfMsgExtReceiver@@UAEXUGtfMsgHandle@@@Z 10003fc0 f i NavigationServiceAccessSO.obj
 0001:00002fd0       ?HandleMessage@NavigationServiceAccessMsgReceiver@@UAEXUGtfMsgHandle@@@Z 10003fd0 f   NavigationServiceAccessSO.obj
 0001:00002fe0       ?HandleRunlevel@GtfMsgExtReceiver@@UAEGGC@Z 10003fe0 f i NavigationServiceAccessSO.obj
 0001:00003000       ?HandleRunlevel@NavigationServiceAccessMsgReceiver@@UAEGGC@Z 10004000 f   NavigationServiceAccessSO.obj
 0001:000031c0       ?Init@GtfMsgExtReceiver@@QAEXAAVGtfPluginLoader@@@Z 100041c0 f i NavigationServiceAccessSO.obj
 0001:00003200       ?IsAsyncReceiver@GtfMsgExtReceiver@@UAE_NXZ 10004200 f i NavigationServiceAccessSO.obj
 0001:00003210       ?LockRunlevel@NavigationServiceAccessMsgReceiver@@AAEXXZ 10004210 f   NavigationServiceAccessSO.obj
 0001:00003290       ?PerformTask@GtfMsgExtReceiver@@UAEXAAVTask@gtf@@@Z 10004290 f i NavigationServiceAccessSO.obj
 0001:000032a0       ?RequestShutdownOnFailure@NavigationServiceAccessMsgReceiver@@AAEXXZ 100042a0 f   NavigationServiceAccessSO.obj
 0001:000033a0       ?UnlockRunlevel@NavigationServiceAccessMsgReceiver@@AAEXXZ 100043a0 f   NavigationServiceAccessSO.obj
 0001:00003420       ?create@?$GtfPluginFactory@VNavigationServiceAccessMsgReceiver@@@@SAPAVGtfPlugin@@XZ 10004420 f i NavigationServiceAccessSO.obj
 0001:00003470       ?destroy@?$GtfPluginFactory@VNavigationServiceAccessMsgReceiver@@@@SAXQAVGtfPlugin@@@Z 10004470 f i NavigationServiceAccessSO.obj
 0001:000034c0       ?getInterfaceId@GtfPlugin@@UAEKXZ 100044c0 f i NavigationServiceAccessSO.obj
 0001:000034e0       ?getVersion@GtfPlugin@@UAEKXZ 100044e0 f i NavigationServiceAccessSO.obj
 0001:00003500       ?invoke@?$VoidMethodInvoker0@VNavigationServiceAccessMsgReceiver@@X@@SAXPBUFunctionDataHolder@@@Z 10004500 f i NavigationServiceAccessSO.obj
 0001:00003530       ?setInterface@?$GtfPluginFactory@VNavigationServiceAccessMsgReceiver@@@@UAEXKKQAX@Z 10004530 f i NavigationServiceAccessSO.obj
 0001:00003570       ?shutdown@NavigationServiceAccessMsgReceiver@@QAEXXZ 10004570 f   NavigationServiceAccessSO.obj
 0001:000035c0       ?start@?$GtfPluginFactory@VNavigationServiceAccessMsgReceiver@@@@UAE_NXZ 100045c0 f i NavigationServiceAccessSO.obj
 0001:00003600       ?startup@NavigationServiceAccessMsgReceiver@@QAEXAAVGtfPluginLoader@@@Z 10004600 f   NavigationServiceAccessSO.obj
 0001:00003690       ?stop@?$GtfPluginFactory@VNavigationServiceAccessMsgReceiver@@@@UAEXXZ 10004690 f i NavigationServiceAccessSO.obj
 0001:000036c0       _gtf_createPlugin          100046c0 f   NavigationServiceAccessSO.obj
 0001:000036d0       _gtf_destroyPlugin         100046d0 f   NavigationServiceAccessSO.obj
 0001:000036e6       _gtf_mem_malloc            100046e6 f   GtfCommon:GtfCommon.dll
 0001:000036ec       _gtf_mem_free              100046ec f   GtfCommon:GtfCommon.dll
 0001:00003700       __get_purecall_handler     10004700 f   LIBCMTD:purevirt.obj
 0001:00003720       __purecall                 10004720 f   LIBCMTD:purevirt.obj
 0001:00003760       __set_purecall_handler     10004760 f   LIBCMTD:purevirt.obj
 0001:00003790       ??3@YAXPAX@Z               10004790 f   LIBCMTD:dbgdel.obj
 0001:00003880       ___onexitinit              10004880 f   LIBCMTD:onexit.obj
 0001:000038e0       __onexit                   100048e0 f   LIBCMTD:onexit.obj
 0001:00003aa0       _atexit                    10004aa0 f   LIBCMTD:onexit.obj
 0001:00003ad0       @__security_check_cookie@4 10004ad0 f   LIBCMTD:secchk.obj
 0001:00003ae0       __fpmath                   10004ae0 f   LIBCMTD:fpinit.obj
 0001:00003b00       ___setfflag                10004b00 f   LIBCMTD:fpinit.obj
 0001:00003b20       __cfltcvt_init             10004b20 f   LIBCMTD:fpinit.obj
 0001:00003be0       __CRT_INIT@12              10004be0 f   LIBCMTD:dllcrt0.obj
 0001:00003e30       __DllMainCRTStartup@12     10004e30 f   LIBCMTD:dllcrt0.obj
 0001:00004020       ___DllXcptFilter           10005020 f   LIBCMTD:dllcrt0.obj
 0001:00004050       __FF_MSGBANNER             10005050 f   LIBCMTD:crt0msg.obj
 0001:000040a0       __GET_RTERRMSG             100050a0 f   LIBCMTD:crt0msg.obj
 0001:000040e0       __NMSG_WRITE               100050e0 f   LIBCMTD:crt0msg.obj
 0001:000044a0       __invoke_watson_if_error   100054a0 f i LIBCMTD:crt0msg.obj
 0001:000044d0       __set_abort_behavior       100054d0 f   LIBCMTD:abort.obj
 0001:00004500       _abort                     10005500 f   LIBCMTD:abort.obj
 0001:00004570       ___getlocaleinfo           10005570 f   LIBCMTD:inithelp.obj
 0001:00004870       __initp_misc_purevirt      10005870 f   LIBCMTD:inithelp.obj
 0001:00004880       __lock                     10005880 f   LIBCMTD:mlock.obj
 0001:000048c0       __lockerr_exit             100058c0 f   LIBCMTD:mlock.obj
 0001:000048f0       __mtdeletelocks            100058f0 f   LIBCMTD:mlock.obj
 0001:000049b0       __mtinitlocknum            100059b0 f   LIBCMTD:mlock.obj
 0001:00004ad0       __mtinitlocks              10005ad0 f   LIBCMTD:mlock.obj
 0001:00004b50       __unlock                   10005b50 f   LIBCMTD:mlock.obj
 0001:00004b70       ?_CrtDbgReportW@@YAHHPBGH00ZZ 10005b70 f   LIBCMTD:dbgrptw.obj
 0001:00004bc0       __CrtDbgReportW            10005bc0 f   LIBCMTD:dbgrptw.obj
 0001:00004c10       __CrtDbgReportWV           10005c10 f i LIBCMTD:dbgrptw.obj
 0001:00004c40       __CrtSetReportHookW2       10005c40 f   LIBCMTD:dbgrptw.obj
 0001:00004f90       ___crtMessageWindowW       10005f90 f   LIBCMTD:dbgrptw.obj
 0001:00005440       __invoke_watson_if_oneof   10006440 f i LIBCMTD:dbgrptw.obj
 0001:00005480       ??0_LocaleUpdate@@QAE@PAUlocaleinfo_struct@@@Z 10006480 f i LIBCMTD:dbgheap.obj
 0001:00005560       ??1_LocaleUpdate@@QAE@XZ   10006560 f i LIBCMTD:dbgheap.obj
 0001:00005590       ?GetLocaleT@_LocaleUpdate@@QAEPAUlocaleinfo_struct@@XZ 10006590 f i LIBCMTD:dbgheap.obj
 0001:00005a30       __CrtCheckMemory           10006a30 f   LIBCMTD:dbgheap.obj
 0001:00005e90       __CrtDoForAllClientObjects 10006e90 f   LIBCMTD:dbgheap.obj
 0001:00005fc0       __CrtDumpMemoryLeaks       10006fc0 f   LIBCMTD:dbgheap.obj
 0001:00006060       __CrtGetAllocHook          10007060 f   LIBCMTD:dbgheap.obj
 0001:00006070       __CrtGetCheckCount         10007070 f   LIBCMTD:dbgheap.obj
 0001:00006080       __CrtGetDumpClient         10007080 f   LIBCMTD:dbgheap.obj
 0001:00006090       __CrtIsMemoryBlock         10007090 f   LIBCMTD:dbgheap.obj
 0001:00006200       __CrtIsValidHeapPointer    10007200 f   LIBCMTD:dbgheap.obj
 0001:00006240       __CrtIsValidPointer        10007240 f   LIBCMTD:dbgheap.obj
 0001:00006270       __CrtMemCheckpoint         10007270 f   LIBCMTD:dbgheap.obj
 0001:000064a0       __CrtMemDifference         100074a0 f   LIBCMTD:dbgheap.obj
 0001:00006700       __CrtMemDumpAllObjectsSince 10007700 f   LIBCMTD:dbgheap.obj
 0001:00006740       __CrtMemDumpStatistics     10007740 f   LIBCMTD:dbgheap.obj
 0001:00006860       __CrtReportBlockType       10007860 f   LIBCMTD:dbgheap.obj
 0001:00006890       __CrtSetAllocHook          10007890 f   LIBCMTD:dbgheap.obj
 0001:000068b0       __CrtSetBreakAlloc         100078b0 f   LIBCMTD:dbgheap.obj
 0001:000068d0       __CrtSetCheckCount         100078d0 f   LIBCMTD:dbgheap.obj
 0001:000068f0       __CrtSetDbgBlockType       100078f0 f   LIBCMTD:dbgheap.obj
 0001:000069e0       __CrtSetDbgFlag            100079e0 f   LIBCMTD:dbgheap.obj
 0001:00006b30       __CrtSetDebugFillThreshold 10007b30 f   LIBCMTD:dbgheap.obj
 0001:00006b50       __CrtSetDumpClient         10007b50 f   LIBCMTD:dbgheap.obj
 0001:00006b70       __aligned_free             10007b70 f   LIBCMTD:dbgheap.obj
 0001:00006b90       __aligned_free_dbg         10007b90 f   LIBCMTD:dbgheap.obj
 0001:00006c40       __aligned_malloc           10007c40 f   LIBCMTD:dbgheap.obj
 0001:00006c60       __aligned_malloc_dbg       10007c60 f   LIBCMTD:dbgheap.obj
 0001:00006c80       __aligned_msize            10007c80 f   LIBCMTD:dbgheap.obj
 0001:00006ca0       __aligned_msize_dbg        10007ca0 f   LIBCMTD:dbgheap.obj
 0001:00006dc0       __aligned_offset_malloc    10007dc0 f   LIBCMTD:dbgheap.obj
 0001:00006de0       __aligned_offset_malloc_dbg 10007de0 f   LIBCMTD:dbgheap.obj
 0001:00006fc0       __aligned_offset_realloc   10007fc0 f   LIBCMTD:dbgheap.obj
 0001:00006ff0       __aligned_offset_realloc_dbg 10007ff0 f   LIBCMTD:dbgheap.obj
 0001:00007300       __aligned_offset_recalloc  10008300 f   LIBCMTD:dbgheap.obj
 0001:00007330       __aligned_offset_recalloc_dbg 10008330 f   LIBCMTD:dbgheap.obj
 0001:000073f0       __aligned_realloc          100083f0 f   LIBCMTD:dbgheap.obj
 0001:00007410       __aligned_realloc_dbg      10008410 f   LIBCMTD:dbgheap.obj
 0001:00007440       __aligned_recalloc         10008440 f   LIBCMTD:dbgheap.obj
 0001:00007470       __aligned_recalloc_dbg     10008470 f   LIBCMTD:dbgheap.obj
 0001:000074a0       __calloc_dbg               100084a0 f   LIBCMTD:dbgheap.obj
 0001:00007500       __calloc_dbg_impl          10008500 f   LIBCMTD:dbgheap.obj
 0001:00007580       __expand                   10008580 f   LIBCMTD:dbgheap.obj
 0001:000075b0       __expand_dbg               100085b0 f   LIBCMTD:dbgheap.obj
 0001:000076e0       __free_dbg                 100086e0 f   LIBCMTD:dbgheap.obj
 0001:00007760       __free_dbg_nolock          10008760 f   LIBCMTD:dbgheap.obj
 0001:00007c60       __free_nolock              10008c60 f   LIBCMTD:dbgheap.obj
 0001:00007c80       __heap_alloc               10008c80 f   LIBCMTD:dbgheap.obj
 0001:00007ca0       __heap_alloc_dbg           10008ca0 f   LIBCMTD:dbgheap.obj
 0001:000080c0       __malloc_dbg               100090c0 f   LIBCMTD:dbgheap.obj
 0001:000080f0       __msize                    100090f0 f   LIBCMTD:dbgheap.obj
 0001:00008110       __msize_dbg                10009110 f   LIBCMTD:dbgheap.obj
 0001:00008320       __nh_malloc                10009320 f   LIBCMTD:dbgheap.obj
 0001:00008340       __nh_malloc_dbg            10009340 f   LIBCMTD:dbgheap.obj
 0001:000085d0       __realloc_dbg              100095d0 f   LIBCMTD:dbgheap.obj
 0001:00008670       __recalloc                 10009670 f   LIBCMTD:dbgheap.obj
 0001:000086a0       __recalloc_dbg             100096a0 f   LIBCMTD:dbgheap.obj
 0001:00008dc0       __except_handler4          10009dc0 f   LIBCMTD:chandler4.obj
 0001:00008f80       ___copy_path_to_wide_string 10009f80 f   LIBCMTD:crt0dat.obj
 0001:00009170       ___copy_to_char            1000a170 f   LIBCMTD:crt0dat.obj
 0001:00009360       ___crtCorExitProcess       1000a360 f   LIBCMTD:crt0dat.obj
 0001:000093a0       ___crtExitProcess          1000a3a0 f   LIBCMTD:crt0dat.obj
 0001:000093c0       ___freeCrtMemory           1000a3c0 f   LIBCMTD:crt0dat.obj
 0001:00009590       __amsg_exit                1000a590 f   LIBCMTD:crt0dat.obj
 0001:000095b0       __c_exit                   1000a5b0 f   LIBCMTD:crt0dat.obj
 0001:000095d0       __cexit                    1000a5d0 f   LIBCMTD:crt0dat.obj
 0001:000095f0       __cinit                    1000a5f0 f   LIBCMTD:crt0dat.obj
 0001:00009690       __exit                     1000a690 f   LIBCMTD:crt0dat.obj
 0001:000096b0       __exit_app                 1000a6b0 f   LIBCMTD:crt0dat.obj
 0001:000096d0       __get_pgmptr               1000a6d0 f   LIBCMTD:crt0dat.obj
 0001:000097f0       __get_wpgmptr              1000a7f0 f   LIBCMTD:crt0dat.obj
 0001:00009910       __init_pointers            1000a910 f   LIBCMTD:crt0dat.obj
 0001:000099a0       __initterm_e               1000a9a0 f   LIBCMTD:crt0dat.obj
 0001:000099e0       __lockexit                 1000a9e0 f   LIBCMTD:crt0dat.obj
 0001:000099f0       __unlockexit               1000a9f0 f   LIBCMTD:crt0dat.obj
 0001:00009bf0       _exit                      1000abf0 f   LIBCMTD:crt0dat.obj
 0001:00009c10       ___raise_securityfailure   1000ac10 f   LIBCMTD:gs_report.obj
 0001:00009c60       ___report_gsfailure        1000ac60 f   LIBCMTD:gs_report.obj
 0001:00009d70       ___report_rangecheckfailure 1000ad70 f   LIBCMTD:gs_report.obj
 0001:00009d80       ___report_securityfailure  1000ad80 f   LIBCMTD:gs_report.obj
 0001:00009e60       ___report_securityfailureEx 1000ae60 f   LIBCMTD:gs_report.obj
 0001:00009f90       ?strrchr@@YAPADPADH@Z      1000af90 f i LIBCMTD:cvt.obj
 0001:00009fb0       __cfltcvt                  1000afb0 f   LIBCMTD:cvt.obj
 0001:00009fe0       __cfltcvt_l                1000afe0 f   LIBCMTD:cvt.obj
 0001:0000a0a0       __cftoa                    1000b0a0 f   LIBCMTD:cvt.obj
 0001:0000a0d0       __cftoa_l                  1000b0d0 f   LIBCMTD:cvt.obj
 0001:0000a940       __cftoe                    1000b940 f   LIBCMTD:cvt.obj
 0001:0000ad80       __cftoe_l                  1000bd80 f   LIBCMTD:cvt.obj
 0001:0000afb0       __cftof                    1000bfb0 f   LIBCMTD:cvt.obj
 0001:0000b260       __cftof_l                  1000c260 f   LIBCMTD:cvt.obj
 0001:0000b460       __cftog                    1000c460 f   LIBCMTD:cvt.obj
 0001:0000b490       __cftog_l                  1000c490 f   LIBCMTD:cvt.obj
 0001:0000b720       __cropzeros                1000c720 f   LIBCMTD:cvt.obj
 0001:0000b740       __cropzeros_l              1000c740 f   LIBCMTD:cvt.obj
 0001:0000b860       __fassign                  1000c860 f   LIBCMTD:cvt.obj
 0001:0000b880       __fassign_l                1000c880 f   LIBCMTD:cvt.obj
 0001:0000b8d0       __forcdecpt                1000c8d0 f   LIBCMTD:cvt.obj
 0001:0000b8f0       __forcdecpt_l              1000c8f0 f   LIBCMTD:cvt.obj
 0001:0000b9c0       __positive                 1000c9c0 f   LIBCMTD:cvt.obj
 0001:0000ba20       __setdefaultprecision      1000ca20 f   LIBCMTD:fp8.obj
 0001:0000ba60       __initp_misc_cfltcvt_tab   1000ca60 f   LIBCMTD:cmiscdat.obj
 0001:0000baa0       __XcptFilter               1000caa0 f   LIBCMTD:winxfltr.obj
 0001:0000bca0       ___CppXcptFilter           1000cca0 f   LIBCMTD:winxfltr.obj
 0001:0000bd30       ___get_flsindex            1000cd30 f   LIBCMTD:tidtable.obj
 0001:0000bd40       ___threadhandle            1000cd40 f   LIBCMTD:tidtable.obj
 0001:0000bd50       ___threadid                1000cd50 f   LIBCMTD:tidtable.obj
 0001:0000bd60       __freefls@4                1000cd60 f   LIBCMTD:tidtable.obj
 0001:0000bf60       __freeptd                  1000cf60 f   LIBCMTD:tidtable.obj
 0001:0000bfa0       __getptd                   1000cfa0 f   LIBCMTD:tidtable.obj
 0001:0000bfd0       __getptd_noexit            1000cfd0 f   LIBCMTD:tidtable.obj
 0001:0000c080       __initptd                  1000d080 f   LIBCMTD:tidtable.obj
 0001:0000c1c0       __mtinit                   1000d1c0 f   LIBCMTD:tidtable.obj
 0001:0000c270       __mtterm                   1000d270 f   LIBCMTD:tidtable.obj
 0001:0000c2a0       __get_heap_handle          1000d2a0 f   LIBCMTD:heapinit.obj
 0001:0000c2e0       __heap_init                1000d2e0 f   LIBCMTD:heapinit.obj
 0001:0000c310       __heap_term                1000d310 f   LIBCMTD:heapinit.obj
 0001:0000c320       __ioinit                   1000d320 f   LIBCMTD:ioinit.obj
 0001:0000c800       __ioterm                   1000d800 f   LIBCMTD:ioinit.obj
 0001:0000c8a0       __set_pgmptr               1000d8a0 f i LIBCMTD:stdargv.obj
 0001:0000c8b0       __setargv                  1000d8b0 f   LIBCMTD:stdargv.obj
 0001:0000cd80       __setenvp                  1000dd80 f   LIBCMTD:stdenvp.obj
 0001:0000cf20       ___security_init_cookie    1000df20 f   LIBCMTD:gs_support.obj
 0001:0000d000       _DllMain@12                1000e000 f   LIBCMTD:dllmain.obj
 0001:0000d010       ___crtGetEnvironmentStringsA 1000e010 f   LIBCMTD:a_env.obj
 0001:0000d160       ___crtCloseThreadpoolTimer 1000e160 f   LIBCMTD:winapisupp.obj
 0001:0000d190       ___crtCloseThreadpoolWait  1000e190 f   LIBCMTD:winapisupp.obj
 0001:0000d1c0       ___crtCreateEventExW       1000e1c0 f   LIBCMTD:winapisupp.obj
 0001:0000d220       ___crtCreateSemaphoreExW   1000e220 f   LIBCMTD:winapisupp.obj
 0001:0000d280       ___crtCreateSymbolicLinkW  1000e280 f   LIBCMTD:winapisupp.obj
 0001:0000d2c0       ___crtCreateThreadpoolTimer 1000e2c0 f   LIBCMTD:winapisupp.obj
 0001:0000d300       ___crtCreateThreadpoolWait 1000e300 f   LIBCMTD:winapisupp.obj
 0001:0000d340       ___crtFlsAlloc             1000e340 f   LIBCMTD:winapisupp.obj
 0001:0000d370       ___crtFlsFree              1000e370 f   LIBCMTD:winapisupp.obj
 0001:0000d3b0       ___crtFlsGetValue          1000e3b0 f   LIBCMTD:winapisupp.obj
 0001:0000d3f0       ___crtFlsSetValue          1000e3f0 f   LIBCMTD:winapisupp.obj
 0001:0000d430       ___crtFlushProcessWriteBuffers 1000e430 f   LIBCMTD:winapisupp.obj
 0001:0000d460       ___crtFreeLibraryWhenCallbackReturns 1000e460 f   LIBCMTD:winapisupp.obj
 0001:0000d490       ___crtGetCurrentProcessorNumber 1000e490 f   LIBCMTD:winapisupp.obj
 0001:0000d4c0       ___crtGetFileInformationByHandleEx 1000e4c0 f   LIBCMTD:winapisupp.obj
 0001:0000d500       ___crtGetLogicalProcessorInformation 1000e500 f   LIBCMTD:winapisupp.obj
 0001:0000d540       ___crtGetShowWindowMode    1000e540 f   LIBCMTD:winapisupp.obj
 0001:0000d570       ___crtGetTickCount64       1000e570 f   LIBCMTD:winapisupp.obj
 0001:0000d5a0       ___crtInitializeCriticalSectionEx 1000e5a0 f   LIBCMTD:winapisupp.obj
 0001:0000d5f0       ___crtIsPackagedApp        1000e5f0 f   LIBCMTD:winapisupp.obj
 0001:0000d630       ___crtLoadWinApiPointers   1000e630 f   LIBCMTD:winapisupp.obj
 0001:0000dad0       ___crtSetFileInformationByHandle 1000ead0 f   LIBCMTD:winapisupp.obj
 0001:0000db10       ___crtSetThreadStackGuarantee 1000eb10 f   LIBCMTD:winapisupp.obj
 0001:0000db40       ___crtSetThreadpoolTimer   1000eb40 f   LIBCMTD:winapisupp.obj
 0001:0000db80       ___crtSetThreadpoolWait    1000eb80 f   LIBCMTD:winapisupp.obj
 0001:0000dbb0       ___crtSetUnhandledExceptionFilter 1000ebb0 f   LIBCMTD:winapisupp.obj
 0001:0000dbc0       ___crtSleep                1000ebc0 f   LIBCMTD:winapisupp.obj
 0001:0000dbd0       ___crtTerminateProcess     1000ebd0 f   LIBCMTD:winapisupp.obj
 0001:0000dbf0       ___crtUnhandledException   1000ebf0 f   LIBCMTD:winapisupp.obj
 0001:0000dc10       ___crtWaitForThreadpoolTimerCallbacks 1000ec10 f   LIBCMTD:winapisupp.obj
 0001:0000dc40       __RTC_Initialize           1000ec40 f   LIBCMTD:initsect.obj
 0001:0000dc70       __RTC_Terminate            1000ec70 f   LIBCMTD:initsect.obj
 0001:0000dca0       ?_invalid_parameter@@YAXPBG00II@Z 1000eca0 f   LIBCMTD:invarg.obj
 0001:0000dcd0       ?_invoke_watson@@YAXPBG00II@Z 1000ecd0 f   LIBCMTD:invarg.obj
 0001:0000dcf0       __call_reportfault         1000ecf0 f   LIBCMTD:invarg.obj
 0001:0000de50       __get_invalid_parameter_handler 1000ee50 f   LIBCMTD:invarg.obj
 0001:0000de80       __initp_misc_invarg        1000ee80 f   LIBCMTD:invarg.obj
 0001:0000de90       __invalid_parameter        1000ee90 f   LIBCMTD:invarg.obj
 0001:0000def0       __invoke_watson            1000eef0 f   LIBCMTD:invarg.obj
 0001:0000df30       __set_invalid_parameter_handler 1000ef30 f   LIBCMTD:invarg.obj
 0001:0000df70       _strlen                    1000ef70 f   LIBCMTD:strlen.obj
 0001:0000e000       _wcscat_s                  1000f000 f   LIBCMTD:wcscat_s.obj
 0001:0000e410       _wcscpy_s                  1000f410 f   LIBCMTD:wcscpy_s.obj
 0001:0000e720       _wcslen                    1000f720 f   LIBCMTD:wcslen.obj
 0001:0000e760       _wcsncpy_s                 1000f760 f   LIBCMTD:wcsncpy_s.obj
 0001:0000eb90       ___set_app_type            1000fb90 f   LIBCMTD:errmode.obj
 0001:0000eba0       __set_error_mode           1000fba0 f   LIBCMTD:errmode.obj
 0001:0000ec60       ___crtMessageBoxW          1000fc60 f   LIBCMTD:crtmboxw.obj
 0001:0000ef70       ___crtMessageBoxWaitThreadW@4 1000ff70 f   LIBCMTD:crtmboxw.obj
 0001:0000efb0       ___fpecode                 1000ffb0 f   LIBCMTD:winsig.obj
 0001:0000efc0       ___get_sigabrt             1000ffc0 f   LIBCMTD:winsig.obj
 0001:0000efe0       ___pxcptinfoptrs           1000ffe0 f   LIBCMTD:winsig.obj
 0001:0000eff0       __initp_misc_winsig        1000fff0 f   LIBCMTD:winsig.obj
 0001:0000f120       _raise                     10010120 f   LIBCMTD:winsig.obj
 0001:0000f4b0       _signal                    100104b0 f   LIBCMTD:winsig.obj
 0001:0000f860       _strncpy_s                 10010860 f   LIBCMTD:strncpy_s.obj
 0001:0000fdb0       __MallocaIsSizeInRange     10010db0 f i LIBCMTD:a_loc.obj
 0001:0000fde0       __MarkAllocaS              10010de0 f i LIBCMTD:a_loc.obj
 0001:0000fe00       ___crtGetLocaleInfoA       10010e00 f   LIBCMTD:a_loc.obj
 0001:0000fe50       __freea                    10010e50 f i LIBCMTD:a_loc.obj
 0001:0000fec0       _GetTableIndexFromLcid     10010ec0 f   LIBCMTD:winapinls.obj
 0001:0000ff30       _GetTableIndexFromLocaleName 10010f30 f   LIBCMTD:winapinls.obj
 0001:0000ffc0       ___crtCompareStringEx      10010fc0 f   LIBCMTD:winapinls.obj
 0001:00010030       ___crtDownlevelLCIDToLocaleName 10011030 f   LIBCMTD:winapinls.obj
 0001:00010100       ___crtDownlevelLocaleNameToLCID 10011100 f   LIBCMTD:winapinls.obj
 0001:00010160       ___crtEnumSystemLocalesEx  10011160 f   LIBCMTD:winapinls.obj
 0001:000101d0       ___crtGetDateFormatEx      100111d0 f   LIBCMTD:winapinls.obj
 0001:00010240       ___crtGetLocaleInfoEx      10011240 f   LIBCMTD:winapinls.obj
 0001:000102a0       ___crtGetTimeFormatEx      100112a0 f   LIBCMTD:winapinls.obj
 0001:00010310       ___crtGetUserDefaultLocaleName 10011310 f   LIBCMTD:winapinls.obj
 0001:00010360       ___crtIsValidLocaleName    10011360 f   LIBCMTD:winapinls.obj
 0001:000103a0       ___crtLCMapStringEx        100113a0 f   LIBCMTD:winapinls.obj
 0001:00010410       ___wcsnicmp_ascii          10011410 f   LIBCMTD:winapinls.obj
 0001:000104e0       ___doserrno                100114e0 f   LIBCMTD:dosmap.obj
 0001:00010510       __dosmaperr                10011510 f   LIBCMTD:dosmap.obj
 0001:00010540       __errno                    10011540 f   LIBCMTD:dosmap.obj
 0001:00010570       __get_doserrno             10011570 f   LIBCMTD:dosmap.obj
 0001:00010600       __get_errno                10011600 f   LIBCMTD:dosmap.obj
 0001:00010690       __get_errno_from_oserr     10011690 f   LIBCMTD:dosmap.obj
 0001:00010710       __set_doserrno             10011710 f   LIBCMTD:dosmap.obj
 0001:00010740       __set_errno                10011740 f   LIBCMTD:dosmap.obj
 0001:00010770       _memcpy_s                  10011770 f   LIBCMTD:memcpy_s.obj
 0001:00010940       ___swprintf_l              10011940 f   LIBCMTD:swprintf.obj
 0001:00010970       __scwprintf                10011970 f   LIBCMTD:swprintf.obj
 0001:00010990       __scwprintf_l              10011990 f   LIBCMTD:swprintf.obj
 0001:000109c0       __scwprintf_p              100119c0 f   LIBCMTD:swprintf.obj
 0001:000109e0       __scwprintf_p_l            100119e0 f   LIBCMTD:swprintf.obj
 0001:00010a10       __snwprintf_s              10011a10 f   LIBCMTD:swprintf.obj
 0001:00010a40       __snwprintf_s_l            10011a40 f   LIBCMTD:swprintf.obj
 0001:00010a70       __swprintf                 10011a70 f   LIBCMTD:swprintf.obj
 0001:00010c90       __swprintf_p               10011c90 f   LIBCMTD:swprintf.obj
 0001:00010cc0       __swprintf_p_l             10011cc0 f   LIBCMTD:swprintf.obj
 0001:00010cf0       __swprintf_s_l             10011cf0 f   LIBCMTD:swprintf.obj
 0001:00010d20       _swprintf_s                10011d20 f   LIBCMTD:swprintf.obj
 0001:00010d50       __CrtDbgBreak              10011d50 f   LIBCMTD:dbgrptt.obj
 0001:00010d60       __CrtGetReportHook         10011d60 f   LIBCMTD:dbgrptt.obj
 0001:00010d70       __CrtSetReportFile         10011d70 f   LIBCMTD:dbgrptt.obj
 0001:00010e70       __CrtSetReportHook         10011e70 f   LIBCMTD:dbgrptt.obj
 0001:00010e90       __CrtSetReportMode         10011e90 f   LIBCMTD:dbgrptt.obj
 0001:00010fd0       __VCrtDbgReportA           10011fd0 f   LIBCMTD:dbgrptt.obj
 0001:00011840       __VCrtDbgReportW           10012840 f   LIBCMTD:dbgrptt.obj
 0001:000121c0       __chkstk                   100131c0 f   LIBCMTD:chkstk.obj
 0001:000121c0       __alloca_probe             100131c0 f   LIBCMTD:chkstk.obj
 0001:000121f0       ___addlocaleref            100131f0 f   LIBCMTD:localref.obj
 0001:00012310       ___freetlocinfo            10013310 f   LIBCMTD:localref.obj
 0001:00012600       ___removelocaleref         10013600 f   LIBCMTD:localref.obj
 0001:00012720       ___updatetlocinfo          10013720 f   LIBCMTD:localref.obj
 0001:000127f0       __updatetlocinfoEx_nolock  100137f0 f   LIBCMTD:localref.obj
 0001:00012870       ___initmbctable            10013870 f   LIBCMTD:mbctype.obj
 0001:00012e90       ___updatetmbcinfo          10013e90 f   LIBCMTD:mbctype.obj
 0001:00012fb0       __getmbcp                  10013fb0 f   LIBCMTD:mbctype.obj
 0001:00013020       __setmbcp                  10014020 f   LIBCMTD:mbctype.obj
 0001:000132c0       __setmbcp_nolock           100142c0 f   LIBCMTD:mbctype.obj
 0001:00013640       __chvalidator              10014640 f   LIBCMTD:isctype.obj
 0001:00013690       __chvalidator_l            10014690 f   LIBCMTD:isctype.obj
 0001:00013750       __isctype                  10014750 f   LIBCMTD:isctype.obj
 0001:00013790       __isctype_l                10014790 f   LIBCMTD:isctype.obj
 0001:000138e0       _memcpy                    100148e0 f   LIBCMTD:memcpy.obj
 0001:00013f30       _memset                    10014f30 f   LIBCMTD:memset.obj
 0001:00013fc0       __free_base                10014fc0 f   LIBCMTD:free.obj
 0001:00014010       __realloc_base             10015010 f   LIBCMTD:realloc.obj
 0001:00014110       __expand_base              10015110 f   LIBCMTD:expand.obj
 0001:00014280       __CrtDbgReport             10015280 f   LIBCMTD:dbgrpt.obj
 0001:000142d0       __CrtDbgReportV            100152d0 f i LIBCMTD:dbgrpt.obj
 0001:00014300       __CrtSetReportHook2        10015300 f   LIBCMTD:dbgrpt.obj
 0001:00014650       ___crtMessageWindowA       10015650 f   LIBCMTD:dbgrpt.obj
 0001:00014b00       ?_query_new_handler@@YAP6AHI@ZXZ 10015b00 f   LIBCMTD:handler.obj
 0001:00014b20       ?_set_new_handler@@YAP6AHI@ZH@Z 10015b20 f   LIBCMTD:handler.obj
 0001:00014b60       ?_set_new_handler@@YAP6AHI@ZP6AHI@Z@Z 10015b60 f   LIBCMTD:handler.obj
 0001:00014ba0       __callnewh                 10015ba0 f   LIBCMTD:handler.obj
 0001:00014be0       __initp_heap_handler       10015be0 f   LIBCMTD:handler.obj
 0001:00014bf0       __heapchk                  10015bf0 f   LIBCMTD:heapchk.obj
 0001:00014c20       __heapset                  10015c20 f   LIBCMTD:heapchk.obj
 0001:00014c30       __scprintf                 10015c30 f   LIBCMTD:sprintf.obj
 0001:00014c50       __scprintf_l               10015c50 f   LIBCMTD:sprintf.obj
 0001:00014c80       __scprintf_p               10015c80 f   LIBCMTD:sprintf.obj
 0001:00014ca0       __scprintf_p_l             10015ca0 f   LIBCMTD:sprintf.obj
 0001:00014cd0       __snprintf_s               10015cd0 f   LIBCMTD:sprintf.obj
 0001:00014d00       __snprintf_s_l             10015d00 f   LIBCMTD:sprintf.obj
 0001:00014d30       __sprintf_l                10015d30 f   LIBCMTD:sprintf.obj
 0001:00014d60       __sprintf_p                10015d60 f   LIBCMTD:sprintf.obj
 0001:00014d90       __sprintf_p_l              10015d90 f   LIBCMTD:sprintf.obj
 0001:00014dc0       __sprintf_s_l              10015dc0 f   LIBCMTD:sprintf.obj
 0001:00014df0       _sprintf                   10015df0 f   LIBCMTD:sprintf.obj
 0001:00014fb0       _sprintf_s                 10015fb0 f   LIBCMTD:sprintf.obj
 0001:00014fe0       __heap_alloc_base          10015fe0 f i LIBCMTD:malloc.obj
 0001:00015040       __malloc_base              10016040 f   LIBCMTD:malloc.obj
 0001:000150d0       __CrtDefaultAllocHook      100160d0 f   LIBCMTD:dbghook.obj
 0001:000150e0       __crt_debugger_hook        100160e0 f   LIBCMTD:dbghook.obj
 0001:000150f0       __FindPESection            100160f0 f   LIBCMTD:pesect.obj
 0001:00015170       __IsNonwritableInCurrentImage 10016170 f   LIBCMTD:pesect.obj
 0001:000152a0       __ValidateImageBase        100162a0 f   LIBCMTD:pesect.obj
 0001:00015300       __local_unwind4            10016300 f   LIBCMTD:exsup4.obj
 0001:000153d6       __seh_longjmp_unwind4@4    100163d6 f   LIBCMTD:exsup4.obj
 0001:000153f2       @_EH4_CallFilterFunc@8     100163f2 f   LIBCMTD:exsup4.obj
 0001:00015409       @_EH4_TransferToHandler@8  10016409 f   LIBCMTD:exsup4.obj
 0001:00015422       @_EH4_GlobalUnwind2@8      10016422 f   LIBCMTD:exsup4.obj
 0001:0001543b       @_EH4_LocalUnwind@16       1001643b f   LIBCMTD:exsup4.obj
 0001:00015460       ?_inconsistency@@YAXXZ     10016460 f   LIBCMTD:hooks.obj
 0001:000154f0       ?terminate@@YAXXZ          100164f0 f   LIBCMTD:hooks.obj
 0001:00015570       ?unexpected@@YAXXZ         10016570 f   LIBCMTD:hooks.obj
 0001:000155a0       __initp_eh_hooks           100165a0 f   LIBCMTD:hooks.obj
 0001:000155c0       __initp_misc_rand_s        100165c0 f   LIBCMTD:rand_s.obj
 0001:000155d0       _rand_s                    100165d0 f   LIBCMTD:rand_s.obj
 0001:00015830       __ftbuf                    10016830 f   LIBCMTD:_sftbuf.obj
 0001:000158c0       __stbuf                    100168c0 f   LIBCMTD:_sftbuf.obj
 0001:00015a30       ___isascii                 10016a30 f i LIBCMTD:_ctype.obj
 0001:00015a60       ___iscsym                  10016a60 f i LIBCMTD:_ctype.obj
 0001:00015aa0       ___iscsymf                 10016aa0 f i LIBCMTD:_ctype.obj
 0001:00015ae0       ___toascii                 10016ae0 f i LIBCMTD:_ctype.obj
 0001:00015af0       __isalnum_l                10016af0 f i LIBCMTD:_ctype.obj
 0001:00015b70       __isalpha_l                10016b70 f i LIBCMTD:_ctype.obj
 0001:00015bf0       __isblank_l                10016bf0 f i LIBCMTD:_ctype.obj
 0001:00015c80       __iscntrl_l                10016c80 f i LIBCMTD:_ctype.obj
 0001:00015d00       __iscsym_l                 10016d00 f i LIBCMTD:_ctype.obj
 0001:00015d40       __iscsymf_l                10016d40 f i LIBCMTD:_ctype.obj
 0001:00015d80       __isdigit_l                10016d80 f i LIBCMTD:_ctype.obj
 0001:00015e00       __isgraph_l                10016e00 f i LIBCMTD:_ctype.obj
 0001:00015e80       __islower_l                10016e80 f i LIBCMTD:_ctype.obj
 0001:00015f00       __isprint_l                10016f00 f i LIBCMTD:_ctype.obj
 0001:00015f80       __ispunct_l                10016f80 f i LIBCMTD:_ctype.obj
 0001:00016000       __isspace_l                10017000 f i LIBCMTD:_ctype.obj
 0001:00016080       __isupper_l                10017080 f i LIBCMTD:_ctype.obj
 0001:00016100       __isxdigit_l               10017100 f i LIBCMTD:_ctype.obj
 0001:00016180       _isalnum                   10017180 f i LIBCMTD:_ctype.obj
 0001:000161c0       _isalpha                   100171c0 f i LIBCMTD:_ctype.obj
 0001:00016200       _isblank                   10017200 f i LIBCMTD:_ctype.obj
 0001:00016250       _iscntrl                   10017250 f i LIBCMTD:_ctype.obj
 0001:00016280       _isdigit                   10017280 f i LIBCMTD:_ctype.obj
 0001:000162b0       _isgraph                   100172b0 f i LIBCMTD:_ctype.obj
 0001:000162f0       _islower                   100172f0 f i LIBCMTD:_ctype.obj
 0001:00016320       _isprint                   10017320 f i LIBCMTD:_ctype.obj
 0001:00016360       _ispunct                   10017360 f i LIBCMTD:_ctype.obj
 0001:00016390       _isspace                   10017390 f i LIBCMTD:_ctype.obj
 0001:000163c0       _isupper                   100173c0 f i LIBCMTD:_ctype.obj
 0001:000163f0       _isxdigit                  100173f0 f i LIBCMTD:_ctype.obj
 0001:00016430       __tolower                  10017430 f   LIBCMTD:tolower.obj
 0001:00016440       __tolower_l                10017440 f   LIBCMTD:tolower.obj
 0001:00016680       _tolower                   10017680 f   LIBCMTD:tolower.obj
 0001:000166d0       _strcpy_s                  100176d0 f   LIBCMTD:strcpy_s.obj
 0001:000169d0       _memmove                   100179d0 f   LIBCMTD:memmove.obj
 0001:00017020       _strrchr                   10018020 f   LIBCMTD:strrchr.obj
 0001:00017160       __fptostr                  10018160 f   LIBCMTD:_fptostr.obj
 0001:00017480       ___crt_atoflt_l            10018480 f   LIBCMTD:atodbl.obj
 0001:00017590       __atodbl                   10018590 f   LIBCMTD:atodbl.obj
 0001:000175b0       __atodbl_l                 100185b0 f   LIBCMTD:atodbl.obj
 0001:000176b0       __atoflt                   100186b0 f   LIBCMTD:atodbl.obj
 0001:000176d0       __atoflt_l                 100186d0 f   LIBCMTD:atodbl.obj
 0001:000176f0       __atoldbl                  100186f0 f   LIBCMTD:atodbl.obj
 0001:00017710       __atoldbl_l                10018710 f   LIBCMTD:atodbl.obj
 0001:00017810       ___dtold                   10018810 f   LIBCMTD:cfout.obj
 0001:00017970       __fltout2                  10018970 f   LIBCMTD:cfout.obj
 0001:00017a20       __alldiv                   10018a20 f   LIBCMTD:lldiv.obj
 0001:00017ad0       __allrem                   10018ad0 f   LIBCMTD:llrem.obj
 0001:00017b90       __allshl                   10018b90 f   LIBCMTD:llshl.obj
 0001:00017bb0       __aullshr                  10018bb0 f   LIBCMTD:ullshr.obj
 0001:00017bd0       __get_output_format        10018bd0 f   LIBCMTD:outputformat.obj
 0001:00017be0       __set_output_format        10018be0 f   LIBCMTD:outputformat.obj
 0001:00017c80       __controlfp_s              10018c80 f   LIBCMTD:contrlfp.obj
 0001:00017d70       __fptrap                   10018d70 f   LIBCMTD:crt0fp.obj
 0001:00017d80       ___initstdio               10018d80 f   LIBCMTD:_file.obj
 0001:00017e50       ___endstdio                10018e50 f   LIBCMTD:_file.obj
 0001:00017e90       ___iob_func                10018e90 f   LIBCMTD:_file.obj
 0001:00017ea0       __lock_file                10018ea0 f   LIBCMTD:_file.obj
 0001:00017f00       __lock_file2               10018f00 f   LIBCMTD:_file.obj
 0001:00017f40       __unlock_file              10018f40 f   LIBCMTD:_file.obj
 0001:00017fa0       __unlock_file2             10018fa0 f   LIBCMTD:_file.obj
 0001:000180a0       __ismbbalnum               100190a0 f   LIBCMTD:ismbbyte.obj
 0001:000180c0       __ismbbalnum_l             100190c0 f   LIBCMTD:ismbbyte.obj
 0001:000180e0       __ismbbalpha               100190e0 f   LIBCMTD:ismbbyte.obj
 0001:00018100       __ismbbalpha_l             10019100 f   LIBCMTD:ismbbyte.obj
 0001:00018120       __ismbbblank               10019120 f   LIBCMTD:ismbbyte.obj
 0001:00018150       __ismbbblank_l             10019150 f   LIBCMTD:ismbbyte.obj
 0001:00018190       __ismbbgraph               10019190 f   LIBCMTD:ismbbyte.obj
 0001:000181b0       __ismbbgraph_l             100191b0 f   LIBCMTD:ismbbyte.obj
 0001:000181d0       __ismbbkalnum              100191d0 f   LIBCMTD:ismbbyte.obj
 0001:000181f0       __ismbbkalnum_l            100191f0 f   LIBCMTD:ismbbyte.obj
 0001:00018210       __ismbbkana                10019210 f   LIBCMTD:ismbbyte.obj
 0001:00018230       __ismbbkana_l              10019230 f   LIBCMTD:ismbbyte.obj
 0001:000182a0       __ismbbkprint              100192a0 f   LIBCMTD:ismbbyte.obj
 0001:000182c0       __ismbbkprint_l            100192c0 f   LIBCMTD:ismbbyte.obj
 0001:000182e0       __ismbbkpunct              100192e0 f   LIBCMTD:ismbbyte.obj
 0001:00018300       __ismbbkpunct_l            10019300 f   LIBCMTD:ismbbyte.obj
 0001:00018320       __ismbblead                10019320 f   LIBCMTD:ismbbyte.obj
 0001:00018340       __ismbblead_l              10019340 f   LIBCMTD:ismbbyte.obj
 0001:00018360       __ismbbprint               10019360 f   LIBCMTD:ismbbyte.obj
 0001:00018380       __ismbbprint_l             10019380 f   LIBCMTD:ismbbyte.obj
 0001:000183a0       __ismbbpunct               100193a0 f   LIBCMTD:ismbbyte.obj
 0001:000183c0       __ismbbpunct_l             100193c0 f   LIBCMTD:ismbbyte.obj
 0001:000183e0       __ismbbtrail               100193e0 f   LIBCMTD:ismbbyte.obj
 0001:00018400       __ismbbtrail_l             10019400 f   LIBCMTD:ismbbyte.obj
 0001:00018420       _free                      10019420 f   LIBCMTD:dbgfree.obj
 0001:00018440       _malloc                    10019440 f   LIBCMTD:dbgmalloc.obj
 0001:00018470       _wcsnlen                   10019470 f   LIBCMTD:wcslen_s.obj
 0001:000184b0       __flsbuf                   100194b0 f   LIBCMTD:_flsbuf.obj
 0001:00018780       ___vswprintf_l             10019780 f   LIBCMTD:vswprint.obj
 0001:000187a0       __vscwprintf               100197a0 f   LIBCMTD:vswprint.obj
 0001:000187c0       __vscwprintf_helper        100197c0 f   LIBCMTD:vswprint.obj
 0001:000188b0       __vscwprintf_l             100198b0 f   LIBCMTD:vswprint.obj
 0001:000188d0       __vscwprintf_p             100198d0 f   LIBCMTD:vswprint.obj
 0001:000188f0       __vscwprintf_p_l           100198f0 f   LIBCMTD:vswprint.obj
 0001:00018910       __vswprintf                10019910 f   LIBCMTD:vswprint.obj
 0001:00018930       __vswprintf_l              10019930 f   LIBCMTD:vswprint.obj
 0001:00018b50       __vsnwprintf_s             10019b50 f   LIBCMTD:vswprnc.obj
 0001:00018b80       __vsnwprintf_s_l           10019b80 f   LIBCMTD:vswprnc.obj
 0001:00018f50       __vswprintf_c              10019f50 f   LIBCMTD:vswprnc.obj
 0001:00018fa0       __vswprintf_c_l            10019fa0 f   LIBCMTD:vswprnc.obj
 0001:00018ff0       __vswprintf_helper         10019ff0 f   LIBCMTD:vswprnc.obj
 0001:00019260       __vswprintf_p              1001a260 f   LIBCMTD:vswprnc.obj
 0001:000192b0       __vswprintf_p_l            1001a2b0 f   LIBCMTD:vswprnc.obj
 0001:00019300       __vswprintf_s_l            1001a300 f   LIBCMTD:vswprnc.obj
 0001:00019590       _vswprintf_s               1001a590 f   LIBCMTD:vswprnc.obj
 0001:000195b0       __woutput_l                1001a5b0 f   LIBCMTD:woutput.obj
 0001:0001aa40       _get_int64_arg             1001ba40 f i LIBCMTD:woutput.obj
 0001:0001aa60       _get_int_arg               1001ba60 f i LIBCMTD:woutput.obj
 0001:0001abe0       _strcat_s                  1001bbe0 f   LIBCMTD:strcat_s.obj
 0001:0001b410       __i64toa_s                 1001c410 f   LIBCMTD:xtoas.obj
 0001:0001b460       __itoa_s                   1001c460 f   LIBCMTD:xtoas.obj
 0001:0001b4c0       __ltoa_s                   1001c4c0 f   LIBCMTD:xtoas.obj
 0001:0001b500       __ui64toa_s                1001c500 f   LIBCMTD:xtoas.obj
 0001:0001b520       __ultoa_s                  1001c520 f   LIBCMTD:xtoas.obj
 0001:0001b920       __mbstowcs_l               1001c920 f   LIBCMTD:mbstowcs.obj
 0001:0001b940       __mbstowcs_l_helper        1001c940 f   LIBCMTD:mbstowcs.obj
 0001:0001bcd0       __mbstowcs_s_l             1001ccd0 f   LIBCMTD:mbstowcs.obj
 0001:0001c090       _mbstowcs                  1001d090 f   LIBCMTD:mbstowcs.obj
 0001:0001c0e0       _mbstowcs_s                1001d0e0 f   LIBCMTD:mbstowcs.obj
 0001:0001c170       __wcstombs_l               1001d170 f   LIBCMTD:wcstombs.obj
 0001:0001c190       __wcstombs_l_helper        1001d190 f   LIBCMTD:wcstombs.obj
 0001:0001c6a0       __wcstombs_s_l             1001d6a0 f   LIBCMTD:wcstombs.obj
 0001:0001ca00       _wcstombs                  1001da00 f   LIBCMTD:wcstombs.obj
 0001:0001ca20       _wcstombs_s                1001da20 f   LIBCMTD:wcstombs.obj
 0001:0001ce90       __i64tow_s                 1001de90 f   LIBCMTD:xtows.obj
 0001:0001cee0       __itow_s                   1001dee0 f   LIBCMTD:xtows.obj
 0001:0001cf40       __ltow_s                   1001df40 f   LIBCMTD:xtows.obj
 0001:0001cf80       __ui64tow_s                1001df80 f   LIBCMTD:xtows.obj
 0001:0001cfa0       __ultow_s                  1001dfa0 f   LIBCMTD:xtows.obj
 0001:0001d3c0       __vsnprintf_c              1001e3c0 f   LIBCMTD:vsnprnc.obj
 0001:0001d410       __vsnprintf_c_l            1001e410 f   LIBCMTD:vsnprnc.obj
 0001:0001d460       __vsnprintf_helper         1001e460 f   LIBCMTD:vsnprnc.obj
 0001:0001d660       __vsnprintf_s              1001e660 f   LIBCMTD:vsnprnc.obj
 0001:0001d690       __vsnprintf_s_l            1001e690 f   LIBCMTD:vsnprnc.obj
 0001:0001da50       __vsprintf_p               1001ea50 f   LIBCMTD:vsnprnc.obj
 0001:0001daa0       __vsprintf_p_l             1001eaa0 f   LIBCMTD:vsnprnc.obj
 0001:0001daf0       __vsprintf_s_l             1001eaf0 f   LIBCMTD:vsnprnc.obj
 0001:0001dd80       _vsprintf_s                1001ed80 f   LIBCMTD:vsnprnc.obj
 0001:0001dda0       ___free_lconv_mon          1001eda0 f   LIBCMTD:initmon.obj
 0001:0001df50       ___init_monetary           1001ef50 f   LIBCMTD:initmon.obj
 0001:0001e560       ___free_lconv_num          1001f560 f   LIBCMTD:initnum.obj
 0001:0001e610       ___init_numeric            1001f610 f   LIBCMTD:initnum.obj
 0001:0001e9e0       ___free_lc_time            1001f9e0 f   LIBCMTD:inittime.obj
 0001:0001f310       ___init_time               10020310 f   LIBCMTD:inittime.obj
 0001:00020310       _localeconv                10021310 f   LIBCMTD:lconv.obj
 0001:00020690       ___crtLCMapStringA         10021690 f   LIBCMTD:a_map.obj
 0001:00020830       ___crtGetStringTypeA       10021830 f   LIBCMTD:a_str.obj
 0001:00020980       ?_CallCatchBlock2@@YAPAXPAUEHRegistrationNode@@PBU_s_FuncInfo@@PAXHK@Z 10021980 f   LIBCMTD:_trnsctrl_.obj
 0001:000209f0       ?_CallMemberFunction0@@YGXPAX0@Z 100219f0 f   LIBCMTD:_trnsctrl_.obj
 0001:00020a00       ?_CallMemberFunction1@@YGXPAX00@Z 10021a00 f   LIBCMTD:_trnsctrl_.obj
 0001:00020a10       ?_CallMemberFunction2@@YGXPAX00H@Z 10021a10 f   LIBCMTD:_trnsctrl_.obj
 0001:00020a20       ?_CallSETranslator@@YAHPAUEHExceptionRecord@@PAUEHRegistrationNode@@PAX2PBU_s_FuncInfo@@H1@Z 10021a20 f   LIBCMTD:_trnsctrl_.obj
 0001:00020b10       ?_GetRangeOfTrysToCheck@@YAPBU_s_TryBlockMapEntry@@PBU_s_FuncInfo@@HHPAI1@Z 10021b10 f   LIBCMTD:_trnsctrl_.obj
 0001:00020ba0       ?_JumpToContinuation@@YGXPAXPAUEHRegistrationNode@@@Z 10021ba0 f   LIBCMTD:_trnsctrl_.obj
 0001:00020be0       ?_UnwindNestedFrames@@YGXPAUEHRegistrationNode@@PAUEHExceptionRecord@@@Z 10021be0 f   LIBCMTD:_trnsctrl_.obj
 0001:00020c40       __CreateFrameInfo          10021c40 f   LIBCMTD:_trnsctrl_.obj
 0001:00020c70       __FindAndUnlinkFrame       10021c70 f   LIBCMTD:_trnsctrl_.obj
 0001:00020cd0       __IsExceptionObjectToBeDestroyed 10021cd0 f   LIBCMTD:_trnsctrl_.obj
 0001:00020d00       ___CxxFrameHandler         10021d00 f   LIBCMTD:_trnsctrl_.obj
 0001:00020d40       ___CxxFrameHandler2        10021d40 f   LIBCMTD:_trnsctrl_.obj
 0001:00020d80       ___CxxFrameHandler3        10021d80 f   LIBCMTD:_trnsctrl_.obj
 0001:00020dc0       ___CxxLongjmpUnwind@4      10021dc0 f   LIBCMTD:_trnsctrl_.obj
 0001:00020df0       ___iswcsym                 10021df0 f i LIBCMTD:_wctype.obj
 0001:00020e30       ___iswcsymf                10021e30 f i LIBCMTD:_wctype.obj
 0001:00020e70       __isleadbyte_l             10021e70 f i LIBCMTD:_wctype.obj
 0001:00020ec0       __iswalnum_l               10021ec0 f i LIBCMTD:_wctype.obj
 0001:00020ee0       __iswalpha_l               10021ee0 f i LIBCMTD:_wctype.obj
 0001:00020f00       __iswblank_l               10021f00 f i LIBCMTD:_wctype.obj
 0001:00020f30       __iswcntrl_l               10021f30 f i LIBCMTD:_wctype.obj
 0001:00020f50       __iswcsym_l                10021f50 f i LIBCMTD:_wctype.obj
 0001:00020f90       __iswcsymf_l               10021f90 f i LIBCMTD:_wctype.obj
 0001:00020fd0       __iswdigit_l               10021fd0 f i LIBCMTD:_wctype.obj
 0001:00020ff0       __iswgraph_l               10021ff0 f i LIBCMTD:_wctype.obj
 0001:00021010       __iswlower_l               10022010 f i LIBCMTD:_wctype.obj
 0001:00021030       __iswprint_l               10022030 f i LIBCMTD:_wctype.obj
 0001:00021050       __iswpunct_l               10022050 f i LIBCMTD:_wctype.obj
 0001:00021070       __iswspace_l               10022070 f i LIBCMTD:_wctype.obj
 0001:00021090       __iswupper_l               10022090 f i LIBCMTD:_wctype.obj
 0001:000210b0       __iswxdigit_l              100220b0 f i LIBCMTD:_wctype.obj
 0001:000210d0       _isleadbyte                100220d0 f i LIBCMTD:_wctype.obj
 0001:000210f0       _iswalnum                  100220f0 f i LIBCMTD:_wctype.obj
 0001:00021110       _iswalpha                  10022110 f i LIBCMTD:_wctype.obj
 0001:00021130       _iswascii                  10022130 f i LIBCMTD:_wctype.obj
 0001:00021160       _iswblank                  10022160 f i LIBCMTD:_wctype.obj
 0001:00021190       _iswcntrl                  10022190 f i LIBCMTD:_wctype.obj
 0001:000211b0       _iswdigit                  100221b0 f i LIBCMTD:_wctype.obj
 0001:000211d0       _iswgraph                  100221d0 f i LIBCMTD:_wctype.obj
 0001:000211f0       _iswlower                  100221f0 f i LIBCMTD:_wctype.obj
 0001:00021210       _iswprint                  10022210 f i LIBCMTD:_wctype.obj
 0001:00021230       _iswpunct                  10022230 f i LIBCMTD:_wctype.obj
 0001:00021250       _iswspace                  10022250 f i LIBCMTD:_wctype.obj
 0001:00021270       _iswupper                  10022270 f i LIBCMTD:_wctype.obj
 0001:00021290       _iswxdigit                 10022290 f i LIBCMTD:_wctype.obj
 0001:000212b0       ___init_dummy              100222b0 f   LIBCMTD:wsetloca.obj
 0001:000212c0       __locterm                  100222c0 f   LIBCMTD:wsetloca.obj
 0001:00021350       ____setlc_active_func      10022350 f   LIBCMTD:wsetloca.obj
 0001:00021360       ____unguarded_readlc_active_add_func 10022360 f   LIBCMTD:wsetloca.obj
 0001:00021370       ___copy_locale_name        10022370 f   LIBCMTD:wsetloca.obj
 0001:00021410       ___create_locale           10022410 f   LIBCMTD:wsetloca.obj
 0001:00021430       ___free_locale             10022430 f   LIBCMTD:wsetloca.obj
 0001:00021450       ___get_current_locale      10022450 f   LIBCMTD:wsetloca.obj
 0001:00021460       ___lc_lctowcs              10022460 f   LIBCMTD:wsetloca.obj
 0001:00021510       ___lc_wcstolc              10022510 f   LIBCMTD:wsetloca.obj
 0001:00021730       __configthreadlocale       10022730 f   LIBCMTD:wsetloca.obj
 0001:00021890       __create_locale            10022890 f   LIBCMTD:wsetloca.obj
 0001:00021900       __expandlocale             10022900 f   LIBCMTD:wsetloca.obj
 0001:00021df0       __free_locale              10022df0 f   LIBCMTD:wsetloca.obj
 0001:00021f20       __get_current_locale       10022f20 f   LIBCMTD:wsetloca.obj
 0001:00022040       __wcreate_locale           10023040 f   LIBCMTD:wsetloca.obj
 0001:00022230       __wcscats                  10023230 f   LIBCMTD:wsetloca.obj
 0001:000222b0       __wsetlocale               100232b0 f   LIBCMTD:wsetloca.obj
 0001:00023340       ___isa_available_init      10024340 f   LIBCMTD:cpu_disp.obj
 0001:000235f0       __VEC_memset               100245f0 f   LIBCMTD:p4_memset.obj
 0001:000236c0       __vscprintf                100246c0 f   LIBCMTD:vsprintf.obj
 0001:000236e0       __vscprintf_helper         100246e0 f   LIBCMTD:vsprintf.obj
 0001:000237d0       __vscprintf_l              100247d0 f   LIBCMTD:vsprintf.obj
 0001:000237f0       __vscprintf_p              100247f0 f   LIBCMTD:vsprintf.obj
 0001:00023810       __vscprintf_p_l            10024810 f   LIBCMTD:vsprintf.obj
 0001:00023830       __vsprintf_l               10024830 f   LIBCMTD:vsprintf.obj
 0001:000239f0       _vsprintf                  100249f0 f   LIBCMTD:vsprintf.obj
 0001:00023a10       __output_l                 10024a10 f   LIBCMTD:output.obj
 0001:000250c0       _get_short_arg             100260c0 f i LIBCMTD:output.obj
 0001:00025280       ___pctype_func             10026280 f   LIBCMTD:ctype.obj
 0001:000252d0       ___pwctype_func            100262d0 f   LIBCMTD:ctype.obj
 0001:000252e0       __global_unwind2           100262e0 f   LIBCMTD:exsup.obj
 0001:00025345       __local_unwind2            10026345 f   LIBCMTD:exsup.obj
 0001:000253c9       __abnormal_termination     100263c9 f   LIBCMTD:exsup.obj
 0001:000253ec       __NLG_Notify1              100263ec f   LIBCMTD:exsup.obj
 0001:000253f5       __NLG_Notify               100263f5 f   LIBCMTD:exsup.obj
 0001:0002540c       __NLG_Dispatch2            1002640c     LIBCMTD:exsup.obj
 0001:0002540c       __NLG_Dispatch             1002640c     LIBCMTD:exsup.obj
 0001:00025414       __NLG_Call                 10026414 f   LIBCMTD:exsup.obj
 0001:00025416       __NLG_Return2              10026416     LIBCMTD:exsup.obj
 0001:00025420       __fileno                   10026420 f   LIBCMTD:fileno.obj
 0001:000254b0       __isatty                   100264b0 f   LIBCMTD:isatty.obj
 0001:00025570       __fflush_nolock            10026570 f   LIBCMTD:fflush.obj
 0001:000255e0       __flush                    100265e0 f   LIBCMTD:fflush.obj
 0001:000256a0       __flushall                 100266a0 f   LIBCMTD:fflush.obj
 0001:000256b0       _fflush                    100266b0 f   LIBCMTD:fflush.obj
 0001:000258f0       __CopyMan                  100268f0 f i LIBCMTD:intrncvt.obj
 0001:00025940       __FillZeroMan              10026940 f i LIBCMTD:intrncvt.obj
 0001:00025970       __IncMan                   10026970 f i LIBCMTD:intrncvt.obj
 0001:00025a20       __IsZeroMan                10026a20 f i LIBCMTD:intrncvt.obj
 0001:00025a60       __RoundMan                 10026a60 f i LIBCMTD:intrncvt.obj
 0001:00025b40       __ShrMan                   10026b40 f i LIBCMTD:intrncvt.obj
 0001:00025c30       __ZeroTail                 10026c30 f i LIBCMTD:intrncvt.obj
 0001:00025cc0       ___addl                    10026cc0 f i LIBCMTD:intrncvt.obj
 0001:00025d00       __ld12cvt                  10026d00 f i LIBCMTD:intrncvt.obj
 0001:00025fc0       __ld12tod                  10026fc0 f   LIBCMTD:intrncvt.obj
 0001:00025fe0       __ld12tof                  10026fe0 f   LIBCMTD:intrncvt.obj
 0001:00026000       __ld12told                 10027000 f   LIBCMTD:intrncvt.obj
 0001:00026100       ___STRINGTOLD_L            10027100 f   LIBCMTD:strgtold.obj
 0001:00026170       ___ld12mul                 10027170 f i LIBCMTD:strgtold.obj
 0001:00026580       ___multtenpow12            10027580 f i LIBCMTD:strgtold.obj
 0001:00026660       ___shl_12                  10027660 f i LIBCMTD:strgtold.obj
 0001:000266e0       ___shr_12                  100276e0 f i LIBCMTD:strgtold.obj
 0001:00026760       ___strgtold12_l            10027760 f   LIBCMTD:strgtold.obj
 0001:00027250       _$I10_OUTPUT               10028250 f   LIBCMTD:x10fout.obj
 0001:00027860       ___add_12                  10028860 f i LIBCMTD:x10fout.obj
 0001:00027b10       ___control87_2             10028b10 f   LIBCMTD:ieee87.obj
 0001:00027fb0       __clearfp                  10028fb0 f   LIBCMTD:ieee87.obj
 0001:00027ff0       __control87                10028ff0 f i LIBCMTD:ieee87.obj
 0001:000280a0       __controlfp                100290a0 f   LIBCMTD:ieee87.obj
 0001:000280c0       __fpreset                  100290c0 f   LIBCMTD:ieee87.obj
 0001:00028280       __set_controlfp            10029280 f   LIBCMTD:ieee87.obj
 0001:00028310       __statusfp                 10029310 f   LIBCMTD:ieee87.obj
 0001:00028350       __statusfp2                10029350 f   LIBCMTD:ieee87.obj
 0001:00028390       __fcloseall                10029390 f   LIBCMTD:closeall.obj
 0001:000284c0       __write                    100294c0 f   LIBCMTD:write.obj
 0001:00028710       __write_nolock             10029710 f   LIBCMTD:write.obj
 0001:000294c0       __lseeki64                 1002a4c0 f   LIBCMTD:lseeki64.obj
 0001:00029730       __lseeki64_nolock          1002a730 f   LIBCMTD:lseeki64.obj
 0001:00029800       __getbuf                   1002a800 f   LIBCMTD:_getbuf.obj
 0001:000298d0       __validate_param_reuseW    1002a8d0 f   LIBCMTD:woutputp.obj
 0001:00029bb0       __woutput_p_l              1002abb0 f   LIBCMTD:woutputp.obj
 0001:0002d6b0       __woutput_s_l              1002e6b0 f   LIBCMTD:woutputs.obj
 0001:0002ee00       __get_printf_count_output  1002fe00 f   LIBCMTD:printf.obj
 0001:0002ee30       __printf_l                 1002fe30 f   LIBCMTD:printf.obj
 0001:0002ee60       __printf_p                 1002fe60 f   LIBCMTD:printf.obj
 0001:0002ee80       __printf_p_l               1002fe80 f   LIBCMTD:printf.obj
 0001:0002eeb0       __printf_s_l               1002feb0 f   LIBCMTD:printf.obj
 0001:0002eee0       __set_printf_count_output  1002fee0 f   LIBCMTD:printf.obj
 0001:0002ef40       _printf                    1002ff40 f   LIBCMTD:printf.obj
 0001:0002f0c0       _printf_s                  100300c0 f   LIBCMTD:printf.obj
 0001:0002f0e0       __fputwc_nolock            100300e0 f   LIBCMTD:fputwc.obj
 0001:0002f3d0       _fputwc                    100303d0 f   LIBCMTD:fputwc.obj
 0001:0002f4e0       _putwc                     100304e0 f   LIBCMTD:fputwc.obj
 0001:0002f500       __mbtowc_l                 10030500 f   LIBCMTD:mbtowc.obj
 0001:0002f740       _mbtowc                    10030740 f   LIBCMTD:mbtowc.obj
 0001:0002f760       __aulldiv                  10030760 f   LIBCMTD:ulldiv.obj
 0001:0002f7d0       __aullrem                  100307d0 f   LIBCMTD:ullrem.obj
 0001:0002f850       __output_s_l               10030850 f   LIBCMTD:outputs.obj
 0001:00031200       __output_p_l               10032200 f   LIBCMTD:outputp.obj
 0001:00035000       __validate_param_reuseA    10036000 f   LIBCMTD:outputp.obj
 0001:000352f0       _get_crtdouble_arg         100362f0 f i LIBCMTD:outputp.obj
 0001:000354b0       __CallSettingFrame@12      100364b0 f   LIBCMTD:lowhelpr.obj
 0001:000354d7       __NLG_Return               100364d7     LIBCMTD:lowhelpr.obj
 0001:00035500       ___DestructExceptionObject 10036500 f   LIBCMTD:frame.obj
 0001:00035620       ??0bad_exception@std@@QAE@ABV01@@Z 10036620 f i LIBCMTD:frame.obj
 0001:00035650       ??0bad_exception@std@@QAE@PBD@Z 10036650 f i LIBCMTD:frame.obj
 0001:00035680       ??1bad_exception@std@@UAE@XZ 10036680 f i LIBCMTD:frame.obj
 0001:000356a0       ??_Ebad_exception@std@@UAEPAXI@Z 100366a0 f i LIBCMTD:frame.obj
 0001:000356a0       ??_Gbad_exception@std@@UAEPAXI@Z 100366a0 f i LIBCMTD:frame.obj
 0001:00036290       ?__uncaught_exception@@YA_NXZ 10037290 f   LIBCMTD:frame.obj
 0001:000362c0       ?_is_exception_typeof@@YAHABVtype_info@@PAU_EXCEPTION_POINTERS@@@Z 100372c0 f   LIBCMTD:frame.obj
 0001:000363a0       __SetWinRTOutOfMemoryExceptionCallback 100373a0 f   LIBCMTD:frame.obj
 0001:000363b0       ___AdjustPointer           100373b0 f   LIBCMTD:frame.obj
 0001:00036400       ___BuildCatchObject        10037400 f   LIBCMTD:frame.obj
 0001:00036510       ___BuildCatchObjectHelper  10037510 f   LIBCMTD:frame.obj
 0001:00036810       ___CxxDetectRethrow        10037810 f   LIBCMTD:frame.obj
 0001:00036890       ___CxxExceptionFilter      10037890 f   LIBCMTD:frame.obj
 0001:00036a90       ___CxxQueryExceptionSize   10037a90 f   LIBCMTD:frame.obj
 0001:00036aa0       ___CxxRegisterExceptionObject 10037aa0 f   LIBCMTD:frame.obj
 0001:00036be0       ___CxxUnregisterExceptionObject 10037be0 f   LIBCMTD:frame.obj
 0001:00036d60       ___FrameUnwindFilter       10037d60 f   LIBCMTD:frame.obj
 0001:00036de0       ___FrameUnwindToState      10037de0 f   LIBCMTD:frame.obj
 0001:00036f60       ___GetPlatformExceptionInfo 10037f60 f   LIBCMTD:frame.obj
 0001:00037020       ___InternalCxxFrameHandler 10038020 f   LIBCMTD:frame.obj
 0001:00037190       ___TypeMatch               10038190 f   LIBCMTD:frame.obj
 0001:00037270       __iswctype_l               10038270 f   LIBCMTD:iswctype.obj
 0001:00037290       _is_wctype                 10038290 f   LIBCMTD:iswctype.obj
[...]
 0002:00011a34       ??_R4pairNode@@6B@         10073a34     LIBCMTD:undname.obj
 0002:00011a48       ??_R3pairNode@@8           10073a48     LIBCMTD:undname.obj
 0002:00011a58       ??_R2pairNode@@8           10073a58     LIBCMTD:undname.obj
 0002:00011a64       ??_R1A@?0A@EA@pairNode@@8  10073a64     LIBCMTD:undname.obj
 0002:00011c40       ___safe_se_handler_table   10073c40     <linker-defined>
 0002:00011d7c       ___rtc_iaa                 10073d7c     LIBCMTD:initsect.obj
 0002:00011e80       ___rtc_izz                 10073e80     LIBCMTD:initsect.obj
 0002:00011f84       ___rtc_taa                 10073f84     LIBCMTD:initsect.obj
 0002:00012088       ___rtc_tzz                 10074088     LIBCMTD:initsect.obj
 0002:000128f4       __TI2?AVbad_exception@std@@ 100748f4     LIBCMTD:frame.obj
 0002:00012904       __CTA2?AVbad_exception@std@@ 10074904     LIBCMTD:frame.obj
 0002:00012910       __CT??_R0?AVbad_exception@std@@@8??0bad_exception@std@@QAE@ABV01@@Z12 10074910     LIBCMTD:frame.obj
 0002:0001292c       __CT??_R0?AVexception@std@@@8??0exception@std@@QAE@ABV01@@Z12 1007492c     LIBCMTD:frame.obj
 0003:00000000       ___security_cookie         10076000     LIBCMTD:gs_cookie.obj
 0003:00000004       ___security_cookie_complement 10076004     LIBCMTD:gs_cookie.obj
 0003:00000008       __fltused                  10076008     LIBCMTD:fpinit.obj
 0003:0000000c       __ldused                   1007600c     LIBCMTD:fpinit.obj
 0003:00000010       ___abort_behavior          10076010     LIBCMTD:abort.obj
 0003:0000013c       __crtBreakAlloc            1007613c     LIBCMTD:dbgheap.obj
 0003:00000140       ___crtDebugFillThreshold   10076140     LIBCMTD:dbgheap.obj
 0003:00000144       __crtDbgFlag               10076144     LIBCMTD:dbgheap.obj
 0003:00000150       __cfltcvt_tab              10076150     LIBCMTD:cmiscdat.obj
 0003:00000178       ___flsindex                10076178     LIBCMTD:tidtable.obj
 0003:00000180       ___badioinfo               10076180     LIBCMTD:ioinit.obj
 0003:00000340       __CrtDbgMode               10076340     LIBCMTD:dbgrptt.obj
 0003:0000034c       __CrtDbgFile               1007634c     LIBCMTD:dbgrptt.obj
 0003:00000358       __crtAssertBusy            10076358     LIBCMTD:dbgrptt.obj
 0003:00000360       __mbctype                  10076360     LIBCMTD:mbctype.obj
 0003:00000468       __mbcasemap                10076468     LIBCMTD:mbctype.obj
 0003:00000568       ___initialmbcinfo          10076568     LIBCMTD:mbctype.obj
 0003:0000078c       ___ptmbcinfo               1007678c     LIBCMTD:mbctype.obj
 0003:00000884       ___mb_cur_max              10076884     LIBCMTD:nlsdata.obj
 0003:00000888       ___wclocalestr             10076888     LIBCMTD:nlsdata.obj
 0003:00000890       ___lc_time_c               10076890     LIBCMTD:nlsdata.obj
 0003:000009f4       ___ptlocinfo               100769f4     LIBCMTD:nlsdata.obj
 0003:000009f8       ___initiallocinfo          100769f8     LIBCMTD:nlsdata.obj
 0003:00000ab0       ___initiallocalestructinfo 10076ab0     LIBCMTD:nlsdata.obj
 0003:00000ab8       ___globallocalestatus      10076ab8     LIBCMTD:glstatus.obj
 0003:00000abc       __pfnAllocHook             10076abc     LIBCMTD:dbghook.obj
 0003:00000ac0       __iob                      10076ac0     LIBCMTD:_file.obj
 0003:00000d40       ___lconv                   10076d40     LIBCMTD:lconv.obj
 0003:00000d44       ___lconv_static_decimal    10076d44     LIBCMTD:lconv.obj
 0003:00000d48       ___lconv_c                 10076d48     LIBCMTD:lconv.obj
 0003:00000d98       ___lconv_static_W_decimal  10076d98     LIBCMTD:lconv.obj
 0003:00000da0       ___isa_enabled             10076da0     LIBCMTD:cpu_disp.obj
 0003:00000da4       ___nullstring              10076da4     LIBCMTD:output.obj
 0003:00000da8       ___wnullstring             10076da8     LIBCMTD:output.obj
 0003:00000dac       __pctype                   10076dac     LIBCMTD:ctype.obj
 0003:00000db0       __pwctype                  10076db0     LIBCMTD:ctype.obj
 0003:00000dc0       __NLG_Destination          10076dc0     LIBCMTD:exsup.obj
 0003:00000e00       __pow10pos                 10076e00     LIBCMTD:constpow.obj
 0003:00000f60       __pow10neg                 10076f60     LIBCMTD:constpow.obj
 0003:000010e0       __confh                    100770e0     LIBCMTD:initcon.obj
 0003:000010f0       __HUGE                     100770f0     LIBCMTD:huge.obj
 0003:0000155c       ??_R0?AVbad_exception@std@@@8 1007755c     LIBCMTD:frame.obj
 0003:0000157c       ??_R0?AVexception@std@@@8  1007757c     LIBCMTD:frame.obj
 0003:00001598       ??_R0?AVtype_info@@@8      10077598     LIBCMTD:typinfo.obj
 0003:000015b0       ??_R0?AVbad_cast@std@@@8   100775b0     LIBCMTD:stdexcpt.obj
 0003:000015cc       ??_R0?AVbad_typeid@std@@@8 100775cc     LIBCMTD:stdexcpt.obj
 0003:000015ec       ??_R0?AV__non_rtti_object@std@@@8 100775ec     LIBCMTD:stdexcpt.obj
 0003:00001610       ??_R0?AVDNameNode@@@8      10077610     LIBCMTD:undname.obj
 0003:00001628       ??_R0?AVcharNode@@@8       10077628     LIBCMTD:undname.obj
 0003:00001640       ??_R0?AVpcharNode@@@8      10077640     LIBCMTD:undname.obj
 0003:00001658       ??_R0?AVpDNameNode@@@8     10077658     LIBCMTD:undname.obj
 0003:00001674       ??_R0?AVDNameStatusNode@@@8 10077674     LIBCMTD:undname.obj
 0003:00001694       ??_R0?AVpairNode@@@8       10077694     LIBCMTD:undname.obj
 0003:00001800       ?_1@?A0xbb8e092d@@3V?$FunctorBindArg@$00@@A 10077800     NavigationServiceAccess.obj
 0003:00001801       ?_2@?A0xbb8e092d@@3V?$FunctorBindArg@$01@@A 10077801     NavigationServiceAccess.obj
 0003:00001802       ?_3@?A0xbb8e092d@@3V?$FunctorBindArg@$02@@A 10077802     NavigationServiceAccess.obj
 0003:00001803       ?_4@?A0xbb8e092d@@3V?$FunctorBindArg@$03@@A 10077803     NavigationServiceAccess.obj
 0003:00001804       ?_5@?A0xbb8e092d@@3V?$FunctorBindArg@$04@@A 10077804     NavigationServiceAccess.obj
 0003:00001805       ?_6@?A0xbb8e092d@@3V?$FunctorBindArg@$05@@A 10077805     NavigationServiceAccess.obj
 0003:00001806       ?_7@?A0xbb8e092d@@3V?$FunctorBindArg@$06@@A 10077806     NavigationServiceAccess.obj
 0003:00001807       ?_8@?A0xbb8e092d@@3V?$FunctorBindArg@$07@@A 10077807     NavigationServiceAccess.obj
 0003:00001808       ?_9@?A0xbb8e092d@@3V?$FunctorBindArg@$08@@A 10077808     NavigationServiceAccess.obj
 0003:00001809       ?_10@?A0xbb8e092d@@3V?$FunctorBindArg@$09@@A 10077809     NavigationServiceAccess.obj
 0003:0000180c       ?accessInstance@?1??getInstance@NavigationJNIAccess@@SAAAV2@XZ@4V2@A 1007780c     NavigationServiceAccess.obj
 0003:00001810       ??_B?1??getInstance@NavigationJNIAccess@@SAAAV1@XZ@51 10077810     NavigationServiceAccess.obj
 0003:00001814       ___fastflag                10077814     LIBCMTD:fpinit.obj
 0003:0000181c       __aenvptr                  1007781c     LIBCMTD:dllcrt0.obj
 0003:00001820       __wenvptr                  10077820     LIBCMTD:dllcrt0.obj
 0003:00001828       ___app_type                10077828     LIBCMTD:crt0msg.obj
 0003:00001e58       ___pPurecall               10077e58     LIBCMTD:inithelp.obj
 0003:00001fc8       ___crtDebugCheckCount      10077fc8     LIBCMTD:dbgheap.obj
 0003:00001fd0       ?_pfnDumpClient@@3P6AXPAXI@ZA 10077fd0     LIBCMTD:dbgheap.obj
 0003:00001fec       __umaskval                 10077fec     LIBCMTD:crt0dat.obj
 0003:00001ff0       __exitflag                 10077ff0     LIBCMTD:crt0dat.obj
 0003:00001ff4       __C_Termination_Done       10077ff4     LIBCMTD:crt0dat.obj
 0003:00001ff8       ___winitenv                10077ff8     LIBCMTD:crt0dat.obj
 0003:00001ffc       ___initenv                 10077ffc     LIBCMTD:crt0dat.obj
 0003:00002000       ___argc                    10078000     LIBCMTD:crt0dat.obj
 0003:00002004       ___argv                    10078004     LIBCMTD:crt0dat.obj
 0003:00002008       ___wargv                   10078008     LIBCMTD:crt0dat.obj
 0003:0000200c       __environ                  1007800c     LIBCMTD:crt0dat.obj
 0003:00002010       __wenviron                 10078010     LIBCMTD:crt0dat.obj
 0003:00002014       __pgmptr                   10078014     LIBCMTD:crt0dat.obj
 0003:00002018       __wpgmptr                  10078018     LIBCMTD:crt0dat.obj
 0003:0000201c       __C_Exit_Done              1007801c     LIBCMTD:crt0dat.obj
 0003:00002340       __crtheap                  10078340     LIBCMTD:heapinit.obj
 0003:00002348       ___pioinfo                 10078348     LIBCMTD:ioinit.obj
 0003:00002550       ___pInvalidArgHandler      10078550     LIBCMTD:invarg.obj
 0003:00002554       ___error_mode              10078554     LIBCMTD:errmode.obj
 0003:00002584       ___mbcodepage              10078584     LIBCMTD:mbctype.obj
 0003:00002588       ___ismbcodepage            10078588     LIBCMTD:mbctype.obj
 0003:0000258c       ___mbulinfo                1007858c     LIBCMTD:mbctype.obj
 0003:00002598       ___mblocalename            10078598     LIBCMTD:mbctype.obj
 0003:000025a0       ?_pnhHeap@@3P6AHI@ZA       100785a0     LIBCMTD:handler.obj
 0003:000025a4       __newmode                  100785a4     LIBCMTD:_newmode.obj
 0003:000025a8       ?__pInconsistency@@3P6AXXZA 100785a8     LIBCMTD:hooks.obj
 0003:000025b0       __stdbuf                   100785b0     LIBCMTD:_sftbuf.obj
 0003:000025b8       __outputformat             100785b8     LIBCMTD:outputformat.obj
 0003:000025bc       __cflush                   100785bc     LIBCMTD:_file.obj
 0003:000025c0       ___lconv_static_null       100785c0     LIBCMTD:lconv.obj
 0003:000025c4       ___lconv_static_W_null     100785c4     LIBCMTD:lconv.obj
 0003:000025c8       ___locale_changed          100785c8     LIBCMTD:wsetloca.obj
 0003:000025cc       ___isa_available           100785cc     LIBCMTD:cpu_disp.obj
 0003:000025d0       ___favor                   100785d0     LIBCMTD:cpu_disp.obj
 0003:000025d8       ?g_OutOfMemoryExceptionCallback@@3P6GPAXXZA 100785d8     LIBCMTD:frame.obj
 0003:000025e4       ?pArgList@UnDecorator@@0PAVReplicator@@A 100785e4     LIBCMTD:undname.obj
 0003:000025e8       ?pZNameList@UnDecorator@@0PAVReplicator@@A 100785e8     LIBCMTD:undname.obj
 0003:000025ec       ?pTemplateArgList@UnDecorator@@0PAVReplicator@@A 100785ec     LIBCMTD:undname.obj
 0003:000025f0       ?gName@UnDecorator@@0PBDB  100785f0     LIBCMTD:undname.obj
 0003:000025f4       ?name@UnDecorator@@0PBDB   100785f4     LIBCMTD:undname.obj
 0003:000025f8       ?outputString@UnDecorator@@0PADA 100785f8     LIBCMTD:undname.obj
 0003:000025fc       ?maxStringLength@UnDecorator@@0HA 100785fc     LIBCMTD:undname.obj
 0003:00002600       ?disableFlags@UnDecorator@@0KA 10078600     LIBCMTD:undname.obj
 0003:00002604       ?fExplicitTemplateParams@UnDecorator@@0_NA 10078604     LIBCMTD:undname.obj
 0003:00002605       ?fGetTemplateArgumentList@UnDecorator@@0_NA 10078605     LIBCMTD:undname.obj
 0003:00002608       ?m_pGetParameter@UnDecorator@@0P6APADJ@ZA 10078608     LIBCMTD:undname.obj
 0003:00002670       ?nodes@?1??make@DNameStatusNode@@SAPAV2@W4DNameStatus@@@Z@4PAV2@A 10078670     LIBCMTD:undname.obj
 0003:000026a0       ??_B?1??make@DNameStatusNode@@SAPAV1@W4DNameStatus@@@Z@51 100786a0     LIBCMTD:undname.obj
 0003:000026a4       ___unguarded_readlc_active 100786a4     <common>
 0003:000026b4       ___setlc_active            100786b4     <common>
 0003:000026c0       __bufin                    100786c0     <common>
 0003:000039fc       ___piob                    100799fc     <common>
 0003:00003a00       __nstream                  10079a00     <common>
 0003:00003a04       __debugger_hook_dummy      10079a04     <common>
 0003:00003a10       __pReportHookListW         10079a10     <common>
 0003:00003a20       __pReportHookList          10079a20     <common>
 0003:00003a24       __pfnReportHook            10079a24     <common>
 0003:00003a40       _encodedKERNEL32Functions  10079a40     <common>
 0003:00003ae8       __nhandle                  10079ae8     <common>
 0003:00003af4       ___dyn_tls_init_callback   10079af4     <common>
 0003:00003b04       ___onexitend               10079b04     <common>
 0003:00003b08       ___onexitbegin             10079b08     <common>
 0003:00003b0c       ___mbctype_initialized     10079b0c     <common>
 0003:00003b10       ___env_initialized         10079b10     <common>
 0003:00003b14       __acmdln                   10079b14     <common>
 0004:00000000       __imp__gtf_mem_free        1007a000     GtfCommon:GtfCommon.dll
 0004:00000004       __imp__gtf_mem_malloc      1007a004     GtfCommon:GtfCommon.dll
 0004:00000008       \177GtfCommon_NULL_THUNK_DATA 1007a008     GtfCommon:GtfCommon.dll
 0004:00000034       __imp__EncodePointer@4     1007a034     kernel32:KERNEL32.dll
 0004:00000038       __imp__DecodePointer@4     1007a038     kernel32:KERNEL32.dll
 0004:0000003c       __imp__GetCommandLineA@0   1007a03c     kernel32:KERNEL32.dll
 0004:00000040       __imp__GetCurrentThreadId@0 1007a040     kernel32:KERNEL32.dll
 0004:00000044       __imp__GetStdHandle@4      1007a044     kernel32:KERNEL32.dll
 0004:00000048       __imp__WriteFile@20        1007a048     kernel32:KERNEL32.dll
 0004:0000004c       __imp__GetModuleFileNameW@12 1007a04c     kernel32:KERNEL32.dll
 0004:00000050       __imp__IsProcessorFeaturePresent@4 1007a050     kernel32:KERNEL32.dll
 0004:00000054       __imp__GetLastError@0      1007a054     kernel32:KERNEL32.dll
 0004:00000058       __imp__EnterCriticalSection@4 1007a058     kernel32:KERNEL32.dll
 0004:0000005c       __imp__LeaveCriticalSection@4 1007a05c     kernel32:KERNEL32.dll
 0004:00000060       __imp__DeleteCriticalSection@4 1007a060     kernel32:KERNEL32.dll
 0004:00000064       __imp__FatalAppExitA@8     1007a064     kernel32:KERNEL32.dll
 0004:00000068       __imp__GetModuleHandleExW@12 1007a068     kernel32:KERNEL32.dll
 0004:0000006c       __imp__HeapValidate@12     1007a06c     kernel32:KERNEL32.dll
 0004:00000070       __imp__GetSystemInfo@4     1007a070     kernel32:KERNEL32.dll
 0004:00000074       __imp__ExitProcess@4       1007a074     kernel32:KERNEL32.dll
 0004:00000078       __imp__GetProcAddress@8    1007a078     kernel32:KERNEL32.dll
 0004:0000007c       __imp__AreFileApisANSI@0   1007a07c     kernel32:KERNEL32.dll
 0004:00000080       __imp__MultiByteToWideChar@24 1007a080     kernel32:KERNEL32.dll
 0004:00000084       __imp__WideCharToMultiByte@32 1007a084     kernel32:KERNEL32.dll
 0004:00000088       __imp__IsDebuggerPresent@0 1007a088     kernel32:KERNEL32.dll
 0004:0000008c       __imp__SetLastError@4      1007a08c     kernel32:KERNEL32.dll
 0004:00000090       __imp__GetCurrentThread@0  1007a090     kernel32:KERNEL32.dll
 0004:00000094       __imp__GetProcessHeap@0    1007a094     kernel32:KERNEL32.dll
 0004:00000098       __imp__GetFileType@4       1007a098     kernel32:KERNEL32.dll
 0004:0000009c       __imp__GetStartupInfoW@4   1007a09c     kernel32:KERNEL32.dll
 0004:000000a0       __imp__GetModuleFileNameA@12 1007a0a0     kernel32:KERNEL32.dll
 0004:000000a4       __imp__QueryPerformanceCounter@4 1007a0a4     kernel32:KERNEL32.dll
 0004:000000a8       __imp__GetCurrentProcessId@0 1007a0a8     kernel32:KERNEL32.dll
 0004:000000ac       __imp__GetSystemTimeAsFileTime@4 1007a0ac     kernel32:KERNEL32.dll
 0004:000000b0       __imp__GetEnvironmentStringsW@0 1007a0b0     kernel32:KERNEL32.dll
 0004:000000b4       __imp__FreeEnvironmentStringsW@4 1007a0b4     kernel32:KERNEL32.dll
 0004:000000b8       __imp__UnhandledExceptionFilter@4 1007a0b8     kernel32:KERNEL32.dll
 0004:000000bc       __imp__SetUnhandledExceptionFilter@4 1007a0bc     kernel32:KERNEL32.dll
 0004:000000c0       __imp__InitializeCriticalSectionAndSpinCount@8 1007a0c0     kernel32:KERNEL32.dll
 0004:000000c4       __imp__CreateEventW@16     1007a0c4     kernel32:KERNEL32.dll
 0004:000000c8       __imp__Sleep@4             1007a0c8     kernel32:KERNEL32.dll
 0004:000000cc       __imp__GetCurrentProcess@0 1007a0cc     kernel32:KERNEL32.dll
 0004:000000d0       __imp__TerminateProcess@8  1007a0d0     kernel32:KERNEL32.dll
 0004:000000d4       __imp__TlsAlloc@0          1007a0d4     kernel32:KERNEL32.dll
 0004:000000d8       __imp__TlsGetValue@4       1007a0d8     kernel32:KERNEL32.dll
 0004:000000dc       __imp__TlsSetValue@8       1007a0dc     kernel32:KERNEL32.dll
 0004:000000e0       __imp__TlsFree@4           1007a0e0     kernel32:KERNEL32.dll
 0004:000000e4       __imp__GetTickCount@0      1007a0e4     kernel32:KERNEL32.dll
 0004:000000e8       __imp__GetModuleHandleW@4  1007a0e8     kernel32:KERNEL32.dll
 0004:000000ec       __imp__CreateSemaphoreW@16 1007a0ec     kernel32:KERNEL32.dll
 0004:000000f0       __imp__OutputDebugStringW@4 1007a0f0     kernel32:KERNEL32.dll
 0004:000000f4       __imp__WaitForSingleObjectEx@12 1007a0f4     kernel32:KERNEL32.dll
 0004:000000f8       __imp__CreateThread@24     1007a0f8     kernel32:KERNEL32.dll
 0004:000000fc       __imp__LoadLibraryExW@12   1007a0fc     kernel32:KERNEL32.dll
 0004:00000100       __imp__SetConsoleCtrlHandler@8 1007a100     kernel32:KERNEL32.dll
 0004:00000104       __imp__GetDateFormatW@24   1007a104     kernel32:KERNEL32.dll
 0004:00000108       __imp__GetTimeFormatW@24   1007a108     kernel32:KERNEL32.dll
 0004:0000010c       __imp__CompareStringW@24   1007a10c     kernel32:KERNEL32.dll
 0004:00000110       __imp__LCMapStringW@24     1007a110     kernel32:KERNEL32.dll
 0004:00000114       __imp__GetLocaleInfoW@16   1007a114     kernel32:KERNEL32.dll
 0004:00000118       __imp__IsValidLocale@8     1007a118     kernel32:KERNEL32.dll
 0004:0000011c       __imp__GetUserDefaultLCID@0 1007a11c     kernel32:KERNEL32.dll
 0004:00000120       __imp__EnumSystemLocalesW@8 1007a120     kernel32:KERNEL32.dll
 0004:00000124       __imp__OutputDebugStringA@4 1007a124     kernel32:KERNEL32.dll
 0004:00000128       __imp__WriteConsoleW@20    1007a128     kernel32:KERNEL32.dll
 0004:0000012c       __imp__IsValidCodePage@4   1007a12c     kernel32:KERNEL32.dll
 0004:00000130       __imp__GetACP@0            1007a130     kernel32:KERNEL32.dll
 0004:00000134       __imp__GetOEMCP@0          1007a134     kernel32:KERNEL32.dll
 0004:00000138       __imp__GetCPInfo@8         1007a138     kernel32:KERNEL32.dll
 0004:0000013c       __imp__HeapFree@12         1007a13c     kernel32:KERNEL32.dll
 0004:00000140       __imp__HeapReAlloc@16      1007a140     kernel32:KERNEL32.dll
 0004:00000144       __imp__HeapSize@12         1007a144     kernel32:KERNEL32.dll
 0004:00000148       __imp__HeapQueryInformation@20 1007a148     kernel32:KERNEL32.dll
 0004:0000014c       __imp__HeapAlloc@12        1007a14c     kernel32:KERNEL32.dll
 0004:00000150       __imp__RtlUnwind@16        1007a150     kernel32:KERNEL32.dll
 0004:00000154       __imp__FreeLibrary@4       1007a154     kernel32:KERNEL32.dll
 0004:00000158       __imp__GetStringTypeW@16   1007a158     kernel32:KERNEL32.dll
 0004:0000015c       __imp__GetConsoleCP@0      1007a15c     kernel32:KERNEL32.dll
 0004:00000160       __imp__GetConsoleMode@8    1007a160     kernel32:KERNEL32.dll
 0004:00000164       __imp__SetFilePointerEx@20 1007a164     kernel32:KERNEL32.dll
 0004:00000168       __imp__FlushFileBuffers@4  1007a168     kernel32:KERNEL32.dll
 0004:0000016c       __imp__SetStdHandle@8      1007a16c     kernel32:KERNEL32.dll
 0004:00000170       __imp__RaiseException@16   1007a170     kernel32:KERNEL32.dll
 0004:00000174       __imp__CloseHandle@4       1007a174     kernel32:KERNEL32.dll
 0004:00000178       __imp__CreateFileW@28      1007a178     kernel32:KERNEL32.dll
 0004:0000017c       \177KERNEL32_NULL_THUNK_DATA 1007a17c     kernel32:KERNEL32.dll
 0004:000001e8       __IMPORT_DESCRIPTOR_GtfCommon 1007a1e8     GtfCommon:GtfCommon.dll
 0004:000001fc       __IMPORT_DESCRIPTOR_KERNEL32 1007a1fc     kernel32:KERNEL32.dll
 0004:00000210       __NULL_IMPORT_DESCRIPTOR   1007a210     GtfCommon:GtfCommon.dll
