 MusicServiceAccess

 Timestamp is 56d6a709 (Wed Mar 02 09:40:41 2016)

 Preferred load address is 10000000

 Start         Length     Name                   Class
 0001:00000000 000019d4H .text$di                CODE
 0001:000019e0 00062905H .text$mn                CODE
 0001:000642f0 0000117fH .text$x                 CODE
 0001:00065470 0000111bH .text$yd                CODE
 0002:00000000 00000104H .CRT$XCA                DATA
 0002:00000104 00000104H .CRT$XCC                DATA
 0002:00000208 00000155H .CRT$XCU                DATA
 0002:00000360 00000104H .CRT$XCZ                DATA
 0002:00000464 00000104H .CRT$XIA                DATA
 0002:00000568 00000113H .CRT$XIC                DATA
 0002:0000067c 00000104H .CRT$XIZ                DATA
 0002:00000780 00000104H .CRT$XPA                DATA
 0002:00000884 00000109H .CRT$XPX                DATA
 0002:00000990 00000104H .CRT$XPXA               DATA
 0002:00000a94 00000104H .CRT$XPZ                DATA
 0002:00000b98 00000104H .CRT$XTA                DATA
 0002:00000c9c 00000104H .CRT$XTZ                DATA
 0002:00000da0 00012a81H .rdata                  DATA
 0002:00013824 000001b6H .rdata$debug            DATA
 0002:000139dc 000009fbH .rdata$r                DATA
 0002:000143e0 00000139H .rdata$sxdata           DATA
 0002:0001451c 00000104H .rtc$IAA                DATA
 0002:00014620 00000104H .rtc$IZZ                DATA
 0002:00014724 00000104H .rtc$TAA                DATA
 0002:00014828 00000104H .rtc$TZZ                DATA
 0002:00014930 00000fd9H .xdata$x                DATA
 0002:00015910 0000018dH .edata                  DATA
 0003:00000000 000016a3H .data                   DATA
 0003:000016a4 000004beH .data$r                 DATA
 0003:00001b80 000023b4H .bss                    DATA
 0004:00000000 000001e8H .idata$5                DATA
 0004:000001e8 00000028H .idata$2                DATA
 0004:00000210 00000014H .idata$3                DATA
 0004:00000224 000001e8H .idata$4                DATA
 0004:0000040c 000007ccH .idata$6                DATA
 0005:00000000 00000169H .rsrc$01                DATA
 0005:00000170 000002ccH .rsrc$02                DATA

  Address         Publics by Value              Rva+Base       Lib:Object

 0000:00000000       ___guard_fids_table        00000000     <absolute>
 0000:00000000       ___guard_fids_count        00000000     <absolute>
 0000:00000000       __except_list              00000000     <absolute>
 0000:00000000       ___guard_flags             00000000     <absolute>
 0000:0000000c       ___safe_se_handler_count   0000000c     <absolute>
 0000:00000000       ___ImageBase               10000000     <linker-defined>
 0001:000019e0       ??$?0V?$FunctorBind@XV?$InternalMemFunFunctor2@XVGtfMainWorkLoop@@AAVTask@gtf@@K@@U?$FunctorBindList3@V?$GtfFunctorInternalValueWrapper@PAVGtfMainWorkLoop@@@@V?$ReferenceWrapper@VGtfFunctorTask@@@@V?$GtfFunctorInternalValueWrapper@W4EPriorityValue@Task@gtf@@@@@@@@@?$GtfFunctor0@X@@QAE@ABV?$FunctorBind@XV?$InternalMemFunFunctor2@XVGtfMainWorkLoop@@AAVTask@gtf@@K@@U?$FunctorBindList3@V?$GtfFunctorInternalValueWrapper@PAVGtfMainWorkLoop@@@@V?$ReferenceWrapper@VGtfFunctorTask@@@@V?$GtfFunctorInternalValueWrapper@W4EPriorityValue@Task@gtf@@@@@@@@H@Z 100029e0 f i MusicServiceAccess.obj
 0001:00001a20       ??$?0V?$GtfFunctor2@W4Error@GtfTypesDP@@GK@@@?$GtfFunctor2@X$$CBG$$CBK@@QAE@ABV?$GtfFunctor2@W4Error@GtfTypesDP@@GK@@H@Z 10002a20 f i MusicServiceAccess.obj
 0001:00001a60       ??$?0V?$GtfFunctor2@XPBKK@@@?$GtfFunctor2@XQBK$$CBK@@QAE@ABV?$GtfFunctor2@XPBKK@@H@Z 10002a60 f i MusicServiceAccess.obj
 0001:00001aa0       ??$?0VGtfDataPool@@@?$GtfFunctor2@W4Error@GtfTypesDP@@GK@@QAE@P8GtfDataPool@@AE?AW4Error@GtfTypesDP@@GK@ZPAV1@@Z 10002aa0 f i MusicServiceAccess.obj
 0001:00001b10       ??$?0VMusicServiceAccess@@@?$GtfFunctor0@X@@QAE@P8MusicServiceAccess@@AEXXZPAV1@@Z 10002b10 f i MusicServiceAccess.obj
 0001:00001b80       ??$?0VMusicServiceAccess@@@?$GtfFunctor1@XVGtfEventHandle@@@@QAE@P8MusicServiceAccess@@AEXVGtfEventHandle@@@ZPAV1@@Z 10002b80 f i MusicServiceAccess.obj
 0001:00001bf0       ??$?0VMusicServiceAccess@@@?$GtfFunctor2@XPBKK@@QAE@P8MusicServiceAccess@@AEXPBKK@ZPAV1@@Z 10002bf0 f i MusicServiceAccess.obj
 0001:00001c60       ??$?APAVGtfMainWorkLoop@@@FunctorBindList0@@QBEAAPAVGtfMainWorkLoop@@AAV?$GtfFunctorInternalValueWrapper@PAVGtfMainWorkLoop@@@@@Z 10002c60 f i MusicServiceAccess.obj
 0001:00001c80       ??$?AVGtfFunctorTask@@@FunctorBindList0@@QBEAAVGtfFunctorTask@@ABV?$ReferenceWrapper@VGtfFunctorTask@@@@@Z 10002c80 f i MusicServiceAccess.obj
 0001:00001ca0       ??$?AW4EPriorityValue@Task@gtf@@@FunctorBindList0@@QBEAAW4EPriorityValue@Task@gtf@@AAV?$GtfFunctorInternalValueWrapper@W4EPriorityValue@Task@gtf@@@@@Z 10002ca0 f i MusicServiceAccess.obj
 0001:00001cc0       ??$?RV?$InternalMemFunFunctor2@XVGtfMainWorkLoop@@AAVTask@gtf@@K@@UFunctorBindList0@@@?$FunctorBindList3@V?$GtfFunctorInternalValueWrapper@PAVGtfMainWorkLoop@@@@V?$ReferenceWrapper@VGtfFunctorTask@@@@V?$GtfFunctorInternalValueWrapper@W4EPriorityValue@Task@gtf@@@@@@QAEXU?$GtfFunctorTypeParam@X@@AAV?$InternalMemFunFunctor2@XVGtfMainWorkLoop@@AAVTask@gtf@@K@@AAUFunctorBindList0@@H@Z 10002cc0 f i MusicServiceAccess.obj
 0001:00001d30       ??$Duplicate@V?$FunctorBind@XV?$InternalMemFunFunctor2@XVGtfMainWorkLoop@@AAVTask@gtf@@K@@U?$FunctorBindList3@V?$GtfFunctorInternalValueWrapper@PAVGtfMainWorkLoop@@@@V?$ReferenceWrapper@VGtfFunctorTask@@@@V?$GtfFunctorInternalValueWrapper@W4EPriorityValue@Task@gtf@@@@@@@@@?$GtfFunctorInternalGenericFunctorDuplicator@$00@@SAXAAUFunctionDataHolder@@ABV?$FunctorBind@XV?$InternalMemFunFunctor2@XVGtfMainWorkLoop@@AAVTask@gtf@@K@@U?$FunctorBindList3@V?$GtfFunctorInternalValueWrapper@PAVGtfMainWorkLoop@@@@V?$ReferenceWrapper@VGtfFunctorTask@@@@V?$GtfFunctorInternalValueWrapper@W4EPriorityValue@Task@gtf@@@@@@@@@Z 10002d30 f i MusicServiceAccess.obj
 0001:00001de0       ??$Duplicate@V?$GtfFunctor2@W4Error@GtfTypesDP@@GK@@@?$GtfFunctorInternalGenericFunctorDuplicator@$0A@@@SAXAAUFunctionDataHolder@@ABV?$GtfFunctor2@W4Error@GtfTypesDP@@GK@@@Z 10002de0 f i MusicServiceAccess.obj
 0001:00001e90       ??$Duplicate@V?$GtfFunctor2@XPBKK@@@?$GtfFunctorInternalGenericFunctorDuplicator@$0A@@@SAXAAUFunctionDataHolder@@ABV?$GtfFunctor2@XPBKK@@@Z 10002e90 f i MusicServiceAccess.obj
 0001:00001f40       ??$gtf_bind@W4Error@GtfTypesDP@@GKVGtfDataPool@@@@YA?AV?$GtfFunctor2@W4Error@GtfTypesDP@@GK@@P8GtfDataPool@@AE?AW4Error@GtfTypesDP@@GK@ZPAV1@@Z 10002f40 f i MusicServiceAccess.obj
 0001:00001f60       ??$gtf_bind@XPBKKVMusicServiceAccess@@@@YA?AV?$GtfFunctor2@XPBKK@@P8MusicServiceAccess@@AEXPBKK@ZPAV1@@Z 10002f60 f i MusicServiceAccess.obj
 0001:00001f80       ??$gtf_bind@XVGtfEventHandle@@VMusicServiceAccess@@@@YA?AV?$GtfFunctor1@XVGtfEventHandle@@@@P8MusicServiceAccess@@AEXVGtfEventHandle@@@ZPAV1@@Z 10002f80 f i MusicServiceAccess.obj
 0001:00001fa0       ??$gtf_bind@XVGtfMainWorkLoop@@AAVTask@gtf@@KPAV1@V?$ReferenceWrapper@VGtfFunctorTask@@@@W4EPriorityValue@23@@@YA?AV?$FunctorBind@XV?$InternalMemFunFunctor2@XVGtfMainWorkLoop@@AAVTask@gtf@@K@@U?$FunctorBindList3@V?$GtfFunctorInternalValueWrapper@PAVGtfMainWorkLoop@@@@V?$ReferenceWrapper@VGtfFunctorTask@@@@V?$GtfFunctorInternalValueWrapper@W4EPriorityValue@Task@gtf@@@@@@@@P8GtfMainWorkLoop@@AEXAAVTask@gtf@@K@ZPAV1@V?$ReferenceWrapper@VGtfFunctorTask@@@@W4EPriorityValue@23@@Z 10002fa0 f i MusicServiceAccess.obj
 0001:00002000       ??$gtf_bind@XVMusicServiceAccess@@@@YA?AV?$GtfFunctor0@X@@P8MusicServiceAccess@@AEXXZPAV1@@Z 10003000 f i MusicServiceAccess.obj
 0001:00002020       ??$gtf_ref@VGtfFunctorTask@@@@YA?AV?$ReferenceWrapper@VGtfFunctorTask@@@@AAVGtfFunctorTask@@@Z 10003020 f i MusicServiceAccess.obj
 0001:00002040       ??0?$FunctorBind@XV?$InternalMemFunFunctor2@XVGtfMainWorkLoop@@AAVTask@gtf@@K@@U?$FunctorBindList3@V?$GtfFunctorInternalValueWrapper@PAVGtfMainWorkLoop@@@@V?$ReferenceWrapper@VGtfFunctorTask@@@@V?$GtfFunctorInternalValueWrapper@W4EPriorityValue@Task@gtf@@@@@@@@QAE@V?$InternalMemFunFunctor2@XVGtfMainWorkLoop@@AAVTask@gtf@@K@@ABU?$FunctorBindList3@V?$GtfFunctorInternalValueWrapper@PAVGtfMainWorkLoop@@@@V?$ReferenceWrapper@VGtfFunctorTask@@@@V?$GtfFunctorInternalValueWrapper@W4EPriorityValue@Task@gtf@@@@@@@Z 10003040 f i MusicServiceAccess.obj
 0001:00002070       ??0?$FunctorBindList1@V?$GtfFunctorInternalValueWrapper@PAVGtfMainWorkLoop@@@@@@QAE@V?$GtfFunctorInternalValueWrapper@PAVGtfMainWorkLoop@@@@@Z 10003070 f i MusicServiceAccess.obj
 0001:00002090       ??0?$FunctorBindList2@V?$GtfFunctorInternalValueWrapper@PAVGtfMainWorkLoop@@@@V?$ReferenceWrapper@VGtfFunctorTask@@@@@@QAE@V?$GtfFunctorInternalValueWrapper@PAVGtfMainWorkLoop@@@@V?$ReferenceWrapper@VGtfFunctorTask@@@@@Z 10003090 f i MusicServiceAccess.obj
 0001:000020c0       ??0?$FunctorBindList3@V?$GtfFunctorInternalValueWrapper@PAVGtfMainWorkLoop@@@@V?$ReferenceWrapper@VGtfFunctorTask@@@@V?$GtfFunctorInternalValueWrapper@W4EPriorityValue@Task@gtf@@@@@@QAE@V?$GtfFunctorInternalValueWrapper@PAVGtfMainWorkLoop@@@@V?$ReferenceWrapper@VGtfFunctorTask@@@@V?$GtfFunctorInternalValueWrapper@W4EPriorityValue@Task@gtf@@@@@Z 100030c0 f i MusicServiceAccess.obj
 0001:00002100       ??0?$GtfFunctor0@X@@QAE@XZ 10003100 f i MusicServiceAccess.obj
 0001:00002130       ??0?$GtfFunctor2@W4Error@GtfTypesDP@@GK@@QAE@ABV0@@Z 10003130 f i MusicServiceAccess.obj
 0001:00002170       ??0?$GtfFunctor2@XPBKK@@QAE@ABV0@@Z 10003170 f i MusicServiceAccess.obj
 0001:000021b0       ??0?$GtfFunctorInternalValueWrapper@PAVGtfMainWorkLoop@@@@QAE@ABQAVGtfMainWorkLoop@@@Z 100031b0 f i MusicServiceAccess.obj
 0001:000021d0       ??0?$GtfFunctorInternalValueWrapper@W4EPriorityValue@Task@gtf@@@@QAE@ABW4EPriorityValue@Task@gtf@@@Z 100031d0 f i MusicServiceAccess.obj
 0001:000021f0       ??0?$InternalMemFunFunctor2@XVGtfMainWorkLoop@@AAVTask@gtf@@K@@QAE@P8GtfMainWorkLoop@@AEXAAVTask@gtf@@K@Z@Z 100031f0 f i MusicServiceAccess.obj
 0001:00002210       ??0?$MethodInvoker2@VGtfDataPool@@W4Error@GtfTypesDP@@GK@@QAE@P8GtfDataPool@@AE?AW4Error@GtfTypesDP@@GK@ZPAV1@@Z 10003210 f i MusicServiceAccess.obj
 0001:00002240       ??0?$ReferenceWrapper@VGtfFunctorTask@@@@QAE@AAVGtfFunctorTask@@@Z 10003240 f i MusicServiceAccess.obj
 0001:00002260       ??0?$VoidMethodInvoker0@VMusicServiceAccess@@X@@QAE@P8MusicServiceAccess@@AEXXZPAV1@@Z 10003260 f i MusicServiceAccess.obj
 0001:00002290       ??0?$VoidMethodInvoker1@VMusicServiceAccess@@XVGtfEventHandle@@@@QAE@P8MusicServiceAccess@@AEXVGtfEventHandle@@@ZPAV1@@Z 10003290 f i MusicServiceAccess.obj
 0001:000022c0       ??0?$VoidMethodInvoker2@VMusicServiceAccess@@XPBKK@@QAE@P8MusicServiceAccess@@AEXPBKK@ZPAV1@@Z 100032c0 f i MusicServiceAccess.obj
 0001:000022f0       ??0?$implementation@V?$InternalMemFunFunctor2@XVGtfMainWorkLoop@@AAVTask@gtf@@K@@U?$FunctorBindList3@V?$GtfFunctorInternalValueWrapper@PAVGtfMainWorkLoop@@@@V?$ReferenceWrapper@VGtfFunctorTask@@@@V?$GtfFunctorInternalValueWrapper@W4EPriorityValue@Task@gtf@@@@@@@?$BindFunctorSelector@X@@QAE@V?$InternalMemFunFunctor2@XVGtfMainWorkLoop@@AAVTask@gtf@@K@@ABU?$FunctorBindList3@V?$GtfFunctorInternalValueWrapper@PAVGtfMainWorkLoop@@@@V?$ReferenceWrapper@VGtfFunctorTask@@@@V?$GtfFunctorInternalValueWrapper@W4EPriorityValue@Task@gtf@@@@@@@Z 100032f0 f i MusicServiceAccess.obj
 0001:00002330       ??0FunctionDataHolder@@QAE@ABU0@@Z 10003330 f i MusicServiceAccess.obj
 0001:00002390       ??0FunctionDataHolder@@QAE@XZ 10003390 f i MusicServiceAccess.obj
 0001:000023b0       ??0FunctorBindList0@@QAE@XZ 100033b0 f i MusicServiceAccess.obj
 0001:000023d0       ??0GtfEvent@@QAE@ABVGtfEventHandle@@@Z 100033d0 f i MusicServiceAccess.obj
 0001:00002440       ??0GtfEventHandle@@QAE@ABV0@@Z 10003440 f i MusicServiceAccess.obj
 0001:000024a0       ??0GtfEventParamIterator@@QAE@XZ 100034a0 f i MusicServiceAccess.obj
 0001:000024e0       ??0GtfFunctorTask@@QAE@XZ  100034e0 f i MusicServiceAccess.obj
 0001:00002530       ??0MusicServiceAccess@@QAE@XZ 10003530 f   MusicServiceAccess.obj
 0001:000025e0       ??0MusicServiceAccessJNIManager@@QAE@XZ 100035e0 f i MusicServiceAccess.obj
 0001:00002600       ??0MusicServiceUpdateObserver@@QAE@XZ 10003600 f i MusicServiceAccess.obj
 0001:00002620       ??0Task@gtf@@QAE@XZ        10003620 f i MusicServiceAccess.obj
 0001:00002640       ??1?$GtfFunctor0@X@@QAE@XZ 10003640 f i MusicServiceAccess.obj
 0001:00002660       ??1?$GtfFunctor1@XVGtfEventHandle@@@@QAE@XZ 10003660 f i MusicServiceAccess.obj
 0001:00002680       ??1?$GtfFunctor2@W4Error@GtfTypesDP@@GK@@QAE@XZ 10003680 f i MusicServiceAccess.obj
 0001:000026a0       ??1?$GtfFunctor2@X$$CBG$$CBK@@QAE@XZ 100036a0 f i MusicServiceAccess.obj
 0001:000026c0       ??1?$GtfFunctor2@XPBKK@@QAE@XZ 100036c0 f i MusicServiceAccess.obj
 0001:000026e0       ??1?$GtfFunctor2@XQBK$$CBK@@QAE@XZ 100036e0 f i MusicServiceAccess.obj
 0001:00002700       ??1FunctionDataHolder@@QAE@XZ 10003700 f i MusicServiceAccess.obj
 0001:00002720       ??1GtfEvent@@QAE@XZ        10003720 f i MusicServiceAccess.obj
 0001:00002740       ??1GtfEventHandle@@QAE@XZ  10003740 f i MusicServiceAccess.obj
 0001:00002790       ??1GtfFunctorTask@@UAE@XZ  10003790 f i MusicServiceAccess.obj
 0001:000027d0       ??1MusicServiceAccess@@UAE@XZ 100037d0 f   MusicServiceAccess.obj
 0001:00002840       ??1MusicServiceAccessJNIManager@@QAE@XZ 10003840 f i MusicServiceAccess.obj
 0001:00002850       ??1MusicServiceUpdateObserver@@UAE@XZ 10003850 f i MusicServiceAccess.obj
 0001:00002870       ??1Task@gtf@@UAE@XZ        10003870 f i MusicServiceAccess.obj
 0001:00002890       ??2@YAPAXIPAX@Z            10003890 f i MusicServiceAccess.obj
 0001:000028a0       ??4?$GtfFunctor0@X@@QAEAAV0@ABV0@@Z 100038a0 f i MusicServiceAccess.obj
 0001:000028e0       ??4FunctionDataHolder@@QAEAAU0@ABU0@@Z 100038e0 f i MusicServiceAccess.obj
 0001:00002960       ??R?$GtfFunctor0@X@@QBEXXZ 10003960 f i MusicServiceAccess.obj
 0001:00002980       ??R?$GtfFunctor2@W4Error@GtfTypesDP@@GK@@QBE?AW4Error@GtfTypesDP@@GK@Z 10003980 f i MusicServiceAccess.obj
 0001:000029b0       ??R?$GtfFunctor2@XPBKK@@QBEXPBKK@Z 100039b0 f i MusicServiceAccess.obj
 0001:000029e0       ??R?$InternalMemFunFunctor2@XVGtfMainWorkLoop@@AAVTask@gtf@@K@@QBEXPAVGtfMainWorkLoop@@AAVTask@gtf@@K@Z 100039e0 f i MusicServiceAccess.obj
 0001:00002a10       ??R?$implementation@V?$InternalMemFunFunctor2@XVGtfMainWorkLoop@@AAVTask@gtf@@K@@U?$FunctorBindList3@V?$GtfFunctorInternalValueWrapper@PAVGtfMainWorkLoop@@@@V?$ReferenceWrapper@VGtfFunctorTask@@@@V?$GtfFunctorInternalValueWrapper@W4EPriorityValue@Task@gtf@@@@@@@?$BindFunctorSelector@X@@QAEXXZ 10003a10 f i MusicServiceAccess.obj
 0001:00002a51       ??_9GtfDataPool@@$BDA@AE   10003a51 f i MusicServiceAccess.obj
 0001:00002a56       ??_9GtfMainWorkLoop@@$BA@AE 10003a56 f i MusicServiceAccess.obj
 0001:00002a60       ??_G?$GtfFunctor2@W4Error@GtfTypesDP@@GK@@QAEPAXI@Z 10003a60 f i MusicServiceAccess.obj
 0001:00002aa0       ??_G?$GtfFunctor2@XPBKK@@QAEPAXI@Z 10003aa0 f i MusicServiceAccess.obj
 0001:00002ae0       ??_GGtfFunctorTask@@UAEPAXI@Z 10003ae0 f i MusicServiceAccess.obj
 0001:00002ae0       ??_EGtfFunctorTask@@UAEPAXI@Z 10003ae0 f i MusicServiceAccess.obj
 0001:00002b20       ??_EMusicServiceAccess@@UAEPAXI@Z 10003b20 f i MusicServiceAccess.obj
 0001:00002b20       ??_GMusicServiceAccess@@UAEPAXI@Z 10003b20 f i MusicServiceAccess.obj
 0001:00002b60       ??_EMusicServiceUpdateObserver@@UAEPAXI@Z 10003b60 f i MusicServiceAccess.obj
 0001:00002b60       ??_GMusicServiceUpdateObserver@@UAEPAXI@Z 10003b60 f i MusicServiceAccess.obj
 0001:00002ba0       ??_GTask@gtf@@UAEPAXI@Z    10003ba0 f i MusicServiceAccess.obj
 0001:00002ba0       ??_ETask@gtf@@UAEPAXI@Z    10003ba0 f i MusicServiceAccess.obj
 0001:00002be0       ?Destroy@FunctionDataHolder@@AAEXXZ 10003be0 f i MusicServiceAccess.obj
 0001:00002c20       ?Dispose@GtfFunctorTask@@UAEXXZ 10003c20 f i MusicServiceAccess.obj
 0001:00002c40       ?Execute@GtfFunctorTask@@UAEXXZ 10003c40 f i MusicServiceAccess.obj
 0001:00002c60       ?GetEventId@GtfEvent@@QAE_NAAK@Z 10003c60 f i MusicServiceAccess.obj
 0001:00002cb0       ?GetEventSystem@GtfEventHandle@@QBEPAVGtfEventSystem@@XZ 10003cb0 f i MusicServiceAccess.obj
 0001:00002cf0       ?GetGroupId@GtfEvent@@QAE_NAAK@Z 10003cf0 f i MusicServiceAccess.obj
 0001:00002d40       ?Move@FunctionDataHolder@@QAEXABU1@@Z 10003d40 f i MusicServiceAccess.obj
 0001:00002d90       ?ProcessDatapool@MusicServiceAccess@@AAEXQBKK@Z 10003d90 f   MusicServiceAccess.obj
 0001:00002da0       ?ProcessDpUpdate@MusicServiceAccess@@AAEXXZ 10003da0 f   MusicServiceAccess.obj
 0001:00002e60       ?ProcessEvUpdate@MusicServiceAccess@@AAEXXZ 10003e60 f   MusicServiceAccess.obj
 0001:00002ed0       ?ProcessEvent@MusicServiceAccess@@AAEXVGtfEventHandle@@@Z 10003ed0 f   MusicServiceAccess.obj
 0001:00003000       ?ProcessShutdown@MusicServiceAccess@@AAEXXZ 10004000 f   MusicServiceAccess.obj
 0001:00003190       ?ReadValue@GtfEvent@@QAE_NKKQAXK@Z 10004190 f i MusicServiceAccess.obj
 0001:000031f0       ?SetDisposeCallback@GtfFunctorTask@@QAEXABV?$GtfFunctor0@X@@@Z 100041f0 f i MusicServiceAccess.obj
 0001:00003220       ?SetExecuteCallback@GtfFunctorTask@@QAEXABV?$GtfFunctor0@X@@@Z 10004220 f i MusicServiceAccess.obj
 0001:00003250       ?Shutdown@MusicServiceAccess@@QAEXABV?$GtfFunctor0@X@@@Z 10004250 f   MusicServiceAccess.obj
 0001:00003310       ?Startup@MusicServiceAccess@@QAE_NAAVGtfCoreModel@@AAVGtfMainWorkLoop@@ABV?$GtfFunctor0@X@@@Z 10004310 f   MusicServiceAccess.obj
 0001:00003850       ?addTitle@MusicServiceAccess@@UAEX_N00@Z 10004850 f   MusicServiceAccess.obj
 0001:00003880       ?get@?$GtfFunctorInternalValueWrapper@PAVGtfMainWorkLoop@@@@QAEAAPAVGtfMainWorkLoop@@XZ 10004880 f i MusicServiceAccess.obj
 0001:000038a0       ?get@?$GtfFunctorInternalValueWrapper@W4EPriorityValue@Task@gtf@@@@QAEAAW4EPriorityValue@Task@gtf@@XZ 100048a0 f i MusicServiceAccess.obj
 0001:000038c0       ?get@?$ReferenceWrapper@VGtfFunctorTask@@@@QBEAAVGtfFunctorTask@@XZ 100048c0 f i MusicServiceAccess.obj
 0001:000038e0       ?getInstance@MusicServiceAccessJNIManager@@SAPAV1@XZ 100048e0 f i MusicServiceAccess.obj
 0001:00003930       ?invoke@?$ExtGenericFunctorVoidInvoker2@V?$GtfFunctor2@W4Error@GtfTypesDP@@GK@@X$$CBG$$CBK@@SAXPAUFunctionDataHolder@@GK@Z 10004930 f i MusicServiceAccess.obj
 0001:00003960       ?invoke@?$ExtGenericFunctorVoidInvoker2@V?$GtfFunctor2@XPBKK@@XQBK$$CBK@@SAXPAUFunctionDataHolder@@QBKK@Z 10004960 f i MusicServiceAccess.obj
 0001:00003990       ?invoke@?$GenericFunctorVoidInvoker0@V?$FunctorBind@XV?$InternalMemFunFunctor2@XVGtfMainWorkLoop@@AAVTask@gtf@@K@@U?$FunctorBindList3@V?$GtfFunctorInternalValueWrapper@PAVGtfMainWorkLoop@@@@V?$ReferenceWrapper@VGtfFunctorTask@@@@V?$GtfFunctorInternalValueWrapper@W4EPriorityValue@Task@gtf@@@@@@@@X@@SAXPAUFunctionDataHolder@@@Z 10004990 f i MusicServiceAccess.obj
 0001:000039b0       ?invoke@?$MethodInvoker2@VGtfDataPool@@W4Error@GtfTypesDP@@GK@@SA?AW4Error@GtfTypesDP@@PBUFunctionDataHolder@@GK@Z 100049b0 f i MusicServiceAccess.obj
 0001:000039e0       ?invoke@?$NilVoidFunctionInvoker0@X@@SAXPBUFunctionDataHolder@@@Z 100049e0 f i MusicServiceAccess.obj
 0001:000039f0       ?invoke@?$VoidMethodInvoker0@VMusicServiceAccess@@X@@SAXPBUFunctionDataHolder@@@Z 100049f0 f i MusicServiceAccess.obj
 0001:00003a20       ?invoke@?$VoidMethodInvoker1@VMusicServiceAccess@@XVGtfEventHandle@@@@SAXPBUFunctionDataHolder@@VGtfEventHandle@@@Z 10004a20 f i MusicServiceAccess.obj
 0001:00003a60       ?invoke@?$VoidMethodInvoker2@VMusicServiceAccess@@XPBKK@@SAXPBUFunctionDataHolder@@PBKK@Z 10004a60 f i MusicServiceAccess.obj
 0001:00003a90       ?manager@?$GtfFunctorExternalDataManager@V?$GtfFunctor2@W4Error@GtfTypesDP@@GK@@@@SAXPATFunctionData@FunctionDataHolder@@PBT23@W4EAction@3@@Z 10004a90 f i MusicServiceAccess.obj
 0001:00003b40       ?manager@?$GtfFunctorExternalDataManager@V?$GtfFunctor2@XPBKK@@@@SAXPATFunctionData@FunctionDataHolder@@PBT23@W4EAction@3@@Z 10004b40 f i MusicServiceAccess.obj
 0001:00003bf0       ?manager@?$GtfFunctorRawDataManager@V?$FunctorBind@XV?$InternalMemFunFunctor2@XVGtfMainWorkLoop@@AAVTask@gtf@@K@@U?$FunctorBindList3@V?$GtfFunctorInternalValueWrapper@PAVGtfMainWorkLoop@@@@V?$ReferenceWrapper@VGtfFunctorTask@@@@V?$GtfFunctorInternalValueWrapper@W4EPriorityValue@Task@gtf@@@@@@@@@@SAXPATFunctionData@FunctionDataHolder@@PBT23@W4EAction@3@@Z 10004bf0 f i MusicServiceAccess.obj
 0001:00003c60       ?unwrap@?$GtfFunctorInternalFunctorUnwrapper@V?$InternalMemFunFunctor2@XVGtfMainWorkLoop@@AAVTask@gtf@@K@@@@SAAAV?$InternalMemFunFunctor2@XVGtfMainWorkLoop@@AAVTask@gtf@@K@@AAV2@J@Z 10004c60 f i MusicServiceAccess.obj
 0001:00003c70       ??$_Allocate@D@std@@YAPADIPAD@Z 10004c70 f i MusicServiceAccessJNIManager.obj
 0001:00003cc0       ??$_Allocate@U_Container_proxy@std@@@std@@YAPAU_Container_proxy@0@IPAU10@@Z 10004cc0 f i MusicServiceAccessJNIManager.obj
 0001:00003d10       ??$_Debug_pointer@D@std@@YAXPBDPBGI@Z 10004d10 f i MusicServiceAccessJNIManager.obj
 0001:00003d40       ??$addressof@D@std@@YAPADAAD@Z 10004d40 f i MusicServiceAccessJNIManager.obj
 0001:00003d50       ??$construct@PADAAPAD@?$_Wrap_alloc@V?$allocator@D@std@@@std@@QAEXPAPADAAPAD@Z 10004d50 f i MusicServiceAccessJNIManager.obj
 0001:00003d90       ??$construct@PADAAPAD@?$allocator@D@std@@QAEXPAPADAAPAD@Z 10004d90 f i MusicServiceAccessJNIManager.obj
 0001:00003df0       ??$construct@PADAAPAD@?$allocator_traits@V?$allocator@D@std@@@std@@SAXAAV?$allocator@D@1@PAPADAAPAD@Z 10004df0 f i MusicServiceAccessJNIManager.obj
 0001:00003e20       ??$construct@U_Container_proxy@std@@U12@@?$allocator@U_Container_proxy@std@@@std@@QAEXPAU_Container_proxy@1@$$QAU21@@Z 10004e20 f i MusicServiceAccessJNIManager.obj
 0001:00003e90       ??$destroy@PAD@?$_Wrap_alloc@V?$allocator@D@std@@@std@@QAEXPAPAD@Z 10004e90 f i MusicServiceAccessJNIManager.obj
 0001:00003ec0       ??$destroy@PAD@?$allocator@D@std@@QAEXPAPAD@Z 10004ec0 f i MusicServiceAccessJNIManager.obj
 0001:00003ed0       ??$destroy@PAD@?$allocator_traits@V?$allocator@D@std@@@std@@SAXAAV?$allocator@D@1@PAPAD@Z 10004ed0 f i MusicServiceAccessJNIManager.obj
 0001:00003ef0       ??$forward@AAPAD@std@@YAAAPADAAPAD@Z 10004ef0 f i MusicServiceAccessJNIManager.obj
 0001:00003f00       ??$forward@U_Container_proxy@std@@@std@@YA$$QAU_Container_proxy@0@AAU10@@Z 10004f00 f i MusicServiceAccessJNIManager.obj
 0001:00003f10       ??0?$_String_alloc@$0A@U?$_String_base_types@DV?$allocator@D@std@@@std@@@std@@QAE@ABV?$allocator@D@1@@Z 10004f10 f i MusicServiceAccessJNIManager.obj
 0001:00003f40       ??0?$_String_val@U?$_Simple_types@D@std@@@std@@QAE@XZ 10004f40 f i MusicServiceAccessJNIManager.obj
 0001:00003f80       ??0?$_Wrap_alloc@V?$allocator@D@std@@@std@@QAE@XZ 10004f80 f i MusicServiceAccessJNIManager.obj
 0001:00003fa0       ??0?$allocator@D@std@@QAE@XZ 10004fa0 f i MusicServiceAccessJNIManager.obj
 0001:00003fc0       ??0?$allocator@U_Container_proxy@std@@@std@@QAE@XZ 10004fc0 f i MusicServiceAccessJNIManager.obj
 0001:00003fe0       ??0?$basic_string@DU?$char_traits@D@std@@V?$allocator@D@2@@std@@QAE@PBD@Z 10004fe0 f i MusicServiceAccessJNIManager.obj
 0001:00004030       ??0_Container_base12@std@@QAE@XZ 10005030 f i MusicServiceAccessJNIManager.obj
 0001:00004050       ??0_Container_proxy@std@@QAE@XZ 10005050 f i MusicServiceAccessJNIManager.obj
 0001:00004080       ??0_Generic_error_category@std@@QAE@XZ 10005080 f i MusicServiceAccessJNIManager.obj
 0001:000040b0       ??0_Iostream_error_category@std@@QAE@XZ 100050b0 f i MusicServiceAccessJNIManager.obj
 0001:000040e0       ??0_System_error_category@std@@QAE@XZ 100050e0 f i MusicServiceAccessJNIManager.obj
 0001:00004110       ??0error_category@std@@QAE@XZ 10005110 f i MusicServiceAccessJNIManager.obj
 0001:00004130       ??0error_condition@std@@QAE@HABVerror_category@1@@Z 10005130 f i MusicServiceAccessJNIManager.obj
 0001:00004160       ??0id@locale@std@@QAE@I@Z  10005160 f i MusicServiceAccessJNIManager.obj
 0001:00004180       ??1_Generic_error_category@std@@UAE@XZ 10005180 f i MusicServiceAccessJNIManager.obj
 0001:000041a0       ??1_Iostream_error_category@std@@UAE@XZ 100051a0 f i MusicServiceAccessJNIManager.obj
 0001:000041c0       ??1_System_error_category@std@@UAE@XZ 100051c0 f i MusicServiceAccessJNIManager.obj
 0001:000041e0       ??1error_category@std@@UAE@XZ 100051e0 f i MusicServiceAccessJNIManager.obj
 0001:00004200       ??8error_category@std@@QBE_NABV01@@Z 10005200 f i MusicServiceAccessJNIManager.obj
 0001:00004240       ??8error_condition@std@@QBE_NABV01@@Z 10005240 f i MusicServiceAccessJNIManager.obj
 0001:000042b0       ??_G_Generic_error_category@std@@UAEPAXI@Z 100052b0 f i MusicServiceAccessJNIManager.obj
 0001:000042b0       ??_E_Generic_error_category@std@@UAEPAXI@Z 100052b0 f i MusicServiceAccessJNIManager.obj
 0001:000042f0       ??_G_Iostream_error_category@std@@UAEPAXI@Z 100052f0 f i MusicServiceAccessJNIManager.obj
 0001:000042f0       ??_E_Iostream_error_category@std@@UAEPAXI@Z 100052f0 f i MusicServiceAccessJNIManager.obj
 0001:00004330       ??_E_System_error_category@std@@UAEPAXI@Z 10005330 f i MusicServiceAccessJNIManager.obj
 0001:00004330       ??_G_System_error_category@std@@UAEPAXI@Z 10005330 f i MusicServiceAccessJNIManager.obj
 0001:00004370       ??_Eerror_category@std@@UAEPAXI@Z 10005370 f i MusicServiceAccessJNIManager.obj
 0001:00004370       ??_Gerror_category@std@@UAEPAXI@Z 10005370 f i MusicServiceAccessJNIManager.obj
 0001:000043b0       ?_Alloc_proxy@?$_String_alloc@$0A@U?$_String_base_types@DV?$allocator@D@std@@@std@@@std@@QAEXXZ 100053b0 f i MusicServiceAccessJNIManager.obj
 0001:00004410       ?_Copy@?$basic_string@DU?$char_traits@D@std@@V?$allocator@D@2@@std@@QAEXII@Z 10005410 f i MusicServiceAccessJNIManager.obj
 0001:00004590       ?_Eos@?$basic_string@DU?$char_traits@D@std@@V?$allocator@D@2@@std@@QAEXI@Z 10005590 f i MusicServiceAccessJNIManager.obj
 0001:000045e0       ?_Getal@?$_String_alloc@$0A@U?$_String_base_types@DV?$allocator@D@std@@@std@@@std@@QBE?AU?$_Wrap_alloc@V?$allocator@D@std@@@2@XZ 100055e0 f i MusicServiceAccessJNIManager.obj
 0001:00004600       ?_Grow@?$basic_string@DU?$char_traits@D@std@@V?$allocator@D@2@@std@@QAE_NI_N@Z 10005600 f i MusicServiceAccessJNIManager.obj
 0001:000046d0       ?_Inside@?$basic_string@DU?$char_traits@D@std@@V?$allocator@D@2@@std@@QAE_NPBD@Z 100056d0 f i MusicServiceAccessJNIManager.obj
 0001:00004720       ?_Myptr@?$_String_val@U?$_Simple_types@D@std@@@std@@QAEPADXZ 10005720 f i MusicServiceAccessJNIManager.obj
 0001:00004770       ?_Myptr@?$_String_val@U?$_Simple_types@D@std@@@std@@QBEPBDXZ 10005770 f i MusicServiceAccessJNIManager.obj
 0001:000047c0       ?_Tidy@?$basic_string@DU?$char_traits@D@std@@V?$allocator@D@2@@std@@QAEX_NI@Z 100057c0 f i MusicServiceAccessJNIManager.obj
 0001:00004890       ?_Xlen@?$basic_string@DU?$char_traits@D@std@@V?$allocator@D@2@@std@@QBEXXZ 10005890 f i MusicServiceAccessJNIManager.obj
 0001:000048b0       ?_Xran@?$basic_string@DU?$char_traits@D@std@@V?$allocator@D@2@@std@@QBEXXZ 100058b0 f i MusicServiceAccessJNIManager.obj
 0001:000048d0       ?allocate@?$_Wrap_alloc@V?$allocator@D@std@@@std@@QAEPADI@Z 100058d0 f i MusicServiceAccessJNIManager.obj
 0001:000048f0       ?allocate@?$allocator@D@std@@QAEPADI@Z 100058f0 f i MusicServiceAccessJNIManager.obj
 0001:00004920       ?allocate@?$allocator@U_Container_proxy@std@@@std@@QAEPAU_Container_proxy@2@I@Z 10005920 f i MusicServiceAccessJNIManager.obj
 0001:00004950       ?assign@?$basic_string@DU?$char_traits@D@std@@V?$allocator@D@2@@std@@QAEAAV12@ABV12@II@Z 10005950 f i MusicServiceAccessJNIManager.obj
 0001:00004a30       ?assign@?$basic_string@DU?$char_traits@D@std@@V?$allocator@D@2@@std@@QAEAAV12@PBD@Z 10005a30 f i MusicServiceAccessJNIManager.obj
 0001:00004a80       ?assign@?$basic_string@DU?$char_traits@D@std@@V?$allocator@D@2@@std@@QAEAAV12@PBDI@Z 10005a80 f i MusicServiceAccessJNIManager.obj
 0001:00004b40       ?assign@?$char_traits@D@std@@SAXAADABD@Z 10005b40 f i MusicServiceAccessJNIManager.obj
 0001:00004b60       ?category@error_code@std@@QBEABVerror_category@2@XZ 10005b60 f i MusicServiceAccessJNIManager.obj
 0001:00004b80       ?category@error_condition@std@@QBEABVerror_category@2@XZ 10005b80 f i MusicServiceAccessJNIManager.obj
 0001:00004ba0       ?copy@?$char_traits@D@std@@SAPADPADPBDI@Z 10005ba0 f i MusicServiceAccessJNIManager.obj
 0001:00004be0       ?deallocate@?$_Wrap_alloc@V?$allocator@D@std@@@std@@QAEXPADI@Z 10005be0 f i MusicServiceAccessJNIManager.obj
 0001:00004c10       ?deallocate@?$allocator@D@std@@QAEXPADI@Z 10005c10 f i MusicServiceAccessJNIManager.obj
 0001:00004c30       ?default_error_condition@_System_error_category@std@@UBE?AVerror_condition@2@H@Z 10005c30 f i MusicServiceAccessJNIManager.obj
 0001:00004c90       ?default_error_condition@error_category@std@@UBE?AVerror_condition@2@H@Z 10005c90 f i MusicServiceAccessJNIManager.obj
 0001:00004cc0       ?deinitialize@MusicServiceAccessJNIManager@@QAEXXZ 10005cc0 f   MusicServiceAccessJNIManager.obj
 0001:00004cd0       ?equivalent@error_category@std@@UBE_NABVerror_code@2@H@Z 10005cd0 f i MusicServiceAccessJNIManager.obj
 0001:00004d30       ?equivalent@error_category@std@@UBE_NHABVerror_condition@2@@Z 10005d30 f i MusicServiceAccessJNIManager.obj
 0001:00004d70       ?erase@?$basic_string@DU?$char_traits@D@std@@V?$allocator@D@2@@std@@QAEAAV12@I@Z 10005d70 f i MusicServiceAccessJNIManager.obj
 0001:00004db0       ?erase@?$basic_string@DU?$char_traits@D@std@@V?$allocator@D@2@@std@@QAEAAV12@II@Z 10005db0 f i MusicServiceAccessJNIManager.obj
 0001:00004e60       ?generic_category@std@@YAABVerror_category@1@XZ 10005e60 f i MusicServiceAccessJNIManager.obj
 0001:00004e70       ?getObserver@MusicServiceAccessJNIManager@@QAEPAVMusicServiceUpdateObserver@@XZ 10005e70 f   MusicServiceAccessJNIManager.obj
 0001:00004e90       ?length@?$char_traits@D@std@@SAIPBD@Z 10005e90 f i MusicServiceAccessJNIManager.obj
 0001:00004ed0       ?max_size@?$_Wrap_alloc@V?$allocator@D@std@@@std@@QBEIXZ 10005ed0 f i MusicServiceAccessJNIManager.obj
 0001:00004ef0       ?max_size@?$allocator@D@std@@QBEIXZ 10005ef0 f i MusicServiceAccessJNIManager.obj
 0001:00004f10       ?max_size@?$allocator_traits@V?$allocator@D@std@@@std@@SAIABV?$allocator@D@2@@Z 10005f10 f i MusicServiceAccessJNIManager.obj
 0001:00004f20       ?max_size@?$basic_string@DU?$char_traits@D@std@@V?$allocator@D@2@@std@@QBEIXZ 10005f20 f i MusicServiceAccessJNIManager.obj
 0001:00004f70       ?message@_Generic_error_category@std@@UBE?AV?$basic_string@DU?$char_traits@D@std@@V?$allocator@D@2@@2@H@Z 10005f70 f i MusicServiceAccessJNIManager.obj
 0001:00004fd0       ?message@_Iostream_error_category@std@@UBE?AV?$basic_string@DU?$char_traits@D@std@@V?$allocator@D@2@@2@H@Z 10005fd0 f i MusicServiceAccessJNIManager.obj
 0001:00005020       ?message@_System_error_category@std@@UBE?AV?$basic_string@DU?$char_traits@D@std@@V?$allocator@D@2@@2@H@Z 10006020 f i MusicServiceAccessJNIManager.obj
 0001:00005080       ?move@?$char_traits@D@std@@SAPADPADPBDI@Z 10006080 f i MusicServiceAccessJNIManager.obj
 0001:000050c0       ?name@_Generic_error_category@std@@UBEPBDXZ 100060c0 f i MusicServiceAccessJNIManager.obj
 0001:000050e0       ?name@_Iostream_error_category@std@@UBEPBDXZ 100060e0 f i MusicServiceAccessJNIManager.obj
 0001:00005100       ?name@_System_error_category@std@@UBEPBDXZ 10006100 f i MusicServiceAccessJNIManager.obj
 0001:00005120       ?pauseTitle@MusicServiceAccessJNIManager@@QAEXXZ 10006120 f   MusicServiceAccessJNIManager.obj
 0001:00005130       ?playTitle@MusicServiceAccessJNIManager@@QAEXPAD@Z 10006130 f   MusicServiceAccessJNIManager.obj
 0001:00005140       ?registerObserver@MusicServiceAccessJNIManager@@QAEXPAVMusicServiceUpdateObserver@@@Z 10006140 f   MusicServiceAccessJNIManager.obj
 0001:00005170       ?size@?$basic_string@DU?$char_traits@D@std@@V?$allocator@D@2@@std@@QBEIXZ 10006170 f i MusicServiceAccessJNIManager.obj
 0001:00005190       ?system_category@std@@YAABVerror_category@1@XZ 10006190 f i MusicServiceAccessJNIManager.obj
 0001:000051a0       ?unregisterObserver@MusicServiceAccessJNIManager@@QAEXPAVMusicServiceUpdateObserver@@@Z 100061a0 f   MusicServiceAccessJNIManager.obj
 0001:000051d0       ?value@error_code@std@@QBEHXZ 100061d0 f i MusicServiceAccessJNIManager.obj
 0001:000051f0       ?value@error_condition@std@@QBEHXZ 100061f0 f i MusicServiceAccessJNIManager.obj
 0001:00005210       _hypot                     10006210 f i MusicServiceAccessJNIManager.obj
 0001:00005240       ??$?0VMusicServiceAccessMsgReceiver@@@?$GtfFunctor0@X@@QAE@P8MusicServiceAccessMsgReceiver@@AEXXZPAV1@@Z 10006240 f i MusicServiceAccessSO.obj
 0001:000052b0       ??$gtf_bind@XVMusicServiceAccessMsgReceiver@@@@YA?AV?$GtfFunctor0@X@@P8MusicServiceAccessMsgReceiver@@AEXXZPAV1@@Z 100062b0 f i MusicServiceAccessSO.obj
 0001:000052d0       ??0?$GtfPluginFactory@VMusicServiceAccessMsgReceiver@@@@AAE@XZ 100062d0 f i MusicServiceAccessSO.obj
 0001:00005320       ??0?$VoidMethodInvoker0@VMusicServiceAccessMsgReceiver@@X@@QAE@P8MusicServiceAccessMsgReceiver@@AEXXZPAV1@@Z 10006320 f i MusicServiceAccessSO.obj
 0001:00005350       ??0GtfMsgExtReceiver@@QAE@XZ 10006350 f i MusicServiceAccessSO.obj
 0001:00005390       ??0GtfMsgReceiver@@QAE@XZ  10006390 f i MusicServiceAccessSO.obj
 0001:000053b0       ??0GtfPlugin@@QAE@XZ       100063b0 f i MusicServiceAccessSO.obj
 0001:000053d0       ??0MusicServiceAccessMsgReceiver@@QAE@XZ 100063d0 f   MusicServiceAccessSO.obj
 0001:00005440       ??1?$GtfPluginFactory@VMusicServiceAccessMsgReceiver@@@@UAE@XZ 10006440 f i MusicServiceAccessSO.obj
 0001:00005470       ??1GtfMsgExtReceiver@@UAE@XZ 10006470 f i MusicServiceAccessSO.obj
 0001:000054a0       ??1GtfMsgReceiver@@UAE@XZ  100064a0 f i MusicServiceAccessSO.obj
 0001:000054c0       ??1GtfPlugin@@UAE@XZ       100064c0 f i MusicServiceAccessSO.obj
 0001:000054e0       ??1MusicServiceAccessMsgReceiver@@UAE@XZ 100064e0 f i MusicServiceAccessSO.obj
 0001:00005510       ??2GtfMemory@@SAPAXI@Z     10006510 f i MusicServiceAccessSO.obj
 0001:00005530       ??3GtfMemory@@SAXPAX@Z     10006530 f i MusicServiceAccessSO.obj
 0001:00005550       ??_G?$GtfPluginFactory@VMusicServiceAccessMsgReceiver@@@@UAEPAXI@Z 10006550 f i MusicServiceAccessSO.obj
 0001:00005550       ??_E?$GtfPluginFactory@VMusicServiceAccessMsgReceiver@@@@UAEPAXI@Z 10006550 f i MusicServiceAccessSO.obj
 0001:00005590       ??_EGtfMsgExtReceiver@@UAEPAXI@Z 10006590 f i MusicServiceAccessSO.obj
 0001:00005590       ??_GGtfMsgExtReceiver@@UAEPAXI@Z 10006590 f i MusicServiceAccessSO.obj
 0001:000055d0       ??_EGtfMsgReceiver@@UAEPAXI@Z 100065d0 f i MusicServiceAccessSO.obj
 0001:000055d0       ??_GGtfMsgReceiver@@UAEPAXI@Z 100065d0 f i MusicServiceAccessSO.obj
 0001:00005610       ??_EGtfPlugin@@UAEPAXI@Z   10006610 f i MusicServiceAccessSO.obj
 0001:00005610       ??_GGtfPlugin@@UAEPAXI@Z   10006610 f i MusicServiceAccessSO.obj
 0001:00005650       ??_GMusicServiceAccessMsgReceiver@@UAEPAXI@Z 10006650 f i MusicServiceAccessSO.obj
 0001:00005650       ??_EMusicServiceAccessMsgReceiver@@UAEPAXI@Z 10006650 f i MusicServiceAccessSO.obj
 0001:00005690       ?GetMessenger@GtfMsgExtReceiver@@QAEPAVGtfMessenger@@XZ 10006690 f i MusicServiceAccessSO.obj
 0001:000056b0       ?HandleInterface@GtfMsgExtReceiver@@UAEXKKGQAX@Z 100066b0 f i MusicServiceAccessSO.obj
 0001:000056c0       ?HandleInterface@MusicServiceAccessMsgReceiver@@UAEXKKGQAX@Z 100066c0 f   MusicServiceAccessSO.obj
 0001:00005710       ?HandleMessage@GtfMsgExtReceiver@@UAEXUGtfMsgHandle@@@Z 10006710 f i MusicServiceAccessSO.obj
 0001:00005720       ?HandleMessage@MusicServiceAccessMsgReceiver@@UAEXUGtfMsgHandle@@@Z 10006720 f   MusicServiceAccessSO.obj
 0001:00005730       ?HandleRunlevel@GtfMsgExtReceiver@@UAEGGC@Z 10006730 f i MusicServiceAccessSO.obj
 0001:00005750       ?HandleRunlevel@MusicServiceAccessMsgReceiver@@UAEGGC@Z 10006750 f   MusicServiceAccessSO.obj
 0001:00005910       ?Init@GtfMsgExtReceiver@@QAEXAAVGtfPluginLoader@@@Z 10006910 f i MusicServiceAccessSO.obj
 0001:00005950       ?IsAsyncReceiver@GtfMsgExtReceiver@@UAE_NXZ 10006950 f i MusicServiceAccessSO.obj
 0001:00005960       ?LockRunlevel@MusicServiceAccessMsgReceiver@@AAEXXZ 10006960 f   MusicServiceAccessSO.obj
 0001:000059e0       ?PerformTask@GtfMsgExtReceiver@@UAEXAAVTask@gtf@@@Z 100069e0 f i MusicServiceAccessSO.obj
 0001:000059f0       ?RequestShutdownOnFailure@MusicServiceAccessMsgReceiver@@AAEXXZ 100069f0 f   MusicServiceAccessSO.obj
 0001:00005af0       ?UnlockRunlevel@MusicServiceAccessMsgReceiver@@AAEXXZ 10006af0 f   MusicServiceAccessSO.obj
 0001:00005b70       ?create@?$GtfPluginFactory@VMusicServiceAccessMsgReceiver@@@@SAPAVGtfPlugin@@XZ 10006b70 f i MusicServiceAccessSO.obj
 0001:00005bc0       ?destroy@?$GtfPluginFactory@VMusicServiceAccessMsgReceiver@@@@SAXQAVGtfPlugin@@@Z 10006bc0 f i MusicServiceAccessSO.obj
 0001:00005c10       ?getInterfaceId@GtfPlugin@@UAEKXZ 10006c10 f i MusicServiceAccessSO.obj
 0001:00005c30       ?getVersion@GtfPlugin@@UAEKXZ 10006c30 f i MusicServiceAccessSO.obj
 0001:00005c50       ?invoke@?$VoidMethodInvoker0@VMusicServiceAccessMsgReceiver@@X@@SAXPBUFunctionDataHolder@@@Z 10006c50 f i MusicServiceAccessSO.obj
 0001:00005c80       ?setInterface@?$GtfPluginFactory@VMusicServiceAccessMsgReceiver@@@@UAEXKKQAX@Z 10006c80 f i MusicServiceAccessSO.obj
 0001:00005cc0       ?shutdown@MusicServiceAccessMsgReceiver@@QAEXXZ 10006cc0 f   MusicServiceAccessSO.obj
 0001:00005d10       ?start@?$GtfPluginFactory@VMusicServiceAccessMsgReceiver@@@@UAE_NXZ 10006d10 f i MusicServiceAccessSO.obj
 0001:00005d50       ?startup@MusicServiceAccessMsgReceiver@@QAEXAAVGtfPluginLoader@@@Z 10006d50 f   MusicServiceAccessSO.obj
 0001:00005de0       ?stop@?$GtfPluginFactory@VMusicServiceAccessMsgReceiver@@@@UAEXXZ 10006de0 f i MusicServiceAccessSO.obj
 0001:00005e10       _gtf_createPlugin          10006e10 f   MusicServiceAccessSO.obj
 0001:00005e20       _gtf_destroyPlugin         10006e20 f   MusicServiceAccessSO.obj
 0001:00005e36       _gtf_mem_malloc            10006e36 f   GtfCommon:GtfCommon.dll
 0001:00005e3c       _gtf_mem_free              10006e3c f   GtfCommon:GtfCommon.dll
 0001:00005e50       ?_Debug_message@std@@YAXPBG0I@Z 10006e50 f   libcpmtd:stdthrow.obj
 0001:00005e70       ?_Debug_message@std@@YAXPB_W0I@Z 10006e70 f   libcpmtd:stdthrow.obj
 0001:00005ea0       ??$_Debug_pointer@D@std@@YAXPBDPB_WI@Z 10006ea0 f i libcpmtd:xthrow.obj
 0001:00005ec0       ??$destroy@U_Container_proxy@std@@@?$allocator@U_Container_proxy@std@@@std@@QAEXPAU_Container_proxy@1@@Z 10006ec0 f i libcpmtd:xthrow.obj
 0001:00005ed0       ??0_Ignore@std@@QAE@XZ     10006ed0 f i libcpmtd:xthrow.obj
 0001:00005ee0       ??0bad_alloc@std@@QAE@ABV01@@Z 10006ee0 f i libcpmtd:xthrow.obj
 0001:00005f10       ??0bad_alloc@std@@QAE@XZ   10006f10 f i libcpmtd:xthrow.obj
 0001:00005f40       ??0bad_function_call@std@@QAE@ABV01@@Z 10006f40 f i libcpmtd:xthrow.obj
 0001:00005f70       ??0bad_function_call@std@@QAE@PBD@Z 10006f70 f i libcpmtd:xthrow.obj
 0001:00005fa0       ??0invalid_argument@std@@QAE@ABV01@@Z 10006fa0 f i libcpmtd:xthrow.obj
 0001:00005fd0       ??0invalid_argument@std@@QAE@PBD@Z 10006fd0 f i libcpmtd:xthrow.obj
 0001:00006000       ??0length_error@std@@QAE@ABV01@@Z 10007000 f i libcpmtd:xthrow.obj
 0001:00006030       ??0length_error@std@@QAE@PBD@Z 10007030 f i libcpmtd:xthrow.obj
 0001:00006060       ??0logic_error@std@@QAE@ABV01@@Z 10007060 f i libcpmtd:xthrow.obj
 0001:00006090       ??0logic_error@std@@QAE@PBD@Z 10007090 f i libcpmtd:xthrow.obj
 0001:000060c0       ??0out_of_range@std@@QAE@ABV01@@Z 100070c0 f i libcpmtd:xthrow.obj
 0001:000060f0       ??0out_of_range@std@@QAE@PBD@Z 100070f0 f i libcpmtd:xthrow.obj
 0001:00006120       ??0overflow_error@std@@QAE@ABV01@@Z 10007120 f i libcpmtd:xthrow.obj
 0001:00006150       ??0overflow_error@std@@QAE@PBD@Z 10007150 f i libcpmtd:xthrow.obj
 0001:00006180       ??0regex_error@std@@QAE@ABV01@@Z 10007180 f i libcpmtd:xthrow.obj
 0001:000061c0       ??0regex_error@std@@QAE@W4error_type@regex_constants@1@@Z 100071c0 f i libcpmtd:xthrow.obj
 0001:00006200       ??0runtime_error@std@@QAE@ABV01@@Z 10007200 f i libcpmtd:xthrow.obj
 0001:00006230       ??0runtime_error@std@@QAE@PBD@Z 10007230 f i libcpmtd:xthrow.obj
 0001:00006260       ??1?$_String_alloc@$0A@U?$_String_base_types@DV?$allocator@D@std@@@std@@@std@@QAE@XZ 10007260 f i libcpmtd:xthrow.obj
 0001:00006280       ??1?$_String_val@U?$_Simple_types@D@std@@@std@@QAE@XZ 10007280 f i libcpmtd:xthrow.obj
 0001:000062a0       ??1_Container_base12@std@@QAE@XZ 100072a0 f i libcpmtd:xthrow.obj
 0001:000062c0       ??1bad_alloc@std@@UAE@XZ   100072c0 f i libcpmtd:xthrow.obj
 0001:000062e0       ??1bad_function_call@std@@UAE@XZ 100072e0 f i libcpmtd:xthrow.obj
 0001:00006300       ??1invalid_argument@std@@UAE@XZ 10007300 f i libcpmtd:xthrow.obj
 0001:00006320       ??1length_error@std@@UAE@XZ 10007320 f i libcpmtd:xthrow.obj
 0001:00006340       ??1logic_error@std@@UAE@XZ 10007340 f i libcpmtd:xthrow.obj
 0001:00006360       ??1out_of_range@std@@UAE@XZ 10007360 f i libcpmtd:xthrow.obj
 0001:00006380       ??1overflow_error@std@@UAE@XZ 10007380 f i libcpmtd:xthrow.obj
 0001:000063a0       ??1regex_error@std@@UAE@XZ 100073a0 f i libcpmtd:xthrow.obj
 0001:000063c0       ??1runtime_error@std@@UAE@XZ 100073c0 f i libcpmtd:xthrow.obj
 0001:000063e0       ??3@YAXPAX0@Z              100073e0 f i libcpmtd:xthrow.obj
 0001:000063f0       ??_Gbad_alloc@std@@UAEPAXI@Z 100073f0 f i libcpmtd:xthrow.obj
 0001:000063f0       ??_Ebad_alloc@std@@UAEPAXI@Z 100073f0 f i libcpmtd:xthrow.obj
 0001:00006420       ??_Ebad_function_call@std@@UAEPAXI@Z 10007420 f i libcpmtd:xthrow.obj
 0001:00006420       ??_Gbad_function_call@std@@UAEPAXI@Z 10007420 f i libcpmtd:xthrow.obj
 0001:00006450       ??_Ginvalid_argument@std@@UAEPAXI@Z 10007450 f i libcpmtd:xthrow.obj
 0001:00006450       ??_Einvalid_argument@std@@UAEPAXI@Z 10007450 f i libcpmtd:xthrow.obj
 0001:00006480       ??_Glength_error@std@@UAEPAXI@Z 10007480 f i libcpmtd:xthrow.obj
 0001:00006480       ??_Elength_error@std@@UAEPAXI@Z 10007480 f i libcpmtd:xthrow.obj
 0001:000064b0       ??_Glogic_error@std@@UAEPAXI@Z 100074b0 f i libcpmtd:xthrow.obj
 0001:000064b0       ??_Elogic_error@std@@UAEPAXI@Z 100074b0 f i libcpmtd:xthrow.obj
 0001:000064e0       ??_Eout_of_range@std@@UAEPAXI@Z 100074e0 f i libcpmtd:xthrow.obj
 0001:000064e0       ??_Gout_of_range@std@@UAEPAXI@Z 100074e0 f i libcpmtd:xthrow.obj
 0001:00006510       ??_Goverflow_error@std@@UAEPAXI@Z 10007510 f i libcpmtd:xthrow.obj
 0001:00006510       ??_Eoverflow_error@std@@UAEPAXI@Z 10007510 f i libcpmtd:xthrow.obj
 0001:00006540       ??_Gregex_error@std@@UAEPAXI@Z 10007540 f i libcpmtd:xthrow.obj
 0001:00006540       ??_Eregex_error@std@@UAEPAXI@Z 10007540 f i libcpmtd:xthrow.obj
 0001:00006570       ??_Gruntime_error@std@@UAEPAXI@Z 10007570 f i libcpmtd:xthrow.obj
 0001:00006570       ??_Eruntime_error@std@@UAEPAXI@Z 10007570 f i libcpmtd:xthrow.obj
 0001:000065a0       ?_Free_proxy@?$_String_alloc@$0A@U?$_String_base_types@DV?$allocator@D@std@@@std@@@std@@QAEXXZ 100075a0 f i libcpmtd:xthrow.obj
 0001:000065f0       ?_Orphan_all@_Container_base12@std@@QAEXXZ 100075f0 f i libcpmtd:xthrow.obj
 0001:00006660       ?_Stringify@regex_error@std@@CAPBDW4error_type@regex_constants@2@@Z 10007660 f i libcpmtd:xthrow.obj
 0001:00006730       ?_Xbad_alloc@std@@YAXXZ    10007730 f   libcpmtd:xthrow.obj
 0001:00006750       ?_Xbad_function_call@std@@YAXXZ 10007750 f   libcpmtd:xthrow.obj
 0001:00006780       ?_Xinvalid_argument@std@@YAXPBD@Z 10007780 f   libcpmtd:xthrow.obj
 0001:000067b0       ?_Xlength_error@std@@YAXPBD@Z 100077b0 f   libcpmtd:xthrow.obj
 0001:000067e0       ?_Xout_of_range@std@@YAXPBD@Z 100077e0 f   libcpmtd:xthrow.obj
 0001:00006810       ?_Xoverflow_error@std@@YAXPBD@Z 10007810 f   libcpmtd:xthrow.obj
 0001:00006840       ?_Xregex_error@std@@YAXW4error_type@regex_constants@1@@Z 10007840 f   libcpmtd:xthrow.obj
 0001:00006870       ?_Xruntime_error@std@@YAXPBD@Z 10007870 f   libcpmtd:xthrow.obj
 0001:000068a0       ?deallocate@?$allocator@U_Container_proxy@std@@@std@@QAEXPAU_Container_proxy@2@I@Z 100078a0 f i libcpmtd:xthrow.obj
 0001:000068c0       ?what@bad_function_call@std@@UBEPBDXZ 100078c0 f i libcpmtd:xthrow.obj
 0001:000068d0       ?_Syserror_map@std@@YAPBDH@Z 100078d0 f   libcpmtd:syserror.obj
 0001:00006920       ?_Winerror_map@std@@YAPBDH@Z 10007920 f   libcpmtd:syserror.obj
 0001:00006970       ??0_Init_locks@std@@QAE@XZ 10007970 f   libcpmtd:xlock.obj
 0001:000069c0       ??0_Lockit@std@@QAE@H@Z    100079c0 f   libcpmtd:xlock.obj
 0001:00006a10       ??0_Lockit@std@@QAE@XZ     10007a10 f   libcpmtd:xlock.obj
 0001:00006a60       ??1_Init_locks@std@@QAE@XZ 10007a60 f   libcpmtd:xlock.obj
 0001:00006ab0       ??1_Lockit@std@@QAE@XZ     10007ab0 f   libcpmtd:xlock.obj
 0001:00006af0       ?_Init_locks_ctor@_Init_locks@std@@CAXPAV12@@Z 10007af0 f   libcpmtd:xlock.obj
 0001:00006b40       ?_Init_locks_dtor@_Init_locks@std@@CAXPAV12@@Z 10007b40 f   libcpmtd:xlock.obj
 0001:00006b90       ?_Lockit_ctor@_Lockit@std@@CAXPAV12@@Z 10007b90 f   libcpmtd:xlock.obj
 0001:00006bb0       ?_Lockit_ctor@_Lockit@std@@CAXPAV12@H@Z 10007bb0 f   libcpmtd:xlock.obj
 0001:00006bf0       ?_Lockit_ctor@_Lockit@std@@SAXH@Z 10007bf0 f   libcpmtd:xlock.obj
 0001:00006c20       ?_Lockit_dtor@_Lockit@std@@CAXPAV12@@Z 10007c20 f   libcpmtd:xlock.obj
 0001:00006c40       ?_Lockit_dtor@_Lockit@std@@SAXH@Z 10007c40 f   libcpmtd:xlock.obj
 0001:00006c70       __Mtxdst                   10007c70 f   libcpmtd:xmtx.obj
 0001:00006c80       __Mtxinit                  10007c80 f   libcpmtd:xmtx.obj
 0001:00006ca0       __Mtxlock                  10007ca0 f   libcpmtd:xmtx.obj
 0001:00006cb0       __Mtxunlock                10007cb0 f   libcpmtd:xmtx.obj
 0001:00006cc0       __Once                     10007cc0 f   libcpmtd:xmtx.obj
 0001:00006d20       __get_purecall_handler     10007d20 f   LIBCMTD:purevirt.obj
 0001:00006d40       __purecall                 10007d40 f   LIBCMTD:purevirt.obj
 0001:00006d80       __set_purecall_handler     10007d80 f   LIBCMTD:purevirt.obj
 0001:00006db0       ??3@YAXPAX@Z               10007db0 f   LIBCMTD:dbgdel.obj
 0001:00006ea0       ___onexitinit              10007ea0 f   LIBCMTD:onexit.obj
 0001:00006f00       __onexit                   10007f00 f   LIBCMTD:onexit.obj
 0001:000070c0       _atexit                    100080c0 f   LIBCMTD:onexit.obj
 0001:000070f0       @__security_check_cookie@4 100080f0 f   LIBCMTD:secchk.obj
 0001:00007100       _memset                    10008100 f   LIBCMTD:memset.obj
 0001:00007190       ??2@YAPAXI@Z               10008190 f   LIBCMTD:new.obj
 0001:000071e0       __cabs                     100081e0 f   LIBCMTD:hypot.obj
 0001:00007210       __hypot                    10008210 f   LIBCMTD:hypot.obj
 0001:00007570       _memcpy                    10008570 f   LIBCMTD:memcpy.obj
 0001:00007bc0       _strlen                    10008bc0 f   LIBCMTD:strlen.obj
 0001:00007c50       _memmove                   10008c50 f   LIBCMTD:memmove.obj
 0001:000082a0       __fpmath                   100092a0 f   LIBCMTD:fpinit.obj
 0001:000082c0       ___setfflag                100092c0 f   LIBCMTD:fpinit.obj
 0001:000082e0       __cfltcvt_init             100092e0 f   LIBCMTD:fpinit.obj
 0001:000083a0       __CRT_INIT@12              100093a0 f   LIBCMTD:dllcrt0.obj
 0001:000085f0       __DllMainCRTStartup@12     100095f0 f   LIBCMTD:dllcrt0.obj
 0001:000087e0       ___DllXcptFilter           100097e0 f   LIBCMTD:dllcrt0.obj
 0001:00008810       ?_CrtDbgReportW@@YAHHPBGH00ZZ 10009810 f   LIBCMTD:dbgrptw.obj
 0001:00008860       __CrtDbgReportW            10009860 f   LIBCMTD:dbgrptw.obj
 0001:000088b0       __CrtDbgReportWV           100098b0 f i LIBCMTD:dbgrptw.obj
 0001:000088e0       __CrtSetReportHookW2       100098e0 f   LIBCMTD:dbgrptw.obj
 0001:00008c30       ___crtMessageWindowW       10009c30 f   LIBCMTD:dbgrptw.obj
 0001:000090e0       __invoke_watson_if_error   1000a0e0 f i LIBCMTD:dbgrptw.obj
 0001:00009110       __invoke_watson_if_oneof   1000a110 f i LIBCMTD:dbgrptw.obj
 0001:00009150       ??0__non_rtti_object@std@@QAE@ABV01@@Z 1000a150 f   LIBCMTD:stdexcpt.obj
 0001:00009180       ??0__non_rtti_object@std@@QAE@PBD@Z 1000a180 f   LIBCMTD:stdexcpt.obj
 0001:000091b0       ??0bad_cast@std@@QAE@ABV01@@Z 1000a1b0 f   LIBCMTD:stdexcpt.obj
 0001:000091e0       ??0bad_cast@std@@QAE@PBD@Z 1000a1e0 f   LIBCMTD:stdexcpt.obj
 0001:00009210       ??0bad_typeid@std@@QAE@ABV01@@Z 1000a210 f   LIBCMTD:stdexcpt.obj
 0001:00009240       ??0bad_typeid@std@@QAE@PBD@Z 1000a240 f   LIBCMTD:stdexcpt.obj
 0001:00009270       ??0exception@std@@QAE@ABQBD@Z 1000a270 f   LIBCMTD:stdexcpt.obj
 0001:000092b0       ??0exception@std@@QAE@ABQBDH@Z 1000a2b0 f   LIBCMTD:stdexcpt.obj
 0001:000092e0       ??0exception@std@@QAE@ABV01@@Z 1000a2e0 f   LIBCMTD:stdexcpt.obj
 0001:00009320       ??0exception@std@@QAE@XZ   1000a320 f   LIBCMTD:stdexcpt.obj
 0001:00009350       ??1__non_rtti_object@std@@UAE@XZ 1000a350 f   LIBCMTD:stdexcpt.obj
 0001:00009370       ??1bad_cast@std@@UAE@XZ    1000a370 f   LIBCMTD:stdexcpt.obj
 0001:00009390       ??1bad_typeid@std@@UAE@XZ  1000a390 f   LIBCMTD:stdexcpt.obj
 0001:000093b0       ??1exception@std@@UAE@XZ   1000a3b0 f   LIBCMTD:stdexcpt.obj
 0001:000093d0       ??4exception@std@@QAEAAV01@ABV01@@Z 1000a3d0 f   LIBCMTD:stdexcpt.obj
 0001:00009420       ??_G__non_rtti_object@std@@UAEPAXI@Z 1000a420 f i LIBCMTD:stdexcpt.obj
 0001:00009420       ??_E__non_rtti_object@std@@UAEPAXI@Z 1000a420 f i LIBCMTD:stdexcpt.obj
 0001:00009450       ??_Ebad_cast@std@@UAEPAXI@Z 1000a450 f i LIBCMTD:stdexcpt.obj
 0001:00009450       ??_Gbad_cast@std@@UAEPAXI@Z 1000a450 f i LIBCMTD:stdexcpt.obj
 0001:00009480       ??_Gbad_typeid@std@@UAEPAXI@Z 1000a480 f i LIBCMTD:stdexcpt.obj
 0001:00009480       ??_Ebad_typeid@std@@UAEPAXI@Z 1000a480 f i LIBCMTD:stdexcpt.obj
 0001:000094b0       ??_Eexception@std@@UAEPAXI@Z 1000a4b0 f i LIBCMTD:stdexcpt.obj
 0001:000094b0       ??_Gexception@std@@UAEPAXI@Z 1000a4b0 f i LIBCMTD:stdexcpt.obj
 0001:000094e0       ?_Copy_str@exception@std@@AAEXPBD@Z 1000a4e0 f   LIBCMTD:stdexcpt.obj
 0001:00009540       ?_Tidy@exception@std@@AAEXXZ 1000a540 f   LIBCMTD:stdexcpt.obj
 0001:00009580       ?what@exception@std@@UBEPBDXZ 1000a580 f   LIBCMTD:stdexcpt.obj
 0001:000095b0       __CxxThrowException@8      1000a5b0 f   LIBCMTD:throw.obj
 0001:00009750       ?_CallCatchBlock2@@YAPAXPAUEHRegistrationNode@@PBU_s_FuncInfo@@PAXHK@Z 1000a750 f   LIBCMTD:_trnsctrl_.obj
 0001:000097c0       ?_CallMemberFunction0@@YGXPAX0@Z 1000a7c0 f   LIBCMTD:_trnsctrl_.obj
 0001:000097d0       ?_CallMemberFunction1@@YGXPAX00@Z 1000a7d0 f   LIBCMTD:_trnsctrl_.obj
 0001:000097e0       ?_CallMemberFunction2@@YGXPAX00H@Z 1000a7e0 f   LIBCMTD:_trnsctrl_.obj
 0001:000097f0       ?_CallSETranslator@@YAHPAUEHExceptionRecord@@PAUEHRegistrationNode@@PAX2PBU_s_FuncInfo@@H1@Z 1000a7f0 f   LIBCMTD:_trnsctrl_.obj
 0001:000098e0       ?_GetRangeOfTrysToCheck@@YAPBU_s_TryBlockMapEntry@@PBU_s_FuncInfo@@HHPAI1@Z 1000a8e0 f   LIBCMTD:_trnsctrl_.obj
 0001:00009970       ?_JumpToContinuation@@YGXPAXPAUEHRegistrationNode@@@Z 1000a970 f   LIBCMTD:_trnsctrl_.obj
 0001:000099b0       ?_UnwindNestedFrames@@YGXPAUEHRegistrationNode@@PAUEHExceptionRecord@@@Z 1000a9b0 f   LIBCMTD:_trnsctrl_.obj
 0001:00009a10       __CreateFrameInfo          1000aa10 f   LIBCMTD:_trnsctrl_.obj
 0001:00009a40       __FindAndUnlinkFrame       1000aa40 f   LIBCMTD:_trnsctrl_.obj
 0001:00009aa0       __IsExceptionObjectToBeDestroyed 1000aaa0 f   LIBCMTD:_trnsctrl_.obj
 0001:00009ad0       ___CxxFrameHandler         1000aad0 f   LIBCMTD:_trnsctrl_.obj
 0001:00009b10       ___CxxFrameHandler2        1000ab10 f   LIBCMTD:_trnsctrl_.obj
 0001:00009b50       ___CxxFrameHandler3        1000ab50 f   LIBCMTD:_trnsctrl_.obj
 0001:00009b90       ___CxxLongjmpUnwind@4      1000ab90 f   LIBCMTD:_trnsctrl_.obj
 0001:00009bc0       ??0type_info@@AAE@ABV0@@Z  1000abc0 f   LIBCMTD:typinfo.obj
 0001:00009be0       ??1type_info@@UAE@XZ       1000abe0 f   LIBCMTD:typinfo.obj
 0001:00009c00       ??4type_info@@AAEAAV0@ABV0@@Z 1000ac00 f   LIBCMTD:typinfo.obj
 0001:00009c10       ??8type_info@@QBE_NABV0@@Z 1000ac10 f   LIBCMTD:typinfo.obj
 0001:00009c50       ??9type_info@@QBE_NABV0@@Z 1000ac50 f   LIBCMTD:typinfo.obj
 0001:00009c90       ??_Gtype_info@@UAEPAXI@Z   1000ac90 f i LIBCMTD:typinfo.obj
 0001:00009c90       ??_Etype_info@@UAEPAXI@Z   1000ac90 f i LIBCMTD:typinfo.obj
 0001:00009cc0       ?_name_internal_method@type_info@@QBEPBDPAU__type_info_node@@@Z 1000acc0 f   LIBCMTD:typinfo.obj
 0001:00009ce0       ?_type_info_dtor_internal_method@type_info@@QAEXXZ 1000ace0 f   LIBCMTD:typinfo.obj
 0001:00009d00       ?before@type_info@@QBE_NABV1@@Z 1000ad00 f   LIBCMTD:typinfo.obj
 0001:00009d40       ?name@type_info@@QBEPBDPAU__type_info_node@@@Z 1000ad40 f   LIBCMTD:typinfo.obj
 0001:00009d60       ?raw_name@type_info@@QBEPBDXZ 1000ad60 f   LIBCMTD:typinfo.obj
 0001:00009d80       __lock                     1000ad80 f   LIBCMTD:mlock.obj
 0001:00009dc0       __lockerr_exit             1000adc0 f   LIBCMTD:mlock.obj
 0001:00009df0       __mtdeletelocks            1000adf0 f   LIBCMTD:mlock.obj
 0001:00009eb0       __mtinitlocknum            1000aeb0 f   LIBCMTD:mlock.obj
 0001:00009fd0       __mtinitlocks              1000afd0 f   LIBCMTD:mlock.obj
 0001:0000a050       __unlock                   1000b050 f   LIBCMTD:mlock.obj
 0001:0000a0c0       ___crtCloseThreadpoolTimer 1000b0c0 f   LIBCMTD:winapisupp.obj
 0001:0000a0f0       ___crtCloseThreadpoolWait  1000b0f0 f   LIBCMTD:winapisupp.obj
 0001:0000a120       ___crtCreateEventExW       1000b120 f   LIBCMTD:winapisupp.obj
 0001:0000a180       ___crtCreateSemaphoreExW   1000b180 f   LIBCMTD:winapisupp.obj
 0001:0000a1e0       ___crtCreateSymbolicLinkW  1000b1e0 f   LIBCMTD:winapisupp.obj
 0001:0000a220       ___crtCreateThreadpoolTimer 1000b220 f   LIBCMTD:winapisupp.obj
 0001:0000a260       ___crtCreateThreadpoolWait 1000b260 f   LIBCMTD:winapisupp.obj
 0001:0000a2a0       ___crtFlsAlloc             1000b2a0 f   LIBCMTD:winapisupp.obj
 0001:0000a2d0       ___crtFlsFree              1000b2d0 f   LIBCMTD:winapisupp.obj
 0001:0000a310       ___crtFlsGetValue          1000b310 f   LIBCMTD:winapisupp.obj
 0001:0000a350       ___crtFlsSetValue          1000b350 f   LIBCMTD:winapisupp.obj
 0001:0000a390       ___crtFlushProcessWriteBuffers 1000b390 f   LIBCMTD:winapisupp.obj
 0001:0000a3c0       ___crtFreeLibraryWhenCallbackReturns 1000b3c0 f   LIBCMTD:winapisupp.obj
 0001:0000a3f0       ___crtGetCurrentProcessorNumber 1000b3f0 f   LIBCMTD:winapisupp.obj
 0001:0000a420       ___crtGetFileInformationByHandleEx 1000b420 f   LIBCMTD:winapisupp.obj
 0001:0000a460       ___crtGetLogicalProcessorInformation 1000b460 f   LIBCMTD:winapisupp.obj
 0001:0000a4a0       ___crtGetShowWindowMode    1000b4a0 f   LIBCMTD:winapisupp.obj
 0001:0000a4d0       ___crtGetTickCount64       1000b4d0 f   LIBCMTD:winapisupp.obj
 0001:0000a500       ___crtInitializeCriticalSectionEx 1000b500 f   LIBCMTD:winapisupp.obj
 0001:0000a550       ___crtIsPackagedApp        1000b550 f   LIBCMTD:winapisupp.obj
 0001:0000a590       ___crtLoadWinApiPointers   1000b590 f   LIBCMTD:winapisupp.obj
 0001:0000aa30       ___crtSetFileInformationByHandle 1000ba30 f   LIBCMTD:winapisupp.obj
 0001:0000aa70       ___crtSetThreadStackGuarantee 1000ba70 f   LIBCMTD:winapisupp.obj
 0001:0000aaa0       ___crtSetThreadpoolTimer   1000baa0 f   LIBCMTD:winapisupp.obj
 0001:0000aae0       ___crtSetThreadpoolWait    1000bae0 f   LIBCMTD:winapisupp.obj
 0001:0000ab10       ___crtSetUnhandledExceptionFilter 1000bb10 f   LIBCMTD:winapisupp.obj
 0001:0000ab20       ___crtSleep                1000bb20 f   LIBCMTD:winapisupp.obj
 0001:0000ab30       ___crtTerminateProcess     1000bb30 f   LIBCMTD:winapisupp.obj
 0001:0000ab50       ___crtUnhandledException   1000bb50 f   LIBCMTD:winapisupp.obj
 0001:0000ab70       ___crtWaitForThreadpoolTimerCallbacks 1000bb70 f   LIBCMTD:winapisupp.obj
 0001:0000aba0       __FF_MSGBANNER             1000bba0 f   LIBCMTD:crt0msg.obj
 0001:0000abf0       __GET_RTERRMSG             1000bbf0 f   LIBCMTD:crt0msg.obj
 0001:0000ac30       __NMSG_WRITE               1000bc30 f   LIBCMTD:crt0msg.obj
 0001:0000aff0       __set_abort_behavior       1000bff0 f   LIBCMTD:abort.obj
 0001:0000b020       _abort                     1000c020 f   LIBCMTD:abort.obj
 0001:0000b090       ___getlocaleinfo           1000c090 f   LIBCMTD:inithelp.obj
 0001:0000b390       __initp_misc_purevirt      1000c390 f   LIBCMTD:inithelp.obj
 0001:0000b3a0       ??0_LocaleUpdate@@QAE@PAUlocaleinfo_struct@@@Z 1000c3a0 f i LIBCMTD:dbgheap.obj
 0001:0000b480       ??1_LocaleUpdate@@QAE@XZ   1000c480 f i LIBCMTD:dbgheap.obj
 0001:0000b4b0       ?GetLocaleT@_LocaleUpdate@@QAEPAUlocaleinfo_struct@@XZ 1000c4b0 f i LIBCMTD:dbgheap.obj
 0001:0000b950       __CrtCheckMemory           1000c950 f   LIBCMTD:dbgheap.obj
 0001:0000bdb0       __CrtDoForAllClientObjects 1000cdb0 f   LIBCMTD:dbgheap.obj
 0001:0000bee0       __CrtDumpMemoryLeaks       1000cee0 f   LIBCMTD:dbgheap.obj
 0001:0000bf80       __CrtGetAllocHook          1000cf80 f   LIBCMTD:dbgheap.obj
 0001:0000bf90       __CrtGetCheckCount         1000cf90 f   LIBCMTD:dbgheap.obj
 0001:0000bfa0       __CrtGetDumpClient         1000cfa0 f   LIBCMTD:dbgheap.obj
 0001:0000bfb0       __CrtIsMemoryBlock         1000cfb0 f   LIBCMTD:dbgheap.obj
 0001:0000c120       __CrtIsValidHeapPointer    1000d120 f   LIBCMTD:dbgheap.obj
 0001:0000c160       __CrtIsValidPointer        1000d160 f   LIBCMTD:dbgheap.obj
 0001:0000c190       __CrtMemCheckpoint         1000d190 f   LIBCMTD:dbgheap.obj
 0001:0000c3c0       __CrtMemDifference         1000d3c0 f   LIBCMTD:dbgheap.obj
 0001:0000c620       __CrtMemDumpAllObjectsSince 1000d620 f   LIBCMTD:dbgheap.obj
 0001:0000c660       __CrtMemDumpStatistics     1000d660 f   LIBCMTD:dbgheap.obj
 0001:0000c780       __CrtReportBlockType       1000d780 f   LIBCMTD:dbgheap.obj
 0001:0000c7b0       __CrtSetAllocHook          1000d7b0 f   LIBCMTD:dbgheap.obj
 0001:0000c7d0       __CrtSetBreakAlloc         1000d7d0 f   LIBCMTD:dbgheap.obj
 0001:0000c7f0       __CrtSetCheckCount         1000d7f0 f   LIBCMTD:dbgheap.obj
 0001:0000c810       __CrtSetDbgBlockType       1000d810 f   LIBCMTD:dbgheap.obj
 0001:0000c900       __CrtSetDbgFlag            1000d900 f   LIBCMTD:dbgheap.obj
 0001:0000ca50       __CrtSetDebugFillThreshold 1000da50 f   LIBCMTD:dbgheap.obj
 0001:0000ca70       __CrtSetDumpClient         1000da70 f   LIBCMTD:dbgheap.obj
 0001:0000ca90       __aligned_free             1000da90 f   LIBCMTD:dbgheap.obj
 0001:0000cab0       __aligned_free_dbg         1000dab0 f   LIBCMTD:dbgheap.obj
 0001:0000cb60       __aligned_malloc           1000db60 f   LIBCMTD:dbgheap.obj
 0001:0000cb80       __aligned_malloc_dbg       1000db80 f   LIBCMTD:dbgheap.obj
 0001:0000cba0       __aligned_msize            1000dba0 f   LIBCMTD:dbgheap.obj
 0001:0000cbc0       __aligned_msize_dbg        1000dbc0 f   LIBCMTD:dbgheap.obj
 0001:0000cce0       __aligned_offset_malloc    1000dce0 f   LIBCMTD:dbgheap.obj
 0001:0000cd00       __aligned_offset_malloc_dbg 1000dd00 f   LIBCMTD:dbgheap.obj
 0001:0000cee0       __aligned_offset_realloc   1000dee0 f   LIBCMTD:dbgheap.obj
 0001:0000cf10       __aligned_offset_realloc_dbg 1000df10 f   LIBCMTD:dbgheap.obj
 0001:0000d220       __aligned_offset_recalloc  1000e220 f   LIBCMTD:dbgheap.obj
 0001:0000d250       __aligned_offset_recalloc_dbg 1000e250 f   LIBCMTD:dbgheap.obj
 0001:0000d310       __aligned_realloc          1000e310 f   LIBCMTD:dbgheap.obj
 0001:0000d330       __aligned_realloc_dbg      1000e330 f   LIBCMTD:dbgheap.obj
 0001:0000d360       __aligned_recalloc         1000e360 f   LIBCMTD:dbgheap.obj
 0001:0000d390       __aligned_recalloc_dbg     1000e390 f   LIBCMTD:dbgheap.obj
 0001:0000d3c0       __calloc_dbg               1000e3c0 f   LIBCMTD:dbgheap.obj
 0001:0000d420       __calloc_dbg_impl          1000e420 f   LIBCMTD:dbgheap.obj
 0001:0000d4a0       __expand                   1000e4a0 f   LIBCMTD:dbgheap.obj
 0001:0000d4d0       __expand_dbg               1000e4d0 f   LIBCMTD:dbgheap.obj
 0001:0000d600       __free_dbg                 1000e600 f   LIBCMTD:dbgheap.obj
 0001:0000d680       __free_dbg_nolock          1000e680 f   LIBCMTD:dbgheap.obj
 0001:0000db80       __free_nolock              1000eb80 f   LIBCMTD:dbgheap.obj
 0001:0000dba0       __heap_alloc               1000eba0 f   LIBCMTD:dbgheap.obj
 0001:0000dbc0       __heap_alloc_dbg           1000ebc0 f   LIBCMTD:dbgheap.obj
 0001:0000dfe0       __malloc_dbg               1000efe0 f   LIBCMTD:dbgheap.obj
 0001:0000e010       __msize                    1000f010 f   LIBCMTD:dbgheap.obj
 0001:0000e030       __msize_dbg                1000f030 f   LIBCMTD:dbgheap.obj
 0001:0000e240       __nh_malloc                1000f240 f   LIBCMTD:dbgheap.obj
 0001:0000e260       __nh_malloc_dbg            1000f260 f   LIBCMTD:dbgheap.obj
 0001:0000e4f0       __realloc_dbg              1000f4f0 f   LIBCMTD:dbgheap.obj
 0001:0000e590       __recalloc                 1000f590 f   LIBCMTD:dbgheap.obj
 0001:0000e5c0       __recalloc_dbg             1000f5c0 f   LIBCMTD:dbgheap.obj
 0001:0000ece0       __except_handler4          1000fce0 f   LIBCMTD:chandler4.obj
 0001:0000eea0       ___copy_path_to_wide_string 1000fea0 f   LIBCMTD:crt0dat.obj
 0001:0000f090       ___copy_to_char            10010090 f   LIBCMTD:crt0dat.obj
 0001:0000f280       ___crtCorExitProcess       10010280 f   LIBCMTD:crt0dat.obj
 0001:0000f2c0       ___crtExitProcess          100102c0 f   LIBCMTD:crt0dat.obj
 0001:0000f2e0       ___freeCrtMemory           100102e0 f   LIBCMTD:crt0dat.obj
 0001:0000f4b0       __amsg_exit                100104b0 f   LIBCMTD:crt0dat.obj
 0001:0000f4d0       __c_exit                   100104d0 f   LIBCMTD:crt0dat.obj
 0001:0000f4f0       __cexit                    100104f0 f   LIBCMTD:crt0dat.obj
 0001:0000f510       __cinit                    10010510 f   LIBCMTD:crt0dat.obj
 0001:0000f5b0       __exit                     100105b0 f   LIBCMTD:crt0dat.obj
 0001:0000f5d0       __exit_app                 100105d0 f   LIBCMTD:crt0dat.obj
 0001:0000f5f0       __get_pgmptr               100105f0 f   LIBCMTD:crt0dat.obj
 0001:0000f710       __get_wpgmptr              10010710 f   LIBCMTD:crt0dat.obj
 0001:0000f830       __init_pointers            10010830 f   LIBCMTD:crt0dat.obj
 0001:0000f8c0       __initterm_e               100108c0 f   LIBCMTD:crt0dat.obj
 0001:0000f900       __lockexit                 10010900 f   LIBCMTD:crt0dat.obj
 0001:0000f910       __unlockexit               10010910 f   LIBCMTD:crt0dat.obj
 0001:0000fb10       _exit                      10010b10 f   LIBCMTD:crt0dat.obj
 0001:0000fb30       ___raise_securityfailure   10010b30 f   LIBCMTD:gs_report.obj
 0001:0000fb80       ___report_gsfailure        10010b80 f   LIBCMTD:gs_report.obj
 0001:0000fc90       ___report_rangecheckfailure 10010c90 f   LIBCMTD:gs_report.obj
 0001:0000fca0       ___report_securityfailure  10010ca0 f   LIBCMTD:gs_report.obj
 0001:0000fd80       ___report_securityfailureEx 10010d80 f   LIBCMTD:gs_report.obj
 0001:0000feb0       __VEC_memset               10010eb0 f   LIBCMTD:p4_memset.obj
 0001:0000ff80       ___isa_available_init      10010f80 f   LIBCMTD:cpu_disp.obj
 0001:00010230       _malloc                    10011230 f   LIBCMTD:dbgmalloc.obj
 0001:00010260       ?_query_new_handler@@YAP6AHI@ZXZ 10011260 f   LIBCMTD:handler.obj
 0001:00010280       ?_set_new_handler@@YAP6AHI@ZH@Z 10011280 f   LIBCMTD:handler.obj
 0001:000102c0       ?_set_new_handler@@YAP6AHI@ZP6AHI@Z@Z 100112c0 f   LIBCMTD:handler.obj
 0001:00010300       __callnewh                 10011300 f   LIBCMTD:handler.obj
 0001:00010340       __initp_heap_handler       10011340 f   LIBCMTD:handler.obj
 0001:00010350       __CIsqrt                   10011350 f   LIBCMTD:sqrt.obj
 0001:00010364       _sqrt                      10011364     LIBCMTD:sqrt.obj
 0001:00010410       __add_exp                  10011410 f   LIBCMTD:util.obj
 0001:00010440       __decomp                   10011440 f   LIBCMTD:util.obj
 0001:00010560       __get_exp                  10011560 f   LIBCMTD:util.obj
 0001:00010590       __set_bexp                 10011590 f   LIBCMTD:util.obj
 0001:000105c0       __set_exp                  100115c0 f   LIBCMTD:util.obj
 0001:00010600       __sptype                   10011600 f   LIBCMTD:util.obj
 0001:00010680       __errcode                  10011680 f   LIBCMTD:fpexcept.obj
 0001:000106f0       __except1                  100116f0 f   LIBCMTD:fpexcept.obj
 0001:000107f0       __except2                  100117f0 f   LIBCMTD:fpexcept.obj
 0001:00010940       __handle_exc               10011940 f   LIBCMTD:fpexcept.obj
 0001:00010c60       __handle_qnan1             10011c60 f   LIBCMTD:fpexcept.obj
 0001:00010cc0       __handle_qnan2             10011cc0 f   LIBCMTD:fpexcept.obj
 0001:00010d30       __raise_exc                10011d30 f   LIBCMTD:fpexcept.obj
 0001:00010d60       __raise_exc_ex             10011d60 f   LIBCMTD:fpexcept.obj
 0001:000112e0       __raise_excf               100122e0 f   LIBCMTD:fpexcept.obj
 0001:00011310       __set_errno_from_matherr   10012310 f   LIBCMTD:fpexcept.obj
 0001:00011350       __umatherr                 10012350 f   LIBCMTD:fpexcept.obj
 0001:000113f0       ___clrfp_sse2              100123f0 f   LIBCMTD:fpctrl.obj
 0001:00011430       ___ctrlfp_sse2             10012430 f   LIBCMTD:fpctrl.obj
 0001:00011490       ___fclrf_sse2              10012490 f   LIBCMTD:fpctrl.obj
 0001:000114b0       ___get_fpsr_sse2           100124b0 f   LIBCMTD:fpctrl.obj
 0001:000114e0       ___set_fpsr_sse2           100124e0 f   LIBCMTD:fpctrl.obj
 0001:000115c0       ___set_statfp_sse2         100125c0 f   LIBCMTD:fpctrl.obj
 0001:000115f0       ___statfp_sse2             100125f0 f   LIBCMTD:fpctrl.obj
 0001:00011620       __clrfp                    10012620 f   LIBCMTD:fpctrl.obj
 0001:00011640       __ctrlfp                   10012640 f   LIBCMTD:fpctrl.obj
 0001:00011670       __set_statfp               10012670 f   LIBCMTD:fpctrl.obj
 0001:000116e0       __statfp                   100126e0 f   LIBCMTD:fpctrl.obj
 0001:000116f0       ?strrchr@@YAPADPADH@Z      100126f0 f i LIBCMTD:cvt.obj
 0001:00011710       __cfltcvt                  10012710 f   LIBCMTD:cvt.obj
 0001:00011740       __cfltcvt_l                10012740 f   LIBCMTD:cvt.obj
 0001:00011800       __cftoa                    10012800 f   LIBCMTD:cvt.obj
 0001:00011830       __cftoa_l                  10012830 f   LIBCMTD:cvt.obj
 0001:000120a0       __cftoe                    100130a0 f   LIBCMTD:cvt.obj
 0001:000124e0       __cftoe_l                  100134e0 f   LIBCMTD:cvt.obj
 0001:00012710       __cftof                    10013710 f   LIBCMTD:cvt.obj
 0001:000129c0       __cftof_l                  100139c0 f   LIBCMTD:cvt.obj
 0001:00012bc0       __cftog                    10013bc0 f   LIBCMTD:cvt.obj
 0001:00012bf0       __cftog_l                  10013bf0 f   LIBCMTD:cvt.obj
 0001:00012e80       __cropzeros                10013e80 f   LIBCMTD:cvt.obj
 0001:00012ea0       __cropzeros_l              10013ea0 f   LIBCMTD:cvt.obj
 0001:00012fc0       __fassign                  10013fc0 f   LIBCMTD:cvt.obj
 0001:00012fe0       __fassign_l                10013fe0 f   LIBCMTD:cvt.obj
 0001:00013030       __forcdecpt                10014030 f   LIBCMTD:cvt.obj
 0001:00013050       __forcdecpt_l              10014050 f   LIBCMTD:cvt.obj
 0001:00013120       __positive                 10014120 f   LIBCMTD:cvt.obj
 0001:00013180       __setdefaultprecision      10014180 f   LIBCMTD:fp8.obj
 0001:000131c0       __initp_misc_cfltcvt_tab   100141c0 f   LIBCMTD:cmiscdat.obj
 0001:00013200       __XcptFilter               10014200 f   LIBCMTD:winxfltr.obj
 0001:00013400       ___CppXcptFilter           10014400 f   LIBCMTD:winxfltr.obj
 0001:00013490       ___get_flsindex            10014490 f   LIBCMTD:tidtable.obj
 0001:000134a0       ___threadhandle            100144a0 f   LIBCMTD:tidtable.obj
 0001:000134b0       ___threadid                100144b0 f   LIBCMTD:tidtable.obj
 0001:000134c0       __freefls@4                100144c0 f   LIBCMTD:tidtable.obj
 0001:000136c0       __freeptd                  100146c0 f   LIBCMTD:tidtable.obj
 0001:00013700       __getptd                   10014700 f   LIBCMTD:tidtable.obj
 0001:00013730       __getptd_noexit            10014730 f   LIBCMTD:tidtable.obj
 0001:000137e0       __initptd                  100147e0 f   LIBCMTD:tidtable.obj
 0001:00013920       __mtinit                   10014920 f   LIBCMTD:tidtable.obj
 0001:000139d0       __mtterm                   100149d0 f   LIBCMTD:tidtable.obj
 0001:00013a00       __get_heap_handle          10014a00 f   LIBCMTD:heapinit.obj
 0001:00013a40       __heap_init                10014a40 f   LIBCMTD:heapinit.obj
 0001:00013a70       __heap_term                10014a70 f   LIBCMTD:heapinit.obj
 0001:00013a80       __ioinit                   10014a80 f   LIBCMTD:ioinit.obj
 0001:00013f60       __ioterm                   10014f60 f   LIBCMTD:ioinit.obj
 0001:00014000       __set_pgmptr               10015000 f i LIBCMTD:stdargv.obj
 0001:00014010       __setargv                  10015010 f   LIBCMTD:stdargv.obj
 0001:000144e0       __setenvp                  100154e0 f   LIBCMTD:stdenvp.obj
 0001:00014680       ___security_init_cookie    10015680 f   LIBCMTD:gs_support.obj
 0001:00014760       _DllMain@12                10015760 f   LIBCMTD:dllmain.obj
 0001:00014770       ___crtGetEnvironmentStringsA 10015770 f   LIBCMTD:a_env.obj
 0001:00014870       __RTC_Initialize           10015870 f   LIBCMTD:initsect.obj
 0001:000148a0       __RTC_Terminate            100158a0 f   LIBCMTD:initsect.obj
 0001:000148d0       ?_invalid_parameter@@YAXPBG00II@Z 100158d0 f   LIBCMTD:invarg.obj
 0001:00014900       ?_invoke_watson@@YAXPBG00II@Z 10015900 f   LIBCMTD:invarg.obj
 0001:00014920       __call_reportfault         10015920 f   LIBCMTD:invarg.obj
 0001:00014a80       __get_invalid_parameter_handler 10015a80 f   LIBCMTD:invarg.obj
 0001:00014ab0       __initp_misc_invarg        10015ab0 f   LIBCMTD:invarg.obj
 0001:00014ac0       __invalid_parameter        10015ac0 f   LIBCMTD:invarg.obj
 0001:00014b20       __invoke_watson            10015b20 f   LIBCMTD:invarg.obj
 0001:00014b60       __set_invalid_parameter_handler 10015b60 f   LIBCMTD:invarg.obj
 0001:00014ba0       _memcpy_s                  10015ba0 f   LIBCMTD:memcpy_s.obj
 0001:00014d70       _wcscpy_s                  10015d70 f   LIBCMTD:wcscpy_s.obj
 0001:00015080       _wcslen                    10016080 f   LIBCMTD:wcslen.obj
 0001:000150c0       ___doserrno                100160c0 f   LIBCMTD:dosmap.obj
 0001:000150f0       __dosmaperr                100160f0 f   LIBCMTD:dosmap.obj
 0001:00015120       __errno                    10016120 f   LIBCMTD:dosmap.obj
 0001:00015150       __get_doserrno             10016150 f   LIBCMTD:dosmap.obj
 0001:000151e0       __get_errno                100161e0 f   LIBCMTD:dosmap.obj
 0001:00015270       __get_errno_from_oserr     10016270 f   LIBCMTD:dosmap.obj
 0001:000152f0       __set_doserrno             100162f0 f   LIBCMTD:dosmap.obj
 0001:00015320       __set_errno                10016320 f   LIBCMTD:dosmap.obj
 0001:00015350       ___swprintf_l              10016350 f   LIBCMTD:swprintf.obj
 0001:00015380       __scwprintf                10016380 f   LIBCMTD:swprintf.obj
 0001:000153a0       __scwprintf_l              100163a0 f   LIBCMTD:swprintf.obj
 0001:000153d0       __scwprintf_p              100163d0 f   LIBCMTD:swprintf.obj
 0001:000153f0       __scwprintf_p_l            100163f0 f   LIBCMTD:swprintf.obj
 0001:00015420       __snwprintf_s              10016420 f   LIBCMTD:swprintf.obj
 0001:00015450       __snwprintf_s_l            10016450 f   LIBCMTD:swprintf.obj
 0001:00015480       __swprintf                 10016480 f   LIBCMTD:swprintf.obj
 0001:000156a0       __swprintf_p               100166a0 f   LIBCMTD:swprintf.obj
 0001:000156d0       __swprintf_p_l             100166d0 f   LIBCMTD:swprintf.obj
 0001:00015700       __swprintf_s_l             10016700 f   LIBCMTD:swprintf.obj
 0001:00015730       _swprintf_s                10016730 f   LIBCMTD:swprintf.obj
 0001:00015760       ___fpecode                 10016760 f   LIBCMTD:winsig.obj
 0001:00015770       ___get_sigabrt             10016770 f   LIBCMTD:winsig.obj
 0001:00015790       ___pxcptinfoptrs           10016790 f   LIBCMTD:winsig.obj
 0001:000157a0       __initp_misc_winsig        100167a0 f   LIBCMTD:winsig.obj
 0001:000158d0       _raise                     100168d0 f   LIBCMTD:winsig.obj
 0001:00015c60       _signal                    10016c60 f   LIBCMTD:winsig.obj
 0001:00016010       ___crtMessageBoxW          10017010 f   LIBCMTD:crtmboxw.obj
 0001:00016320       ___crtMessageBoxWaitThreadW@4 10017320 f   LIBCMTD:crtmboxw.obj
 0001:00016360       __CrtDbgBreak              10017360 f   LIBCMTD:dbgrptt.obj
 0001:00016370       __CrtGetReportHook         10017370 f   LIBCMTD:dbgrptt.obj
 0001:00016380       __CrtSetReportFile         10017380 f   LIBCMTD:dbgrptt.obj
 0001:00016480       __CrtSetReportHook         10017480 f   LIBCMTD:dbgrptt.obj
 0001:000164a0       __CrtSetReportMode         100174a0 f   LIBCMTD:dbgrptt.obj
 0001:000165e0       __VCrtDbgReportA           100175e0 f   LIBCMTD:dbgrptt.obj
 0001:00016e50       __VCrtDbgReportW           10017e50 f   LIBCMTD:dbgrptt.obj
 0001:000177d0       __alloca_probe             100187d0 f   LIBCMTD:chkstk.obj
 0001:000177d0       __chkstk                   100187d0 f   LIBCMTD:chkstk.obj
 0001:00017800       _free                      10018800 f   LIBCMTD:dbgfree.obj
 0001:00017820       _strcpy_s                  10018820 f   LIBCMTD:strcpy_s.obj
 0001:00017b20       __CallSettingFrame@12      10018b20 f   LIBCMTD:lowhelpr.obj
 0001:00017b47       __NLG_Return               10018b47     LIBCMTD:lowhelpr.obj
 0001:00017b70       ?_inconsistency@@YAXXZ     10018b70 f   LIBCMTD:hooks.obj
 0001:00017c00       ?terminate@@YAXXZ          10018c00 f   LIBCMTD:hooks.obj
 0001:00017c80       ?unexpected@@YAXXZ         10018c80 f   LIBCMTD:hooks.obj
 0001:00017cb0       __initp_eh_hooks           10018cb0 f   LIBCMTD:hooks.obj
 0001:00017cd0       ___DestructExceptionObject 10018cd0 f   LIBCMTD:frame.obj
 0001:00017df0       ??0bad_exception@std@@QAE@ABV01@@Z 10018df0 f i LIBCMTD:frame.obj
 0001:00017e20       ??0bad_exception@std@@QAE@PBD@Z 10018e20 f i LIBCMTD:frame.obj
 0001:00017e50       ??1bad_exception@std@@UAE@XZ 10018e50 f i LIBCMTD:frame.obj
 0001:00017e70       ??_Gbad_exception@std@@UAEPAXI@Z 10018e70 f i LIBCMTD:frame.obj
 0001:00017e70       ??_Ebad_exception@std@@UAEPAXI@Z 10018e70 f i LIBCMTD:frame.obj
 0001:00018a60       ?__uncaught_exception@@YA_NXZ 10019a60 f   LIBCMTD:frame.obj
 0001:00018a90       ?_is_exception_typeof@@YAHABVtype_info@@PAU_EXCEPTION_POINTERS@@@Z 10019a90 f   LIBCMTD:frame.obj
 0001:00018b70       __SetWinRTOutOfMemoryExceptionCallback 10019b70 f   LIBCMTD:frame.obj
 0001:00018b80       ___AdjustPointer           10019b80 f   LIBCMTD:frame.obj
 0001:00018bd0       ___BuildCatchObject        10019bd0 f   LIBCMTD:frame.obj
 0001:00018ce0       ___BuildCatchObjectHelper  10019ce0 f   LIBCMTD:frame.obj
 0001:00018fe0       ___CxxDetectRethrow        10019fe0 f   LIBCMTD:frame.obj
 0001:00019060       ___CxxExceptionFilter      1001a060 f   LIBCMTD:frame.obj
 0001:00019260       ___CxxQueryExceptionSize   1001a260 f   LIBCMTD:frame.obj
 0001:00019270       ___CxxRegisterExceptionObject 1001a270 f   LIBCMTD:frame.obj
 0001:000193b0       ___CxxUnregisterExceptionObject 1001a3b0 f   LIBCMTD:frame.obj
 0001:00019530       ___FrameUnwindFilter       1001a530 f   LIBCMTD:frame.obj
 0001:000195b0       ___FrameUnwindToState      1001a5b0 f   LIBCMTD:frame.obj
 0001:00019730       ___GetPlatformExceptionInfo 1001a730 f   LIBCMTD:frame.obj
 0001:000197f0       ___InternalCxxFrameHandler 1001a7f0 f   LIBCMTD:frame.obj
 0001:00019960       ___TypeMatch               1001a960 f   LIBCMTD:frame.obj
 0001:00019a40       _strcmp                    1001aa40 f   LIBCMTD:strcmp.obj
 0001:00019ad0       ?_Name_base@type_info@@CAPBDPBV1@PAU__type_info_node@@@Z 1001aad0 f   LIBCMTD:typname.obj
 0001:00019c80       ?_Name_base_internal@type_info@@CAPBDPBV1@PAU__type_info_node@@@Z 1001ac80 f   LIBCMTD:typname.obj
 0001:00019e40       ?_Type_info_dtor@type_info@@CAXPAV1@@Z 1001ae40 f   LIBCMTD:typname.obj
 0001:00019f50       ?_Type_info_dtor_internal@type_info@@CAXPAV1@@Z 1001af50 f   LIBCMTD:typname.obj
 0001:0001a060       ___clean_type_info_names_internal 1001b060 f   LIBCMTD:typname.obj
 0001:0001a110       ___unDNameHelper           1001b110 f   LIBCMTD:typname.obj
 0001:0001a150       _wcscat_s                  1001b150 f   LIBCMTD:wcscat_s.obj
 0001:0001a560       _wcsncpy_s                 1001b560 f   LIBCMTD:wcsncpy_s.obj
 0001:0001a990       ___set_app_type            1001b990 f   LIBCMTD:errmode.obj
 0001:0001a9a0       __set_error_mode           1001b9a0 f   LIBCMTD:errmode.obj
 0001:0001aa60       _strncpy_s                 1001ba60 f   LIBCMTD:strncpy_s.obj
 0001:0001afb0       __MallocaIsSizeInRange     1001bfb0 f i LIBCMTD:a_loc.obj
 0001:0001afe0       __MarkAllocaS              1001bfe0 f i LIBCMTD:a_loc.obj
 0001:0001b000       ___crtGetLocaleInfoA       1001c000 f   LIBCMTD:a_loc.obj
 0001:0001b050       __freea                    1001c050 f i LIBCMTD:a_loc.obj
 0001:0001b0c0       _GetTableIndexFromLcid     1001c0c0 f   LIBCMTD:winapinls.obj
 0001:0001b130       _GetTableIndexFromLocaleName 1001c130 f   LIBCMTD:winapinls.obj
 0001:0001b1c0       ___crtCompareStringEx      1001c1c0 f   LIBCMTD:winapinls.obj
 0001:0001b230       ___crtDownlevelLCIDToLocaleName 1001c230 f   LIBCMTD:winapinls.obj
 0001:0001b300       ___crtDownlevelLocaleNameToLCID 1001c300 f   LIBCMTD:winapinls.obj
 0001:0001b360       ___crtEnumSystemLocalesEx  1001c360 f   LIBCMTD:winapinls.obj
 0001:0001b3d0       ___crtGetDateFormatEx      1001c3d0 f   LIBCMTD:winapinls.obj
 0001:0001b440       ___crtGetLocaleInfoEx      1001c440 f   LIBCMTD:winapinls.obj
 0001:0001b4a0       ___crtGetTimeFormatEx      1001c4a0 f   LIBCMTD:winapinls.obj
 0001:0001b510       ___crtGetUserDefaultLocaleName 1001c510 f   LIBCMTD:winapinls.obj
 0001:0001b560       ___crtIsValidLocaleName    1001c560 f   LIBCMTD:winapinls.obj
 0001:0001b5a0       ___crtLCMapStringEx        1001c5a0 f   LIBCMTD:winapinls.obj
 0001:0001b610       ___wcsnicmp_ascii          1001c610 f   LIBCMTD:winapinls.obj
 0001:0001b6e0       ___addlocaleref            1001c6e0 f   LIBCMTD:localref.obj
 0001:0001b800       ___freetlocinfo            1001c800 f   LIBCMTD:localref.obj
 0001:0001baf0       ___removelocaleref         1001caf0 f   LIBCMTD:localref.obj
 0001:0001bc10       ___updatetlocinfo          1001cc10 f   LIBCMTD:localref.obj
 0001:0001bce0       __updatetlocinfoEx_nolock  1001cce0 f   LIBCMTD:localref.obj
 0001:0001bd60       ___initmbctable            1001cd60 f   LIBCMTD:mbctype.obj
 0001:0001c380       ___updatetmbcinfo          1001d380 f   LIBCMTD:mbctype.obj
 0001:0001c4a0       __getmbcp                  1001d4a0 f   LIBCMTD:mbctype.obj
 0001:0001c510       __setmbcp                  1001d510 f   LIBCMTD:mbctype.obj
 0001:0001c7b0       __setmbcp_nolock           1001d7b0 f   LIBCMTD:mbctype.obj
 0001:0001cb30       __chvalidator              1001db30 f   LIBCMTD:isctype.obj
 0001:0001cb80       __chvalidator_l            1001db80 f   LIBCMTD:isctype.obj
 0001:0001cc40       __isctype                  1001dc40 f   LIBCMTD:isctype.obj
[...]
 0003:000005a8       __mbcasemap                1007e5a8     LIBCMTD:mbctype.obj
 0003:000006a8       ___initialmbcinfo          1007e6a8     LIBCMTD:mbctype.obj
 0003:000008cc       ___ptmbcinfo               1007e8cc     LIBCMTD:mbctype.obj
 0003:000009c4       ___mb_cur_max              1007e9c4     LIBCMTD:nlsdata.obj
 0003:000009c8       ___wclocalestr             1007e9c8     LIBCMTD:nlsdata.obj
 0003:000009d0       ___lc_time_c               1007e9d0     LIBCMTD:nlsdata.obj
 0003:00000b34       ___ptlocinfo               1007eb34     LIBCMTD:nlsdata.obj
 0003:00000b38       ___initiallocinfo          1007eb38     LIBCMTD:nlsdata.obj
 0003:00000bf0       ___initiallocalestructinfo 1007ebf0     LIBCMTD:nlsdata.obj
 0003:00000bf8       ___globallocalestatus      1007ebf8     LIBCMTD:glstatus.obj
 0003:00000bfc       __pfnAllocHook             1007ebfc     LIBCMTD:dbghook.obj
 0003:00000c00       __matherr_flag             1007ec00     LIBCMTD:matherr.obj
 0003:00000c10       __iob                      1007ec10     LIBCMTD:_file.obj
 0003:00000e90       __NLG_Destination          1007ee90     LIBCMTD:exsup.obj
 0003:00000ea0       ___lconv                   1007eea0     LIBCMTD:lconv.obj
 0003:00000ea4       ___lconv_static_decimal    1007eea4     LIBCMTD:lconv.obj
 0003:00000ea8       ___lconv_c                 1007eea8     LIBCMTD:lconv.obj
 0003:00000ef8       ___lconv_static_W_decimal  1007eef8     LIBCMTD:lconv.obj
 0003:00000f00       ___nullstring              1007ef00     LIBCMTD:output.obj
 0003:00000f04       ___wnullstring             1007ef04     LIBCMTD:output.obj
 0003:00000f08       __pctype                   1007ef08     LIBCMTD:ctype.obj
 0003:00000f0c       __pwctype                  1007ef0c     LIBCMTD:ctype.obj
 0003:00000f40       __pow10pos                 1007ef40     LIBCMTD:constpow.obj
 0003:000010a0       __pow10neg                 1007f0a0     LIBCMTD:constpow.obj
 0003:000011fc       __confh                    1007f1fc     LIBCMTD:initcon.obj
 0003:00001200       __HUGE                     1007f200     LIBCMTD:huge.obj
 0003:000016a4       ??_R0?AVbad_alloc@std@@@8  1007f6a4     libcpmtd:xthrow.obj
 0003:000016c0       ??_R0?AVexception@std@@@8  1007f6c0     libcpmtd:xthrow.obj
 0003:000016dc       ??_R0?AVinvalid_argument@std@@@8 1007f6dc     libcpmtd:xthrow.obj
 0003:00001700       ??_R0?AVlogic_error@std@@@8 1007f700     libcpmtd:xthrow.obj
 0003:00001720       ??_R0?AVlength_error@std@@@8 1007f720     libcpmtd:xthrow.obj
 0003:00001740       ??_R0?AVout_of_range@std@@@8 1007f740     libcpmtd:xthrow.obj
 0003:00001760       ??_R0?AVoverflow_error@std@@@8 1007f760     libcpmtd:xthrow.obj
 0003:00001784       ??_R0?AVruntime_error@std@@@8 1007f784     libcpmtd:xthrow.obj
 0003:000017a4       ??_R0?AVbad_function_call@std@@@8 1007f7a4     libcpmtd:xthrow.obj
 0003:000017c8       ??_R0?AVregex_error@std@@@8 1007f7c8     libcpmtd:xthrow.obj
 0003:000017e8       ??_R0?AVerror_category@std@@@8 1007f7e8     libcpmtd:xthrow.obj
 0003:0000180c       ??_R0?AV_Generic_error_category@std@@@8 1007f80c     libcpmtd:xthrow.obj
 0003:00001838       ??_R0?AV_Iostream_error_category@std@@@8 1007f838     libcpmtd:xthrow.obj
 0003:00001864       ??_R0?AV_System_error_category@std@@@8 1007f864     libcpmtd:xthrow.obj
 0003:00001890       ??_R0?AVbad_cast@std@@@8   1007f890     LIBCMTD:stdexcpt.obj
 0003:000018ac       ??_R0?AVbad_typeid@std@@@8 1007f8ac     LIBCMTD:stdexcpt.obj
 0003:000018cc       ??_R0?AV__non_rtti_object@std@@@8 1007f8cc     LIBCMTD:stdexcpt.obj
 0003:000018f0       ??_R0?AVtype_info@@@8      1007f8f0     LIBCMTD:typinfo.obj
 0003:00001908       ??_R0?AVbad_exception@std@@@8 1007f908     LIBCMTD:frame.obj
 0003:00001928       ??_R0?AVDNameNode@@@8      1007f928     LIBCMTD:undname.obj
 0003:00001940       ??_R0?AVcharNode@@@8       1007f940     LIBCMTD:undname.obj
 0003:00001958       ??_R0?AVpcharNode@@@8      1007f958     LIBCMTD:undname.obj
 0003:00001970       ??_R0?AVpDNameNode@@@8     1007f970     LIBCMTD:undname.obj
 0003:0000198c       ??_R0?AVDNameStatusNode@@@8 1007f98c     LIBCMTD:undname.obj
 0003:000019ac       ??_R0?AVpairNode@@@8       1007f9ac     LIBCMTD:undname.obj
 0003:00001b80       ?_1@?A0x39861320@@3V?$FunctorBindArg@$00@@A 1007fb80     MusicServiceAccess.obj
 0003:00001b81       ?_2@?A0x39861320@@3V?$FunctorBindArg@$01@@A 1007fb81     MusicServiceAccess.obj
 0003:00001b82       ?_3@?A0x39861320@@3V?$FunctorBindArg@$02@@A 1007fb82     MusicServiceAccess.obj
 0003:00001b83       ?_4@?A0x39861320@@3V?$FunctorBindArg@$03@@A 1007fb83     MusicServiceAccess.obj
 0003:00001b84       ?_5@?A0x39861320@@3V?$FunctorBindArg@$04@@A 1007fb84     MusicServiceAccess.obj
 0003:00001b85       ?_6@?A0x39861320@@3V?$FunctorBindArg@$05@@A 1007fb85     MusicServiceAccess.obj
 0003:00001b86       ?_7@?A0x39861320@@3V?$FunctorBindArg@$06@@A 1007fb86     MusicServiceAccess.obj
 0003:00001b87       ?_8@?A0x39861320@@3V?$FunctorBindArg@$07@@A 1007fb87     MusicServiceAccess.obj
 0003:00001b88       ?_9@?A0x39861320@@3V?$FunctorBindArg@$08@@A 1007fb88     MusicServiceAccess.obj
 0003:00001b89       ?_10@?A0x39861320@@3V?$FunctorBindArg@$09@@A 1007fb89     MusicServiceAccess.obj
 0003:00001b8c       ?managerInstance@?1??getInstance@MusicServiceAccessJNIManager@@SAPAV2@XZ@4V2@A 1007fb8c     MusicServiceAccess.obj
 0003:00001b90       ??_B?1??getInstance@MusicServiceAccessJNIManager@@SAPAV1@XZ@51 1007fb90     MusicServiceAccess.obj
 0003:00001b98       ?_Generic_object@?$_Error_objects@H@std@@2V_Generic_error_category@2@A 1007fb98     MusicServiceAccessJNIManager.obj
 0003:00001b9c       ?_Iostream_object@?$_Error_objects@H@std@@2V_Iostream_error_category@2@A 1007fb9c     MusicServiceAccessJNIManager.obj
 0003:00001ba0       ?_System_object@?$_Error_objects@H@std@@2V_System_error_category@2@A 1007fba0     MusicServiceAccessJNIManager.obj
 0003:00001ba4       ?id@?$num_put@DV?$back_insert_iterator@V?$basic_string@DU?$char_traits@D@std@@V?$allocator@D@2@@std@@@std@@@std@@2V0locale@2@A 1007fba4     MusicServiceAccessJNIManager.obj
 0003:00001ba8       ?id@?$num_put@GV?$back_insert_iterator@V?$basic_string@GU?$char_traits@G@std@@V?$allocator@G@2@@std@@@std@@@std@@2V0locale@2@A 1007fba8     MusicServiceAccessJNIManager.obj
 0003:00001bac       ?id@?$numpunct@D@std@@2V0locale@2@A 1007fbac     MusicServiceAccessJNIManager.obj
 0003:00001bb0       ?id@?$numpunct@G@std@@2V0locale@2@A 1007fbb0     MusicServiceAccessJNIManager.obj
 0003:00001bb8       ?id@?$num_put@_WV?$back_insert_iterator@V?$basic_string@_WU?$char_traits@_W@std@@V?$allocator@_W@2@@std@@@std@@@std@@2V0locale@2@A 1007fbb8     libcpmtd:xthrow.obj
 0003:00001bbc       ?id@?$numpunct@_W@std@@2V0locale@2@A 1007fbbc     libcpmtd:xthrow.obj
 0003:00001c30       ___fastflag                1007fc30     LIBCMTD:fpinit.obj
 0003:00001c38       __aenvptr                  1007fc38     LIBCMTD:dllcrt0.obj
 0003:00001c3c       __wenvptr                  1007fc3c     LIBCMTD:dllcrt0.obj
 0003:00001da8       ___app_type                1007fda8     LIBCMTD:crt0msg.obj
 0003:000023d8       ___pPurecall               100803d8     LIBCMTD:inithelp.obj
 0003:000023dc       ___crtDebugCheckCount      100803dc     LIBCMTD:dbgheap.obj
 0003:000023e4       ?_pfnDumpClient@@3P6AXPAXI@ZA 100803e4     LIBCMTD:dbgheap.obj
 0003:00002400       __umaskval                 10080400     LIBCMTD:crt0dat.obj
 0003:00002404       __exitflag                 10080404     LIBCMTD:crt0dat.obj
 0003:00002408       __C_Termination_Done       10080408     LIBCMTD:crt0dat.obj
 0003:0000240c       ___winitenv                1008040c     LIBCMTD:crt0dat.obj
 0003:00002410       ___initenv                 10080410     LIBCMTD:crt0dat.obj
 0003:00002414       ___argc                    10080414     LIBCMTD:crt0dat.obj
 0003:00002418       ___argv                    10080418     LIBCMTD:crt0dat.obj
 0003:0000241c       ___wargv                   1008041c     LIBCMTD:crt0dat.obj
 0003:00002420       __environ                  10080420     LIBCMTD:crt0dat.obj
 0003:00002424       __wenviron                 10080424     LIBCMTD:crt0dat.obj
 0003:00002428       __pgmptr                   10080428     LIBCMTD:crt0dat.obj
 0003:0000242c       __wpgmptr                  1008042c     LIBCMTD:crt0dat.obj
 0003:00002430       __C_Exit_Done              10080430     LIBCMTD:crt0dat.obj
 0003:00002758       ___isa_available           10080758     LIBCMTD:cpu_disp.obj
 0003:0000275c       ___favor                   1008075c     LIBCMTD:cpu_disp.obj
 0003:00002760       ?_pnhHeap@@3P6AHI@ZA       10080760     LIBCMTD:handler.obj
 0003:00002764       __crtheap                  10080764     LIBCMTD:heapinit.obj
 0003:00002768       ___pioinfo                 10080768     LIBCMTD:ioinit.obj
 0003:00002970       ___pInvalidArgHandler      10080970     LIBCMTD:invarg.obj
 0003:0000299c       ?__pInconsistency@@3P6AXXZA 1008099c     LIBCMTD:hooks.obj
 0003:000029a0       ?g_OutOfMemoryExceptionCallback@@3P6GPAXXZA 100809a0     LIBCMTD:frame.obj
 0003:000029ac       ___error_mode              100809ac     LIBCMTD:errmode.obj
 0003:000029b4       ___mbcodepage              100809b4     LIBCMTD:mbctype.obj
 0003:000029b8       ___ismbcodepage            100809b8     LIBCMTD:mbctype.obj
 0003:000029bc       ___mbulinfo                100809bc     LIBCMTD:mbctype.obj
 0003:000029c8       ___mblocalename            100809c8     LIBCMTD:mbctype.obj
 0003:000029d0       __newmode                  100809d0     LIBCMTD:_newmode.obj
 0003:000029d8       __stdbuf                   100809d8     LIBCMTD:_sftbuf.obj
 0003:000029e0       __outputformat             100809e0     LIBCMTD:outputformat.obj
 0003:000029e4       __cflush                   100809e4     LIBCMTD:_file.obj
 0003:000029e8       ?pArgList@UnDecorator@@0PAVReplicator@@A 100809e8     LIBCMTD:undname.obj
 0003:000029ec       ?pZNameList@UnDecorator@@0PAVReplicator@@A 100809ec     LIBCMTD:undname.obj
 0003:000029f0       ?pTemplateArgList@UnDecorator@@0PAVReplicator@@A 100809f0     LIBCMTD:undname.obj
 0003:000029f4       ?gName@UnDecorator@@0PBDB  100809f4     LIBCMTD:undname.obj
 0003:000029f8       ?name@UnDecorator@@0PBDB   100809f8     LIBCMTD:undname.obj
 0003:000029fc       ?outputString@UnDecorator@@0PADA 100809fc     LIBCMTD:undname.obj
 0003:00002a00       ?maxStringLength@UnDecorator@@0HA 10080a00     LIBCMTD:undname.obj
 0003:00002a04       ?disableFlags@UnDecorator@@0KA 10080a04     LIBCMTD:undname.obj
 0003:00002a08       ?fExplicitTemplateParams@UnDecorator@@0_NA 10080a08     LIBCMTD:undname.obj
 0003:00002a09       ?fGetTemplateArgumentList@UnDecorator@@0_NA 10080a09     LIBCMTD:undname.obj
 0003:00002a0c       ?m_pGetParameter@UnDecorator@@0P6APADJ@ZA 10080a0c     LIBCMTD:undname.obj
 0003:00002a78       ?nodes@?1??make@DNameStatusNode@@SAPAV2@W4DNameStatus@@@Z@4PAV2@A 10080a78     LIBCMTD:undname.obj
 0003:00002aa8       ??_B?1??make@DNameStatusNode@@SAPAV1@W4DNameStatus@@@Z@51 10080aa8     LIBCMTD:undname.obj
 0003:00002aac       ___lconv_static_null       10080aac     LIBCMTD:lconv.obj
 0003:00002ab0       ___lconv_static_W_null     10080ab0     LIBCMTD:lconv.obj
 0003:00002ab4       ___locale_changed          10080ab4     LIBCMTD:wsetloca.obj
 0003:00002abc       ___unguarded_readlc_active 10080abc     <common>
 0003:00002acc       ___setlc_active            10080acc     <common>
 0003:00002ae0       __bufin                    10080ae0     <common>
 0003:00003e1c       ___piob                    10081e1c     <common>
 0003:00003e20       __nstream                  10081e20     <common>
 0003:00003e24       __debugger_hook_dummy      10081e24     <common>
 0003:00003e30       __pReportHookListW         10081e30     <common>
 0003:00003e40       __pReportHookList          10081e40     <common>
 0003:00003e44       __pfnReportHook            10081e44     <common>
 0003:00003e48       __nhandle                  10081e48     <common>
 0003:00003e54       ___dyn_tls_init_callback   10081e54     <common>
 0003:00003e64       ___onexitend               10081e64     <common>
 0003:00003e68       ___onexitbegin             10081e68     <common>
 0003:00003e6c       ___mbctype_initialized     10081e6c     <common>
 0003:00003e70       ___env_initialized         10081e70     <common>
 0003:00003e80       _encodedKERNEL32Functions  10081e80     <common>
 0003:00003f28       __acmdln                   10081f28     <common>
 0004:00000000       __imp__gtf_mem_free        10082000     GtfCommon:GtfCommon.dll
 0004:00000004       __imp__gtf_mem_malloc      10082004     GtfCommon:GtfCommon.dll
 0004:00000008       \177GtfCommon_NULL_THUNK_DATA 10082008     GtfCommon:GtfCommon.dll
 0004:00000034       __imp__EnterCriticalSection@4 10082034     kernel32:KERNEL32.dll
 0004:00000038       __imp__LeaveCriticalSection@4 10082038     kernel32:KERNEL32.dll
 0004:0000003c       __imp__DeleteCriticalSection@4 1008203c     kernel32:KERNEL32.dll
 0004:00000040       __imp__EncodePointer@4     10082040     kernel32:KERNEL32.dll
 0004:00000044       __imp__DecodePointer@4     10082044     kernel32:KERNEL32.dll
 0004:00000048       __imp__GetCommandLineA@0   10082048     kernel32:KERNEL32.dll
 0004:0000004c       __imp__GetCurrentThreadId@0 1008204c     kernel32:KERNEL32.dll
 0004:00000050       __imp__GetModuleFileNameW@12 10082050     kernel32:KERNEL32.dll
 0004:00000054       __imp__GetModuleHandleExW@12 10082054     kernel32:KERNEL32.dll
 0004:00000058       __imp__RaiseException@16   10082058     kernel32:KERNEL32.dll
 0004:0000005c       __imp__RtlUnwind@16        1008205c     kernel32:KERNEL32.dll
 0004:00000060       __imp__FatalAppExitA@8     10082060     kernel32:KERNEL32.dll
 0004:00000064       __imp__UnhandledExceptionFilter@4 10082064     kernel32:KERNEL32.dll
 0004:00000068       __imp__SetUnhandledExceptionFilter@4 10082068     kernel32:KERNEL32.dll
 0004:0000006c       __imp__SetLastError@4      1008206c     kernel32:KERNEL32.dll
 0004:00000070       __imp__InitializeCriticalSectionAndSpinCount@8 10082070     kernel32:KERNEL32.dll
 0004:00000074       __imp__CreateEventW@16     10082074     kernel32:KERNEL32.dll
 0004:00000078       __imp__Sleep@4             10082078     kernel32:KERNEL32.dll
 0004:0000007c       __imp__GetCurrentProcess@0 1008207c     kernel32:KERNEL32.dll
 0004:00000080       __imp__TerminateProcess@8  10082080     kernel32:KERNEL32.dll
 0004:00000084       __imp__TlsAlloc@0          10082084     kernel32:KERNEL32.dll
 0004:00000088       __imp__TlsGetValue@4       10082088     kernel32:KERNEL32.dll
 0004:0000008c       __imp__TlsSetValue@8       1008208c     kernel32:KERNEL32.dll
 0004:00000090       __imp__TlsFree@4           10082090     kernel32:KERNEL32.dll
 0004:00000094       __imp__GetStartupInfoW@4   10082094     kernel32:KERNEL32.dll
 0004:00000098       __imp__GetTickCount@0      10082098     kernel32:KERNEL32.dll
 0004:0000009c       __imp__GetModuleHandleW@4  1008209c     kernel32:KERNEL32.dll
 0004:000000a0       __imp__GetProcAddress@8    100820a0     kernel32:KERNEL32.dll
 0004:000000a4       __imp__CreateSemaphoreW@16 100820a4     kernel32:KERNEL32.dll
 0004:000000a8       __imp__GetStdHandle@4      100820a8     kernel32:KERNEL32.dll
 0004:000000ac       __imp__WriteFile@20        100820ac     kernel32:KERNEL32.dll
 0004:000000b0       __imp__IsProcessorFeaturePresent@4 100820b0     kernel32:KERNEL32.dll
 0004:000000b4       __imp__GetLastError@0      100820b4     kernel32:KERNEL32.dll
 0004:000000b8       __imp__HeapValidate@12     100820b8     kernel32:KERNEL32.dll
 0004:000000bc       __imp__GetSystemInfo@4     100820bc     kernel32:KERNEL32.dll
 0004:000000c0       __imp__ExitProcess@4       100820c0     kernel32:KERNEL32.dll
 0004:000000c4       __imp__AreFileApisANSI@0   100820c4     kernel32:KERNEL32.dll
 0004:000000c8       __imp__MultiByteToWideChar@24 100820c8     kernel32:KERNEL32.dll
 0004:000000cc       __imp__WideCharToMultiByte@32 100820cc     kernel32:KERNEL32.dll
 0004:000000d0       __imp__IsDebuggerPresent@0 100820d0     kernel32:KERNEL32.dll
 0004:000000d4       __imp__GetCurrentThread@0  100820d4     kernel32:KERNEL32.dll
 0004:000000d8       __imp__GetProcessHeap@0    100820d8     kernel32:KERNEL32.dll
 0004:000000dc       __imp__GetFileType@4       100820dc     kernel32:KERNEL32.dll
 0004:000000e0       __imp__GetModuleFileNameA@12 100820e0     kernel32:KERNEL32.dll
 0004:000000e4       __imp__QueryPerformanceCounter@4 100820e4     kernel32:KERNEL32.dll
 0004:000000e8       __imp__GetCurrentProcessId@0 100820e8     kernel32:KERNEL32.dll
 0004:000000ec       __imp__GetSystemTimeAsFileTime@4 100820ec     kernel32:KERNEL32.dll
 0004:000000f0       __imp__GetEnvironmentStringsW@0 100820f0     kernel32:KERNEL32.dll
 0004:000000f4       __imp__FreeEnvironmentStringsW@4 100820f4     kernel32:KERNEL32.dll
 0004:000000f8       __imp__SetConsoleCtrlHandler@8 100820f8     kernel32:KERNEL32.dll
 0004:000000fc       __imp__OutputDebugStringW@4 100820fc     kernel32:KERNEL32.dll
 0004:00000100       __imp__WaitForSingleObjectEx@12 10082100     kernel32:KERNEL32.dll
 0004:00000104       __imp__CreateThread@24     10082104     kernel32:KERNEL32.dll
 0004:00000108       __imp__LoadLibraryExW@12   10082108     kernel32:KERNEL32.dll
 0004:0000010c       __imp__OutputDebugStringA@4 1008210c     kernel32:KERNEL32.dll
 0004:00000110       __imp__WriteConsoleW@20    10082110     kernel32:KERNEL32.dll
 0004:00000114       __imp__GetDateFormatW@24   10082114     kernel32:KERNEL32.dll
 0004:00000118       __imp__GetTimeFormatW@24   10082118     kernel32:KERNEL32.dll
 0004:0000011c       __imp__CompareStringW@24   1008211c     kernel32:KERNEL32.dll
 0004:00000120       __imp__LCMapStringW@24     10082120     kernel32:KERNEL32.dll
 0004:00000124       __imp__GetLocaleInfoW@16   10082124     kernel32:KERNEL32.dll
 0004:00000128       __imp__IsValidLocale@8     10082128     kernel32:KERNEL32.dll
 0004:0000012c       __imp__GetUserDefaultLCID@0 1008212c     kernel32:KERNEL32.dll
 0004:00000130       __imp__EnumSystemLocalesW@8 10082130     kernel32:KERNEL32.dll
 0004:00000134       __imp__IsValidCodePage@4   10082134     kernel32:KERNEL32.dll
 0004:00000138       __imp__GetACP@0            10082138     kernel32:KERNEL32.dll
 0004:0000013c       __imp__GetOEMCP@0          1008213c     kernel32:KERNEL32.dll
 0004:00000140       __imp__GetCPInfo@8         10082140     kernel32:KERNEL32.dll
 0004:00000144       __imp__HeapFree@12         10082144     kernel32:KERNEL32.dll
 0004:00000148       __imp__HeapReAlloc@16      10082148     kernel32:KERNEL32.dll
 0004:0000014c       __imp__HeapSize@12         1008214c     kernel32:KERNEL32.dll
 0004:00000150       __imp__HeapQueryInformation@20 10082150     kernel32:KERNEL32.dll
 0004:00000154       __imp__HeapAlloc@12        10082154     kernel32:KERNEL32.dll
 0004:00000158       __imp__FreeLibrary@4       10082158     kernel32:KERNEL32.dll
 0004:0000015c       __imp__GetStringTypeW@16   1008215c     kernel32:KERNEL32.dll
 0004:00000160       __imp__GetConsoleCP@0      10082160     kernel32:KERNEL32.dll
 0004:00000164       __imp__GetConsoleMode@8    10082164     kernel32:KERNEL32.dll
 0004:00000168       __imp__SetFilePointerEx@20 10082168     kernel32:KERNEL32.dll
 0004:0000016c       __imp__FlushFileBuffers@4  1008216c     kernel32:KERNEL32.dll
 0004:00000170       __imp__SetStdHandle@8      10082170     kernel32:KERNEL32.dll
 0004:00000174       __imp__CloseHandle@4       10082174     kernel32:KERNEL32.dll
 0004:00000178       __imp__CreateFileW@28      10082178     kernel32:KERNEL32.dll
 0004:0000017c       \177KERNEL32_NULL_THUNK_DATA 1008217c     kernel32:KERNEL32.dll
 0004:000001e8       __IMPORT_DESCRIPTOR_GtfCommon 100821e8     GtfCommon:GtfCommon.dll
 0004:000001fc       __IMPORT_DESCRIPTOR_KERNEL32 100821fc     kernel32:KERNEL32.dll
 0004:00000210       __NULL_IMPORT_DESCRIPTOR   10082210     GtfCommon:GtfCommon.dll
