 TowerAccess

 Timestamp is 56d6a769 (Wed Mar 02 09:42:17 2016)

 Preferred load address is 10000000

 Start         Length     Name                   Class
 0001:00000000 000019f7H .text$di                CODE
 0001:00001a00 00062b8eH .text$mn                CODE
 0001:00064590 0000117fH .text$x                 CODE
 0001:00065710 0000111bH .text$yd                CODE
 0002:00000000 00000104H .CRT$XCA                DATA
 0002:00000104 00000104H .CRT$XCC                DATA
 0002:00000208 00000155H .CRT$XCU                DATA
 0002:00000360 00000104H .CRT$XCZ                DATA
 0002:00000464 00000104H .CRT$XIA                DATA
 0002:00000568 00000113H .CRT$XIC                DATA
 0002:0000067c 00000104H .CRT$XIZ                DATA
 0002:00000780 00000104H .CRT$XPA                DATA
 0002:00000884 00000109H .CRT$XPX                DATA
 0002:00000990 00000104H .CRT$XPXA               DATA
 0002:00000a94 00000104H .CRT$XPZ                DATA
 0002:00000b98 00000104H .CRT$XTA                DATA
 0002:00000c9c 00000104H .CRT$XTZ                DATA
 0002:00000da0 00012a92H .rdata                  DATA
 0002:00013834 000001a3H .rdata$debug            DATA
 0002:000139d8 000009fbH .rdata$r                DATA
 0002:000143e0 00000139H .rdata$sxdata           DATA
 0002:0001451c 00000104H .rtc$IAA                DATA
 0002:00014620 00000104H .rtc$IZZ                DATA
 0002:00014724 00000104H .rtc$TAA                DATA
 0002:00014828 00000104H .rtc$TZZ                DATA
 0002:00014930 00000fd9H .xdata$x                DATA
 0002:00015910 00000185H .edata                  DATA
 0003:00000000 000016a3H .data                   DATA
 0003:000016a4 000004beH .data$r                 DATA
 0003:00001b80 000023b4H .bss                    DATA
 0004:00000000 000001e8H .idata$5                DATA
 0004:000001e8 00000028H .idata$2                DATA
 0004:00000210 00000014H .idata$3                DATA
 0004:00000224 000001e8H .idata$4                DATA
 0004:0000040c 000007ccH .idata$6                DATA
 0005:00000000 00000169H .rsrc$01                DATA
 0005:00000170 000002ccH .rsrc$02                DATA

  Address         Publics by Value              Rva+Base       Lib:Object

 0000:00000000       ___guard_flags             00000000     <absolute>
 0000:00000000       ___guard_fids_table        00000000     <absolute>
 0000:00000000       ___guard_fids_count        00000000     <absolute>
 0000:00000000       __except_list              00000000     <absolute>
 0000:0000000c       ___safe_se_handler_count   0000000c     <absolute>
 0000:00000000       ___ImageBase               10000000     <linker-defined>
 0001:00001a00       ??$?0V?$FunctorBind@XV?$InternalMemFunFunctor2@XVGtfMainWorkLoop@@AAVTask@gtf@@K@@U?$FunctorBindList3@V?$GtfFunctorInternalValueWrapper@PAVGtfMainWorkLoop@@@@V?$ReferenceWrapper@VGtfFunctorTask@@@@V?$GtfFunctorInternalValueWrapper@W4EPriorityValue@Task@gtf@@@@@@@@@?$GtfFunctor0@X@@QAE@ABV?$FunctorBind@XV?$InternalMemFunFunctor2@XVGtfMainWorkLoop@@AAVTask@gtf@@K@@U?$FunctorBindList3@V?$GtfFunctorInternalValueWrapper@PAVGtfMainWorkLoop@@@@V?$ReferenceWrapper@VGtfFunctorTask@@@@V?$GtfFunctorInternalValueWrapper@W4EPriorityValue@Task@gtf@@@@@@@@H@Z 10002a00 f i TowerAccess.obj
 0001:00001a40       ??$?0V?$GtfFunctor2@W4Error@GtfTypesDP@@GK@@@?$GtfFunctor2@X$$CBG$$CBK@@QAE@ABV?$GtfFunctor2@W4Error@GtfTypesDP@@GK@@H@Z 10002a40 f i TowerAccess.obj
 0001:00001a80       ??$?0V?$GtfFunctor2@XPBKK@@@?$GtfFunctor2@XQBK$$CBK@@QAE@ABV?$GtfFunctor2@XPBKK@@H@Z 10002a80 f i TowerAccess.obj
 0001:00001ac0       ??$?0VGtfDataPool@@@?$GtfFunctor2@W4Error@GtfTypesDP@@GK@@QAE@P8GtfDataPool@@AE?AW4Error@GtfTypesDP@@GK@ZPAV1@@Z 10002ac0 f i TowerAccess.obj
 0001:00001b30       ??$?0VTowerAccess@@@?$GtfFunctor0@X@@QAE@P8TowerAccess@@AEXXZPAV1@@Z 10002b30 f i TowerAccess.obj
 0001:00001ba0       ??$?0VTowerAccess@@@?$GtfFunctor1@XVGtfEventHandle@@@@QAE@P8TowerAccess@@AEXVGtfEventHandle@@@ZPAV1@@Z 10002ba0 f i TowerAccess.obj
 0001:00001c10       ??$?0VTowerAccess@@@?$GtfFunctor2@XPBKK@@QAE@P8TowerAccess@@AEXPBKK@ZPAV1@@Z 10002c10 f i TowerAccess.obj
 0001:00001c80       ??$?APAVGtfMainWorkLoop@@@FunctorBindList0@@QBEAAPAVGtfMainWorkLoop@@AAV?$GtfFunctorInternalValueWrapper@PAVGtfMainWorkLoop@@@@@Z 10002c80 f i TowerAccess.obj
 0001:00001ca0       ??$?AVGtfFunctorTask@@@FunctorBindList0@@QBEAAVGtfFunctorTask@@ABV?$ReferenceWrapper@VGtfFunctorTask@@@@@Z 10002ca0 f i TowerAccess.obj
 0001:00001cc0       ??$?AW4EPriorityValue@Task@gtf@@@FunctorBindList0@@QBEAAW4EPriorityValue@Task@gtf@@AAV?$GtfFunctorInternalValueWrapper@W4EPriorityValue@Task@gtf@@@@@Z 10002cc0 f i TowerAccess.obj
 0001:00001ce0       ??$?RV?$InternalMemFunFunctor2@XVGtfMainWorkLoop@@AAVTask@gtf@@K@@UFunctorBindList0@@@?$FunctorBindList3@V?$GtfFunctorInternalValueWrapper@PAVGtfMainWorkLoop@@@@V?$ReferenceWrapper@VGtfFunctorTask@@@@V?$GtfFunctorInternalValueWrapper@W4EPriorityValue@Task@gtf@@@@@@QAEXU?$GtfFunctorTypeParam@X@@AAV?$InternalMemFunFunctor2@XVGtfMainWorkLoop@@AAVTask@gtf@@K@@AAUFunctorBindList0@@H@Z 10002ce0 f i TowerAccess.obj
 0001:00001d50       ??$Duplicate@V?$FunctorBind@XV?$InternalMemFunFunctor2@XVGtfMainWorkLoop@@AAVTask@gtf@@K@@U?$FunctorBindList3@V?$GtfFunctorInternalValueWrapper@PAVGtfMainWorkLoop@@@@V?$ReferenceWrapper@VGtfFunctorTask@@@@V?$GtfFunctorInternalValueWrapper@W4EPriorityValue@Task@gtf@@@@@@@@@?$GtfFunctorInternalGenericFunctorDuplicator@$00@@SAXAAUFunctionDataHolder@@ABV?$FunctorBind@XV?$InternalMemFunFunctor2@XVGtfMainWorkLoop@@AAVTask@gtf@@K@@U?$FunctorBindList3@V?$GtfFunctorInternalValueWrapper@PAVGtfMainWorkLoop@@@@V?$ReferenceWrapper@VGtfFunctorTask@@@@V?$GtfFunctorInternalValueWrapper@W4EPriorityValue@Task@gtf@@@@@@@@@Z 10002d50 f i TowerAccess.obj
 0001:00001e00       ??$Duplicate@V?$GtfFunctor2@W4Error@GtfTypesDP@@GK@@@?$GtfFunctorInternalGenericFunctorDuplicator@$0A@@@SAXAAUFunctionDataHolder@@ABV?$GtfFunctor2@W4Error@GtfTypesDP@@GK@@@Z 10002e00 f i TowerAccess.obj
 0001:00001eb0       ??$Duplicate@V?$GtfFunctor2@XPBKK@@@?$GtfFunctorInternalGenericFunctorDuplicator@$0A@@@SAXAAUFunctionDataHolder@@ABV?$GtfFunctor2@XPBKK@@@Z 10002eb0 f i TowerAccess.obj
 0001:00001f60       ??$gtf_bind@W4Error@GtfTypesDP@@GKVGtfDataPool@@@@YA?AV?$GtfFunctor2@W4Error@GtfTypesDP@@GK@@P8GtfDataPool@@AE?AW4Error@GtfTypesDP@@GK@ZPAV1@@Z 10002f60 f i TowerAccess.obj
 0001:00001f80       ??$gtf_bind@XPBKKVTowerAccess@@@@YA?AV?$GtfFunctor2@XPBKK@@P8TowerAccess@@AEXPBKK@ZPAV1@@Z 10002f80 f i TowerAccess.obj
 0001:00001fa0       ??$gtf_bind@XVGtfEventHandle@@VTowerAccess@@@@YA?AV?$GtfFunctor1@XVGtfEventHandle@@@@P8TowerAccess@@AEXVGtfEventHandle@@@ZPAV1@@Z 10002fa0 f i TowerAccess.obj
 0001:00001fc0       ??$gtf_bind@XVGtfMainWorkLoop@@AAVTask@gtf@@KPAV1@V?$ReferenceWrapper@VGtfFunctorTask@@@@W4EPriorityValue@23@@@YA?AV?$FunctorBind@XV?$InternalMemFunFunctor2@XVGtfMainWorkLoop@@AAVTask@gtf@@K@@U?$FunctorBindList3@V?$GtfFunctorInternalValueWrapper@PAVGtfMainWorkLoop@@@@V?$ReferenceWrapper@VGtfFunctorTask@@@@V?$GtfFunctorInternalValueWrapper@W4EPriorityValue@Task@gtf@@@@@@@@P8GtfMainWorkLoop@@AEXAAVTask@gtf@@K@ZPAV1@V?$ReferenceWrapper@VGtfFunctorTask@@@@W4EPriorityValue@23@@Z 10002fc0 f i TowerAccess.obj
 0001:00002020       ??$gtf_bind@XVTowerAccess@@@@YA?AV?$GtfFunctor0@X@@P8TowerAccess@@AEXXZPAV1@@Z 10003020 f i TowerAccess.obj
 0001:00002040       ??$gtf_ref@VGtfFunctorTask@@@@YA?AV?$ReferenceWrapper@VGtfFunctorTask@@@@AAVGtfFunctorTask@@@Z 10003040 f i TowerAccess.obj
 0001:00002060       ??0?$FunctorBind@XV?$InternalMemFunFunctor2@XVGtfMainWorkLoop@@AAVTask@gtf@@K@@U?$FunctorBindList3@V?$GtfFunctorInternalValueWrapper@PAVGtfMainWorkLoop@@@@V?$ReferenceWrapper@VGtfFunctorTask@@@@V?$GtfFunctorInternalValueWrapper@W4EPriorityValue@Task@gtf@@@@@@@@QAE@V?$InternalMemFunFunctor2@XVGtfMainWorkLoop@@AAVTask@gtf@@K@@ABU?$FunctorBindList3@V?$GtfFunctorInternalValueWrapper@PAVGtfMainWorkLoop@@@@V?$ReferenceWrapper@VGtfFunctorTask@@@@V?$GtfFunctorInternalValueWrapper@W4EPriorityValue@Task@gtf@@@@@@@Z 10003060 f i TowerAccess.obj
 0001:00002090       ??0?$FunctorBindList1@V?$GtfFunctorInternalValueWrapper@PAVGtfMainWorkLoop@@@@@@QAE@V?$GtfFunctorInternalValueWrapper@PAVGtfMainWorkLoop@@@@@Z 10003090 f i TowerAccess.obj
 0001:000020b0       ??0?$FunctorBindList2@V?$GtfFunctorInternalValueWrapper@PAVGtfMainWorkLoop@@@@V?$ReferenceWrapper@VGtfFunctorTask@@@@@@QAE@V?$GtfFunctorInternalValueWrapper@PAVGtfMainWorkLoop@@@@V?$ReferenceWrapper@VGtfFunctorTask@@@@@Z 100030b0 f i TowerAccess.obj
 0001:000020e0       ??0?$FunctorBindList3@V?$GtfFunctorInternalValueWrapper@PAVGtfMainWorkLoop@@@@V?$ReferenceWrapper@VGtfFunctorTask@@@@V?$GtfFunctorInternalValueWrapper@W4EPriorityValue@Task@gtf@@@@@@QAE@V?$GtfFunctorInternalValueWrapper@PAVGtfMainWorkLoop@@@@V?$ReferenceWrapper@VGtfFunctorTask@@@@V?$GtfFunctorInternalValueWrapper@W4EPriorityValue@Task@gtf@@@@@Z 100030e0 f i TowerAccess.obj
 0001:00002120       ??0?$GtfFunctor0@X@@QAE@XZ 10003120 f i TowerAccess.obj
 0001:00002150       ??0?$GtfFunctor2@W4Error@GtfTypesDP@@GK@@QAE@ABV0@@Z 10003150 f i TowerAccess.obj
 0001:00002190       ??0?$GtfFunctor2@XPBKK@@QAE@ABV0@@Z 10003190 f i TowerAccess.obj
 0001:000021d0       ??0?$GtfFunctorInternalValueWrapper@PAVGtfMainWorkLoop@@@@QAE@ABQAVGtfMainWorkLoop@@@Z 100031d0 f i TowerAccess.obj
 0001:000021f0       ??0?$GtfFunctorInternalValueWrapper@W4EPriorityValue@Task@gtf@@@@QAE@ABW4EPriorityValue@Task@gtf@@@Z 100031f0 f i TowerAccess.obj
 0001:00002210       ??0?$InternalMemFunFunctor2@XVGtfMainWorkLoop@@AAVTask@gtf@@K@@QAE@P8GtfMainWorkLoop@@AEXAAVTask@gtf@@K@Z@Z 10003210 f i TowerAccess.obj
 0001:00002230       ??0?$MethodInvoker2@VGtfDataPool@@W4Error@GtfTypesDP@@GK@@QAE@P8GtfDataPool@@AE?AW4Error@GtfTypesDP@@GK@ZPAV1@@Z 10003230 f i TowerAccess.obj
 0001:00002260       ??0?$ReferenceWrapper@VGtfFunctorTask@@@@QAE@AAVGtfFunctorTask@@@Z 10003260 f i TowerAccess.obj
 0001:00002280       ??0?$VoidMethodInvoker0@VTowerAccess@@X@@QAE@P8TowerAccess@@AEXXZPAV1@@Z 10003280 f i TowerAccess.obj
 0001:000022b0       ??0?$VoidMethodInvoker1@VTowerAccess@@XVGtfEventHandle@@@@QAE@P8TowerAccess@@AEXVGtfEventHandle@@@ZPAV1@@Z 100032b0 f i TowerAccess.obj
 0001:000022e0       ??0?$VoidMethodInvoker2@VTowerAccess@@XPBKK@@QAE@P8TowerAccess@@AEXPBKK@ZPAV1@@Z 100032e0 f i TowerAccess.obj
 0001:00002310       ??0?$implementation@V?$InternalMemFunFunctor2@XVGtfMainWorkLoop@@AAVTask@gtf@@K@@U?$FunctorBindList3@V?$GtfFunctorInternalValueWrapper@PAVGtfMainWorkLoop@@@@V?$ReferenceWrapper@VGtfFunctorTask@@@@V?$GtfFunctorInternalValueWrapper@W4EPriorityValue@Task@gtf@@@@@@@?$BindFunctorSelector@X@@QAE@V?$InternalMemFunFunctor2@XVGtfMainWorkLoop@@AAVTask@gtf@@K@@ABU?$FunctorBindList3@V?$GtfFunctorInternalValueWrapper@PAVGtfMainWorkLoop@@@@V?$ReferenceWrapper@VGtfFunctorTask@@@@V?$GtfFunctorInternalValueWrapper@W4EPriorityValue@Task@gtf@@@@@@@Z 10003310 f i TowerAccess.obj
 0001:00002350       ??0FunctionDataHolder@@QAE@ABU0@@Z 10003350 f i TowerAccess.obj
 0001:000023b0       ??0FunctionDataHolder@@QAE@XZ 100033b0 f i TowerAccess.obj
 0001:000023d0       ??0FunctorBindList0@@QAE@XZ 100033d0 f i TowerAccess.obj
 0001:000023f0       ??0GtfEvent@@QAE@AAVGtfEventSystem@@KK@Z 100033f0 f i TowerAccess.obj
 0001:00002480       ??0GtfEvent@@QAE@ABVGtfEventHandle@@@Z 10003480 f i TowerAccess.obj
 0001:000024f0       ??0GtfEventHandle@@QAE@ABV0@@Z 100034f0 f i TowerAccess.obj
 0001:00002550       ??0GtfEventHandle@@QAE@QAX@Z 10003550 f i TowerAccess.obj
 0001:00002570       ??0GtfEventParamIterator@@QAE@XZ 10003570 f i TowerAccess.obj
 0001:000025b0       ??0GtfFunctorTask@@QAE@XZ  100035b0 f i TowerAccess.obj
 0001:00002600       ??0Task@gtf@@QAE@XZ        10003600 f i TowerAccess.obj
 0001:00002620       ??0TowerAccess@@QAE@XZ     10003620 f   TowerAccess.obj
 0001:000026d0       ??0TowerAccessJNIManager@@QAE@XZ 100036d0 f i TowerAccess.obj
 0001:000026f0       ??0TowerUpdateObserver@@QAE@XZ 100036f0 f i TowerAccess.obj
 0001:00002710       ??1?$GtfFunctor0@X@@QAE@XZ 10003710 f i TowerAccess.obj
 0001:00002730       ??1?$GtfFunctor1@XVGtfEventHandle@@@@QAE@XZ 10003730 f i TowerAccess.obj
 0001:00002750       ??1?$GtfFunctor2@W4Error@GtfTypesDP@@GK@@QAE@XZ 10003750 f i TowerAccess.obj
 0001:00002770       ??1?$GtfFunctor2@X$$CBG$$CBK@@QAE@XZ 10003770 f i TowerAccess.obj
 0001:00002790       ??1?$GtfFunctor2@XPBKK@@QAE@XZ 10003790 f i TowerAccess.obj
 0001:000027b0       ??1?$GtfFunctor2@XQBK$$CBK@@QAE@XZ 100037b0 f i TowerAccess.obj
 0001:000027d0       ??1FunctionDataHolder@@QAE@XZ 100037d0 f i TowerAccess.obj
 0001:000027f0       ??1GtfEvent@@QAE@XZ        100037f0 f i TowerAccess.obj
 0001:00002810       ??1GtfEventHandle@@QAE@XZ  10003810 f i TowerAccess.obj
 0001:00002860       ??1GtfFunctorTask@@UAE@XZ  10003860 f i TowerAccess.obj
 0001:000028a0       ??1Task@gtf@@UAE@XZ        100038a0 f i TowerAccess.obj
 0001:000028c0       ??1TowerAccess@@UAE@XZ     100038c0 f   TowerAccess.obj
 0001:00002930       ??1TowerAccessJNIManager@@QAE@XZ 10003930 f i TowerAccess.obj
 0001:00002940       ??1TowerUpdateObserver@@UAE@XZ 10003940 f i TowerAccess.obj
 0001:00002960       ??2@YAPAXIPAX@Z            10003960 f i TowerAccess.obj
 0001:00002970       ??4?$GtfFunctor0@X@@QAEAAV0@ABV0@@Z 10003970 f i TowerAccess.obj
 0001:000029b0       ??4FunctionDataHolder@@QAEAAU0@ABU0@@Z 100039b0 f i TowerAccess.obj
 0001:00002a30       ??R?$GtfFunctor0@X@@QBEXXZ 10003a30 f i TowerAccess.obj
 0001:00002a50       ??R?$GtfFunctor2@W4Error@GtfTypesDP@@GK@@QBE?AW4Error@GtfTypesDP@@GK@Z 10003a50 f i TowerAccess.obj
 0001:00002a80       ??R?$GtfFunctor2@XPBKK@@QBEXPBKK@Z 10003a80 f i TowerAccess.obj
 0001:00002ab0       ??R?$InternalMemFunFunctor2@XVGtfMainWorkLoop@@AAVTask@gtf@@K@@QBEXPAVGtfMainWorkLoop@@AAVTask@gtf@@K@Z 10003ab0 f i TowerAccess.obj
 0001:00002ae0       ??R?$implementation@V?$InternalMemFunFunctor2@XVGtfMainWorkLoop@@AAVTask@gtf@@K@@U?$FunctorBindList3@V?$GtfFunctorInternalValueWrapper@PAVGtfMainWorkLoop@@@@V?$ReferenceWrapper@VGtfFunctorTask@@@@V?$GtfFunctorInternalValueWrapper@W4EPriorityValue@Task@gtf@@@@@@@?$BindFunctorSelector@X@@QAEXXZ 10003ae0 f i TowerAccess.obj
 0001:00002b21       ??_9GtfDataPool@@$BDA@AE   10003b21 f i TowerAccess.obj
 0001:00002b26       ??_9GtfMainWorkLoop@@$BA@AE 10003b26 f i TowerAccess.obj
 0001:00002b30       ??_G?$GtfFunctor2@W4Error@GtfTypesDP@@GK@@QAEPAXI@Z 10003b30 f i TowerAccess.obj
 0001:00002b70       ??_G?$GtfFunctor2@XPBKK@@QAEPAXI@Z 10003b70 f i TowerAccess.obj
 0001:00002bb0       ??_EGtfFunctorTask@@UAEPAXI@Z 10003bb0 f i TowerAccess.obj
 0001:00002bb0       ??_GGtfFunctorTask@@UAEPAXI@Z 10003bb0 f i TowerAccess.obj
 0001:00002bf0       ??_GTask@gtf@@UAEPAXI@Z    10003bf0 f i TowerAccess.obj
 0001:00002bf0       ??_ETask@gtf@@UAEPAXI@Z    10003bf0 f i TowerAccess.obj
 0001:00002c30       ??_GTowerAccess@@UAEPAXI@Z 10003c30 f i TowerAccess.obj
 0001:00002c30       ??_ETowerAccess@@UAEPAXI@Z 10003c30 f i TowerAccess.obj
 0001:00002c70       ??_GTowerUpdateObserver@@UAEPAXI@Z 10003c70 f i TowerAccess.obj
 0001:00002c70       ??_ETowerUpdateObserver@@UAEPAXI@Z 10003c70 f i TowerAccess.obj
 0001:00002cb0       ?Destroy@FunctionDataHolder@@AAEXXZ 10003cb0 f i TowerAccess.obj
 0001:00002cf0       ?Dispose@GtfFunctorTask@@UAEXXZ 10003cf0 f i TowerAccess.obj
 0001:00002d10       ?Execute@GtfFunctorTask@@UAEXXZ 10003d10 f i TowerAccess.obj
 0001:00002d30       ?GetEventId@GtfEvent@@QAE_NAAK@Z 10003d30 f i TowerAccess.obj
 0001:00002d80       ?GetEventSystem@GtfEventHandle@@QBEPAVGtfEventSystem@@XZ 10003d80 f i TowerAccess.obj
 0001:00002dc0       ?GetGroupId@GtfEvent@@QAE_NAAK@Z 10003dc0 f i TowerAccess.obj
 0001:00002e10       ?Move@FunctionDataHolder@@QAEXABU1@@Z 10003e10 f i TowerAccess.obj
 0001:00002e60       ?ProcessDatapool@TowerAccess@@AAEXQBKK@Z 10003e60 f   TowerAccess.obj
 0001:00002e70       ?ProcessDpUpdate@TowerAccess@@AAEXXZ 10003e70 f   TowerAccess.obj
 0001:00002f30       ?ProcessEvUpdate@TowerAccess@@AAEXXZ 10003f30 f   TowerAccess.obj
 0001:00002fa0       ?ProcessEvent@TowerAccess@@AAEXVGtfEventHandle@@@Z 10003fa0 f   TowerAccess.obj
 0001:00003080       ?ProcessShutdown@TowerAccess@@AAEXXZ 10004080 f   TowerAccess.obj
 0001:00003210       ?Publish@GtfEvent@@QAE_NPBX@Z 10004210 f i TowerAccess.obj
 0001:00003260       ?ReadValue@GtfEvent@@QAE_NKKQAXK@Z 10004260 f i TowerAccess.obj
 0001:000032c0       ?SetDisposeCallback@GtfFunctorTask@@QAEXABV?$GtfFunctor0@X@@@Z 100042c0 f i TowerAccess.obj
 0001:000032f0       ?SetExecuteCallback@GtfFunctorTask@@QAEXABV?$GtfFunctor0@X@@@Z 100042f0 f i TowerAccess.obj
 0001:00003320       ?Shutdown@TowerAccess@@QAEXABV?$GtfFunctor0@X@@@Z 10004320 f   TowerAccess.obj
 0001:000033e0       ?Startup@TowerAccess@@QAE_NAAVGtfCoreModel@@AAVGtfMainWorkLoop@@ABV?$GtfFunctor0@X@@@Z 100043e0 f   TowerAccess.obj
 0001:00003920       ?get@?$GtfFunctorInternalValueWrapper@PAVGtfMainWorkLoop@@@@QAEAAPAVGtfMainWorkLoop@@XZ 10004920 f i TowerAccess.obj
 0001:00003940       ?get@?$GtfFunctorInternalValueWrapper@W4EPriorityValue@Task@gtf@@@@QAEAAW4EPriorityValue@Task@gtf@@XZ 10004940 f i TowerAccess.obj
 0001:00003960       ?get@?$ReferenceWrapper@VGtfFunctorTask@@@@QBEAAVGtfFunctorTask@@XZ 10004960 f i TowerAccess.obj
 0001:00003980       ?getInstance@TowerAccessJNIManager@@SAPAV1@XZ 10004980 f i TowerAccess.obj
 0001:000039d0       ?invoke@?$ExtGenericFunctorVoidInvoker2@V?$GtfFunctor2@W4Error@GtfTypesDP@@GK@@X$$CBG$$CBK@@SAXPAUFunctionDataHolder@@GK@Z 100049d0 f i TowerAccess.obj
 0001:00003a00       ?invoke@?$ExtGenericFunctorVoidInvoker2@V?$GtfFunctor2@XPBKK@@XQBK$$CBK@@SAXPAUFunctionDataHolder@@QBKK@Z 10004a00 f i TowerAccess.obj
 0001:00003a30       ?invoke@?$GenericFunctorVoidInvoker0@V?$FunctorBind@XV?$InternalMemFunFunctor2@XVGtfMainWorkLoop@@AAVTask@gtf@@K@@U?$FunctorBindList3@V?$GtfFunctorInternalValueWrapper@PAVGtfMainWorkLoop@@@@V?$ReferenceWrapper@VGtfFunctorTask@@@@V?$GtfFunctorInternalValueWrapper@W4EPriorityValue@Task@gtf@@@@@@@@X@@SAXPAUFunctionDataHolder@@@Z 10004a30 f i TowerAccess.obj
 0001:00003a50       ?invoke@?$MethodInvoker2@VGtfDataPool@@W4Error@GtfTypesDP@@GK@@SA?AW4Error@GtfTypesDP@@PBUFunctionDataHolder@@GK@Z 10004a50 f i TowerAccess.obj
 0001:00003a80       ?invoke@?$NilVoidFunctionInvoker0@X@@SAXPBUFunctionDataHolder@@@Z 10004a80 f i TowerAccess.obj
 0001:00003a90       ?invoke@?$VoidMethodInvoker0@VTowerAccess@@X@@SAXPBUFunctionDataHolder@@@Z 10004a90 f i TowerAccess.obj
 0001:00003ac0       ?invoke@?$VoidMethodInvoker1@VTowerAccess@@XVGtfEventHandle@@@@SAXPBUFunctionDataHolder@@VGtfEventHandle@@@Z 10004ac0 f i TowerAccess.obj
 0001:00003b00       ?invoke@?$VoidMethodInvoker2@VTowerAccess@@XPBKK@@SAXPBUFunctionDataHolder@@PBKK@Z 10004b00 f i TowerAccess.obj
 0001:00003b30       ?manager@?$GtfFunctorExternalDataManager@V?$GtfFunctor2@W4Error@GtfTypesDP@@GK@@@@SAXPATFunctionData@FunctionDataHolder@@PBT23@W4EAction@3@@Z 10004b30 f i TowerAccess.obj
 0001:00003be0       ?manager@?$GtfFunctorExternalDataManager@V?$GtfFunctor2@XPBKK@@@@SAXPATFunctionData@FunctionDataHolder@@PBT23@W4EAction@3@@Z 10004be0 f i TowerAccess.obj
 0001:00003c90       ?manager@?$GtfFunctorRawDataManager@V?$FunctorBind@XV?$InternalMemFunFunctor2@XVGtfMainWorkLoop@@AAVTask@gtf@@K@@U?$FunctorBindList3@V?$GtfFunctorInternalValueWrapper@PAVGtfMainWorkLoop@@@@V?$ReferenceWrapper@VGtfFunctorTask@@@@V?$GtfFunctorInternalValueWrapper@W4EPriorityValue@Task@gtf@@@@@@@@@@SAXPATFunctionData@FunctionDataHolder@@PBT23@W4EAction@3@@Z 10004c90 f i TowerAccess.obj
 0001:00003d00       ?onGestureDetected@TowerAccess@@UAEXJ@Z 10004d00 f   TowerAccess.obj
 0001:00003e10       ?onLightStateUpdated@TowerAccess@@UAEX_N0000@Z 10004e10 f   TowerAccess.obj
 0001:00003f00       ?unwrap@?$GtfFunctorInternalFunctorUnwrapper@V?$InternalMemFunFunctor2@XVGtfMainWorkLoop@@AAVTask@gtf@@K@@@@SAAAV?$InternalMemFunFunctor2@XVGtfMainWorkLoop@@AAVTask@gtf@@K@@AAV2@J@Z 10004f00 f i TowerAccess.obj
 0001:00003f10       ??$_Allocate@D@std@@YAPADIPAD@Z 10004f10 f i TowerAccessJNIManager.obj
 0001:00003f60       ??$_Allocate@U_Container_proxy@std@@@std@@YAPAU_Container_proxy@0@IPAU10@@Z 10004f60 f i TowerAccessJNIManager.obj
 0001:00003fb0       ??$_Debug_pointer@D@std@@YAXPBDPBGI@Z 10004fb0 f i TowerAccessJNIManager.obj
 0001:00003fe0       ??$addressof@D@std@@YAPADAAD@Z 10004fe0 f i TowerAccessJNIManager.obj
 0001:00003ff0       ??$construct@PADAAPAD@?$_Wrap_alloc@V?$allocator@D@std@@@std@@QAEXPAPADAAPAD@Z 10004ff0 f i TowerAccessJNIManager.obj
 0001:00004030       ??$construct@PADAAPAD@?$allocator@D@std@@QAEXPAPADAAPAD@Z 10005030 f i TowerAccessJNIManager.obj
 0001:00004090       ??$construct@PADAAPAD@?$allocator_traits@V?$allocator@D@std@@@std@@SAXAAV?$allocator@D@1@PAPADAAPAD@Z 10005090 f i TowerAccessJNIManager.obj
 0001:000040c0       ??$construct@U_Container_proxy@std@@U12@@?$allocator@U_Container_proxy@std@@@std@@QAEXPAU_Container_proxy@1@$$QAU21@@Z 100050c0 f i TowerAccessJNIManager.obj
 0001:00004130       ??$destroy@PAD@?$_Wrap_alloc@V?$allocator@D@std@@@std@@QAEXPAPAD@Z 10005130 f i TowerAccessJNIManager.obj
 0001:00004160       ??$destroy@PAD@?$allocator@D@std@@QAEXPAPAD@Z 10005160 f i TowerAccessJNIManager.obj
 0001:00004170       ??$destroy@PAD@?$allocator_traits@V?$allocator@D@std@@@std@@SAXAAV?$allocator@D@1@PAPAD@Z 10005170 f i TowerAccessJNIManager.obj
 0001:00004190       ??$forward@AAPAD@std@@YAAAPADAAPAD@Z 10005190 f i TowerAccessJNIManager.obj
 0001:000041a0       ??$forward@U_Container_proxy@std@@@std@@YA$$QAU_Container_proxy@0@AAU10@@Z 100051a0 f i TowerAccessJNIManager.obj
 0001:000041b0       ??0?$_String_alloc@$0A@U?$_String_base_types@DV?$allocator@D@std@@@std@@@std@@QAE@ABV?$allocator@D@1@@Z 100051b0 f i TowerAccessJNIManager.obj
 0001:000041e0       ??0?$_String_val@U?$_Simple_types@D@std@@@std@@QAE@XZ 100051e0 f i TowerAccessJNIManager.obj
 0001:00004220       ??0?$_Wrap_alloc@V?$allocator@D@std@@@std@@QAE@XZ 10005220 f i TowerAccessJNIManager.obj
 0001:00004240       ??0?$allocator@D@std@@QAE@XZ 10005240 f i TowerAccessJNIManager.obj
 0001:00004260       ??0?$allocator@U_Container_proxy@std@@@std@@QAE@XZ 10005260 f i TowerAccessJNIManager.obj
 0001:00004280       ??0?$basic_string@DU?$char_traits@D@std@@V?$allocator@D@2@@std@@QAE@PBD@Z 10005280 f i TowerAccessJNIManager.obj
 0001:000042d0       ??0_Container_base12@std@@QAE@XZ 100052d0 f i TowerAccessJNIManager.obj
 0001:000042f0       ??0_Container_proxy@std@@QAE@XZ 100052f0 f i TowerAccessJNIManager.obj
 0001:00004320       ??0_Generic_error_category@std@@QAE@XZ 10005320 f i TowerAccessJNIManager.obj
 0001:00004350       ??0_Iostream_error_category@std@@QAE@XZ 10005350 f i TowerAccessJNIManager.obj
 0001:00004380       ??0_System_error_category@std@@QAE@XZ 10005380 f i TowerAccessJNIManager.obj
 0001:000043b0       ??0error_category@std@@QAE@XZ 100053b0 f i TowerAccessJNIManager.obj
 0001:000043d0       ??0error_condition@std@@QAE@HABVerror_category@1@@Z 100053d0 f i TowerAccessJNIManager.obj
 0001:00004400       ??0id@locale@std@@QAE@I@Z  10005400 f i TowerAccessJNIManager.obj
 0001:00004420       ??1_Generic_error_category@std@@UAE@XZ 10005420 f i TowerAccessJNIManager.obj
 0001:00004440       ??1_Iostream_error_category@std@@UAE@XZ 10005440 f i TowerAccessJNIManager.obj
 0001:00004460       ??1_System_error_category@std@@UAE@XZ 10005460 f i TowerAccessJNIManager.obj
 0001:00004480       ??1error_category@std@@UAE@XZ 10005480 f i TowerAccessJNIManager.obj
 0001:000044a0       ??8error_category@std@@QBE_NABV01@@Z 100054a0 f i TowerAccessJNIManager.obj
 0001:000044e0       ??8error_condition@std@@QBE_NABV01@@Z 100054e0 f i TowerAccessJNIManager.obj
 0001:00004550       ??_G_Generic_error_category@std@@UAEPAXI@Z 10005550 f i TowerAccessJNIManager.obj
 0001:00004550       ??_E_Generic_error_category@std@@UAEPAXI@Z 10005550 f i TowerAccessJNIManager.obj
 0001:00004590       ??_G_Iostream_error_category@std@@UAEPAXI@Z 10005590 f i TowerAccessJNIManager.obj
 0001:00004590       ??_E_Iostream_error_category@std@@UAEPAXI@Z 10005590 f i TowerAccessJNIManager.obj
 0001:000045d0       ??_G_System_error_category@std@@UAEPAXI@Z 100055d0 f i TowerAccessJNIManager.obj
 0001:000045d0       ??_E_System_error_category@std@@UAEPAXI@Z 100055d0 f i TowerAccessJNIManager.obj
 0001:00004610       ??_Gerror_category@std@@UAEPAXI@Z 10005610 f i TowerAccessJNIManager.obj
 0001:00004610       ??_Eerror_category@std@@UAEPAXI@Z 10005610 f i TowerAccessJNIManager.obj
 0001:00004650       ?_Alloc_proxy@?$_String_alloc@$0A@U?$_String_base_types@DV?$allocator@D@std@@@std@@@std@@QAEXXZ 10005650 f i TowerAccessJNIManager.obj
 0001:000046b0       ?_Copy@?$basic_string@DU?$char_traits@D@std@@V?$allocator@D@2@@std@@QAEXII@Z 100056b0 f i TowerAccessJNIManager.obj
 0001:00004830       ?_Eos@?$basic_string@DU?$char_traits@D@std@@V?$allocator@D@2@@std@@QAEXI@Z 10005830 f i TowerAccessJNIManager.obj
 0001:00004880       ?_Getal@?$_String_alloc@$0A@U?$_String_base_types@DV?$allocator@D@std@@@std@@@std@@QBE?AU?$_Wrap_alloc@V?$allocator@D@std@@@2@XZ 10005880 f i TowerAccessJNIManager.obj
 0001:000048a0       ?_Grow@?$basic_string@DU?$char_traits@D@std@@V?$allocator@D@2@@std@@QAE_NI_N@Z 100058a0 f i TowerAccessJNIManager.obj
 0001:00004970       ?_Inside@?$basic_string@DU?$char_traits@D@std@@V?$allocator@D@2@@std@@QAE_NPBD@Z 10005970 f i TowerAccessJNIManager.obj
 0001:000049c0       ?_Myptr@?$_String_val@U?$_Simple_types@D@std@@@std@@QAEPADXZ 100059c0 f i TowerAccessJNIManager.obj
 0001:00004a10       ?_Myptr@?$_String_val@U?$_Simple_types@D@std@@@std@@QBEPBDXZ 10005a10 f i TowerAccessJNIManager.obj
 0001:00004a60       ?_Tidy@?$basic_string@DU?$char_traits@D@std@@V?$allocator@D@2@@std@@QAEX_NI@Z 10005a60 f i TowerAccessJNIManager.obj
 0001:00004b30       ?_Xlen@?$basic_string@DU?$char_traits@D@std@@V?$allocator@D@2@@std@@QBEXXZ 10005b30 f i TowerAccessJNIManager.obj
 0001:00004b50       ?_Xran@?$basic_string@DU?$char_traits@D@std@@V?$allocator@D@2@@std@@QBEXXZ 10005b50 f i TowerAccessJNIManager.obj
 0001:00004b70       ?allocate@?$_Wrap_alloc@V?$allocator@D@std@@@std@@QAEPADI@Z 10005b70 f i TowerAccessJNIManager.obj
 0001:00004b90       ?allocate@?$allocator@D@std@@QAEPADI@Z 10005b90 f i TowerAccessJNIManager.obj
 0001:00004bc0       ?allocate@?$allocator@U_Container_proxy@std@@@std@@QAEPAU_Container_proxy@2@I@Z 10005bc0 f i TowerAccessJNIManager.obj
 0001:00004bf0       ?assign@?$basic_string@DU?$char_traits@D@std@@V?$allocator@D@2@@std@@QAEAAV12@ABV12@II@Z 10005bf0 f i TowerAccessJNIManager.obj
 0001:00004cd0       ?assign@?$basic_string@DU?$char_traits@D@std@@V?$allocator@D@2@@std@@QAEAAV12@PBD@Z 10005cd0 f i TowerAccessJNIManager.obj
 0001:00004d20       ?assign@?$basic_string@DU?$char_traits@D@std@@V?$allocator@D@2@@std@@QAEAAV12@PBDI@Z 10005d20 f i TowerAccessJNIManager.obj
 0001:00004de0       ?assign@?$char_traits@D@std@@SAXAADABD@Z 10005de0 f i TowerAccessJNIManager.obj
 0001:00004e00       ?category@error_code@std@@QBEABVerror_category@2@XZ 10005e00 f i TowerAccessJNIManager.obj
 0001:00004e20       ?category@error_condition@std@@QBEABVerror_category@2@XZ 10005e20 f i TowerAccessJNIManager.obj
 0001:00004e40       ?copy@?$char_traits@D@std@@SAPADPADPBDI@Z 10005e40 f i TowerAccessJNIManager.obj
 0001:00004e80       ?deallocate@?$_Wrap_alloc@V?$allocator@D@std@@@std@@QAEXPADI@Z 10005e80 f i TowerAccessJNIManager.obj
 0001:00004eb0       ?deallocate@?$allocator@D@std@@QAEXPADI@Z 10005eb0 f i TowerAccessJNIManager.obj
 0001:00004ed0       ?default_error_condition@_System_error_category@std@@UBE?AVerror_condition@2@H@Z 10005ed0 f i TowerAccessJNIManager.obj
 0001:00004f30       ?default_error_condition@error_category@std@@UBE?AVerror_condition@2@H@Z 10005f30 f i TowerAccessJNIManager.obj
 0001:00004f60       ?deinitialize@TowerAccessJNIManager@@QAEXXZ 10005f60 f   TowerAccessJNIManager.obj
 0001:00004f70       ?equivalent@error_category@std@@UBE_NABVerror_code@2@H@Z 10005f70 f i TowerAccessJNIManager.obj
 0001:00004fd0       ?equivalent@error_category@std@@UBE_NHABVerror_condition@2@@Z 10005fd0 f i TowerAccessJNIManager.obj
 0001:00005010       ?erase@?$basic_string@DU?$char_traits@D@std@@V?$allocator@D@2@@std@@QAEAAV12@I@Z 10006010 f i TowerAccessJNIManager.obj
 0001:00005050       ?erase@?$basic_string@DU?$char_traits@D@std@@V?$allocator@D@2@@std@@QAEAAV12@II@Z 10006050 f i TowerAccessJNIManager.obj
 0001:00005100       ?generic_category@std@@YAABVerror_category@1@XZ 10006100 f i TowerAccessJNIManager.obj
 0001:00005110       ?getObserver@TowerAccessJNIManager@@QAEPAVTowerUpdateObserver@@XZ 10006110 f   TowerAccessJNIManager.obj
 0001:00005130       ?length@?$char_traits@D@std@@SAIPBD@Z 10006130 f i TowerAccessJNIManager.obj
 0001:00005170       ?max_size@?$_Wrap_alloc@V?$allocator@D@std@@@std@@QBEIXZ 10006170 f i TowerAccessJNIManager.obj
 0001:00005190       ?max_size@?$allocator@D@std@@QBEIXZ 10006190 f i TowerAccessJNIManager.obj
 0001:000051b0       ?max_size@?$allocator_traits@V?$allocator@D@std@@@std@@SAIABV?$allocator@D@2@@Z 100061b0 f i TowerAccessJNIManager.obj
 0001:000051c0       ?max_size@?$basic_string@DU?$char_traits@D@std@@V?$allocator@D@2@@std@@QBEIXZ 100061c0 f i TowerAccessJNIManager.obj
 0001:00005210       ?message@_Generic_error_category@std@@UBE?AV?$basic_string@DU?$char_traits@D@std@@V?$allocator@D@2@@2@H@Z 10006210 f i TowerAccessJNIManager.obj
 0001:00005270       ?message@_Iostream_error_category@std@@UBE?AV?$basic_string@DU?$char_traits@D@std@@V?$allocator@D@2@@2@H@Z 10006270 f i TowerAccessJNIManager.obj
 0001:000052c0       ?message@_System_error_category@std@@UBE?AV?$basic_string@DU?$char_traits@D@std@@V?$allocator@D@2@@2@H@Z 100062c0 f i TowerAccessJNIManager.obj
 0001:00005320       ?move@?$char_traits@D@std@@SAPADPADPBDI@Z 10006320 f i TowerAccessJNIManager.obj
 0001:00005360       ?name@_Generic_error_category@std@@UBEPBDXZ 10006360 f i TowerAccessJNIManager.obj
 0001:00005380       ?name@_Iostream_error_category@std@@UBEPBDXZ 10006380 f i TowerAccessJNIManager.obj
 0001:000053a0       ?name@_System_error_category@std@@UBEPBDXZ 100063a0 f i TowerAccessJNIManager.obj
 0001:000053c0       ?registerObserver@TowerAccessJNIManager@@QAEXPAVTowerUpdateObserver@@@Z 100063c0 f   TowerAccessJNIManager.obj
 0001:000053f0       ?requestBatteryValuesUpdate@TowerAccessJNIManager@@QAEXXZ 100063f0 f   TowerAccessJNIManager.obj
 0001:00005400       ?size@?$basic_string@DU?$char_traits@D@std@@V?$allocator@D@2@@std@@QBEIXZ 10006400 f i TowerAccessJNIManager.obj
 0001:00005420       ?system_category@std@@YAABVerror_category@1@XZ 10006420 f i TowerAccessJNIManager.obj
 0001:00005430       ?unregisterObserver@TowerAccessJNIManager@@QAEXPAVTowerUpdateObserver@@@Z 10006430 f   TowerAccessJNIManager.obj
 0001:00005460       ?updateVehicleMode@TowerAccessJNIManager@@QAEXJ@Z 10006460 f   TowerAccessJNIManager.obj
 0001:00005470       ?value@error_code@std@@QBEHXZ 10006470 f i TowerAccessJNIManager.obj
 0001:00005490       ?value@error_condition@std@@QBEHXZ 10006490 f i TowerAccessJNIManager.obj
 0001:000054b0       _hypot                     100064b0 f i TowerAccessJNIManager.obj
 0001:000054e0       ??$?0VTowerAccessMsgReceiver@@@?$GtfFunctor0@X@@QAE@P8TowerAccessMsgReceiver@@AEXXZPAV1@@Z 100064e0 f i TowerAccessSO.obj
 0001:00005550       ??$gtf_bind@XVTowerAccessMsgReceiver@@@@YA?AV?$GtfFunctor0@X@@P8TowerAccessMsgReceiver@@AEXXZPAV1@@Z 10006550 f i TowerAccessSO.obj
 0001:00005570       ??0?$GtfPluginFactory@VTowerAccessMsgReceiver@@@@AAE@XZ 10006570 f i TowerAccessSO.obj
 0001:000055c0       ??0?$VoidMethodInvoker0@VTowerAccessMsgReceiver@@X@@QAE@P8TowerAccessMsgReceiver@@AEXXZPAV1@@Z 100065c0 f i TowerAccessSO.obj
 0001:000055f0       ??0GtfMsgExtReceiver@@QAE@XZ 100065f0 f i TowerAccessSO.obj
 0001:00005630       ??0GtfMsgReceiver@@QAE@XZ  10006630 f i TowerAccessSO.obj
 0001:00005650       ??0GtfPlugin@@QAE@XZ       10006650 f i TowerAccessSO.obj
 0001:00005670       ??0TowerAccessMsgReceiver@@QAE@XZ 10006670 f   TowerAccessSO.obj
 0001:000056e0       ??1?$GtfPluginFactory@VTowerAccessMsgReceiver@@@@UAE@XZ 100066e0 f i TowerAccessSO.obj
 0001:00005710       ??1GtfMsgExtReceiver@@UAE@XZ 10006710 f i TowerAccessSO.obj
 0001:00005740       ??1GtfMsgReceiver@@UAE@XZ  10006740 f i TowerAccessSO.obj
 0001:00005760       ??1GtfPlugin@@UAE@XZ       10006760 f i TowerAccessSO.obj
 0001:00005780       ??1TowerAccessMsgReceiver@@UAE@XZ 10006780 f i TowerAccessSO.obj
 0001:000057b0       ??2GtfMemory@@SAPAXI@Z     100067b0 f i TowerAccessSO.obj
 0001:000057d0       ??3GtfMemory@@SAXPAX@Z     100067d0 f i TowerAccessSO.obj
 0001:000057f0       ??_E?$GtfPluginFactory@VTowerAccessMsgReceiver@@@@UAEPAXI@Z 100067f0 f i TowerAccessSO.obj
 0001:000057f0       ??_G?$GtfPluginFactory@VTowerAccessMsgReceiver@@@@UAEPAXI@Z 100067f0 f i TowerAccessSO.obj
 0001:00005830       ??_EGtfMsgExtReceiver@@UAEPAXI@Z 10006830 f i TowerAccessSO.obj
 0001:00005830       ??_GGtfMsgExtReceiver@@UAEPAXI@Z 10006830 f i TowerAccessSO.obj
 0001:00005870       ??_GGtfMsgReceiver@@UAEPAXI@Z 10006870 f i TowerAccessSO.obj
 0001:00005870       ??_EGtfMsgReceiver@@UAEPAXI@Z 10006870 f i TowerAccessSO.obj
 0001:000058b0       ??_GGtfPlugin@@UAEPAXI@Z   100068b0 f i TowerAccessSO.obj
 0001:000058b0       ??_EGtfPlugin@@UAEPAXI@Z   100068b0 f i TowerAccessSO.obj
 0001:000058f0       ??_GTowerAccessMsgReceiver@@UAEPAXI@Z 100068f0 f i TowerAccessSO.obj
 0001:000058f0       ??_ETowerAccessMsgReceiver@@UAEPAXI@Z 100068f0 f i TowerAccessSO.obj
 0001:00005930       ?GetMessenger@GtfMsgExtReceiver@@QAEPAVGtfMessenger@@XZ 10006930 f i TowerAccessSO.obj
 0001:00005950       ?HandleInterface@GtfMsgExtReceiver@@UAEXKKGQAX@Z 10006950 f i TowerAccessSO.obj
 0001:00005960       ?HandleInterface@TowerAccessMsgReceiver@@UAEXKKGQAX@Z 10006960 f   TowerAccessSO.obj
 0001:000059b0       ?HandleMessage@GtfMsgExtReceiver@@UAEXUGtfMsgHandle@@@Z 100069b0 f i TowerAccessSO.obj
 0001:000059c0       ?HandleMessage@TowerAccessMsgReceiver@@UAEXUGtfMsgHandle@@@Z 100069c0 f   TowerAccessSO.obj
 0001:000059d0       ?HandleRunlevel@GtfMsgExtReceiver@@UAEGGC@Z 100069d0 f i TowerAccessSO.obj
 0001:000059f0       ?HandleRunlevel@TowerAccessMsgReceiver@@UAEGGC@Z 100069f0 f   TowerAccessSO.obj
 0001:00005bb0       ?Init@GtfMsgExtReceiver@@QAEXAAVGtfPluginLoader@@@Z 10006bb0 f i TowerAccessSO.obj
 0001:00005bf0       ?IsAsyncReceiver@GtfMsgExtReceiver@@UAE_NXZ 10006bf0 f i TowerAccessSO.obj
 0001:00005c00       ?LockRunlevel@TowerAccessMsgReceiver@@AAEXXZ 10006c00 f   TowerAccessSO.obj
 0001:00005c80       ?PerformTask@GtfMsgExtReceiver@@UAEXAAVTask@gtf@@@Z 10006c80 f i TowerAccessSO.obj
 0001:00005c90       ?RequestShutdownOnFailure@TowerAccessMsgReceiver@@AAEXXZ 10006c90 f   TowerAccessSO.obj
 0001:00005d90       ?UnlockRunlevel@TowerAccessMsgReceiver@@AAEXXZ 10006d90 f   TowerAccessSO.obj
 0001:00005e10       ?create@?$GtfPluginFactory@VTowerAccessMsgReceiver@@@@SAPAVGtfPlugin@@XZ 10006e10 f i TowerAccessSO.obj
 0001:00005e60       ?destroy@?$GtfPluginFactory@VTowerAccessMsgReceiver@@@@SAXQAVGtfPlugin@@@Z 10006e60 f i TowerAccessSO.obj
 0001:00005eb0       ?getInterfaceId@GtfPlugin@@UAEKXZ 10006eb0 f i TowerAccessSO.obj
 0001:00005ed0       ?getVersion@GtfPlugin@@UAEKXZ 10006ed0 f i TowerAccessSO.obj
 0001:00005ef0       ?invoke@?$VoidMethodInvoker0@VTowerAccessMsgReceiver@@X@@SAXPBUFunctionDataHolder@@@Z 10006ef0 f i TowerAccessSO.obj
 0001:00005f20       ?setInterface@?$GtfPluginFactory@VTowerAccessMsgReceiver@@@@UAEXKKQAX@Z 10006f20 f i TowerAccessSO.obj
 0001:00005f60       ?shutdown@TowerAccessMsgReceiver@@QAEXXZ 10006f60 f   TowerAccessSO.obj
 0001:00005fb0       ?start@?$GtfPluginFactory@VTowerAccessMsgReceiver@@@@UAE_NXZ 10006fb0 f i TowerAccessSO.obj
 0001:00005ff0       ?startup@TowerAccessMsgReceiver@@QAEXAAVGtfPluginLoader@@@Z 10006ff0 f   TowerAccessSO.obj
 0001:00006080       ?stop@?$GtfPluginFactory@VTowerAccessMsgReceiver@@@@UAEXXZ 10007080 f i TowerAccessSO.obj
 0001:000060b0       _gtf_createPlugin          100070b0 f   TowerAccessSO.obj
 0001:000060c0       _gtf_destroyPlugin         100070c0 f   TowerAccessSO.obj
 0001:000060d6       _gtf_mem_malloc            100070d6 f   GtfCommon:GtfCommon.dll
 0001:000060dc       _gtf_mem_free              100070dc f   GtfCommon:GtfCommon.dll
 0001:000060f0       ?_Debug_message@std@@YAXPBG0I@Z 100070f0 f   libcpmtd:stdthrow.obj
 0001:00006110       ?_Debug_message@std@@YAXPB_W0I@Z 10007110 f   libcpmtd:stdthrow.obj
 0001:00006140       ??$_Debug_pointer@D@std@@YAXPBDPB_WI@Z 10007140 f i libcpmtd:xthrow.obj
 0001:00006160       ??$destroy@U_Container_proxy@std@@@?$allocator@U_Container_proxy@std@@@std@@QAEXPAU_Container_proxy@1@@Z 10007160 f i libcpmtd:xthrow.obj
 0001:00006170       ??0_Ignore@std@@QAE@XZ     10007170 f i libcpmtd:xthrow.obj
 0001:00006180       ??0bad_alloc@std@@QAE@ABV01@@Z 10007180 f i libcpmtd:xthrow.obj
 0001:000061b0       ??0bad_alloc@std@@QAE@XZ   100071b0 f i libcpmtd:xthrow.obj
 0001:000061e0       ??0bad_function_call@std@@QAE@ABV01@@Z 100071e0 f i libcpmtd:xthrow.obj
 0001:00006210       ??0bad_function_call@std@@QAE@PBD@Z 10007210 f i libcpmtd:xthrow.obj
 0001:00006240       ??0invalid_argument@std@@QAE@ABV01@@Z 10007240 f i libcpmtd:xthrow.obj
 0001:00006270       ??0invalid_argument@std@@QAE@PBD@Z 10007270 f i libcpmtd:xthrow.obj
 0001:000062a0       ??0length_error@std@@QAE@ABV01@@Z 100072a0 f i libcpmtd:xthrow.obj
 0001:000062d0       ??0length_error@std@@QAE@PBD@Z 100072d0 f i libcpmtd:xthrow.obj
 0001:00006300       ??0logic_error@std@@QAE@ABV01@@Z 10007300 f i libcpmtd:xthrow.obj
 0001:00006330       ??0logic_error@std@@QAE@PBD@Z 10007330 f i libcpmtd:xthrow.obj
 0001:00006360       ??0out_of_range@std@@QAE@ABV01@@Z 10007360 f i libcpmtd:xthrow.obj
 0001:00006390       ??0out_of_range@std@@QAE@PBD@Z 10007390 f i libcpmtd:xthrow.obj
 0001:000063c0       ??0overflow_error@std@@QAE@ABV01@@Z 100073c0 f i libcpmtd:xthrow.obj
 0001:000063f0       ??0overflow_error@std@@QAE@PBD@Z 100073f0 f i libcpmtd:xthrow.obj
 0001:00006420       ??0regex_error@std@@QAE@ABV01@@Z 10007420 f i libcpmtd:xthrow.obj
 0001:00006460       ??0regex_error@std@@QAE@W4error_type@regex_constants@1@@Z 10007460 f i libcpmtd:xthrow.obj
 0001:000064a0       ??0runtime_error@std@@QAE@ABV01@@Z 100074a0 f i libcpmtd:xthrow.obj
 0001:000064d0       ??0runtime_error@std@@QAE@PBD@Z 100074d0 f i libcpmtd:xthrow.obj
 0001:00006500       ??1?$_String_alloc@$0A@U?$_String_base_types@DV?$allocator@D@std@@@std@@@std@@QAE@XZ 10007500 f i libcpmtd:xthrow.obj
 0001:00006520       ??1?$_String_val@U?$_Simple_types@D@std@@@std@@QAE@XZ 10007520 f i libcpmtd:xthrow.obj
 0001:00006540       ??1_Container_base12@std@@QAE@XZ 10007540 f i libcpmtd:xthrow.obj
 0001:00006560       ??1bad_alloc@std@@UAE@XZ   10007560 f i libcpmtd:xthrow.obj
 0001:00006580       ??1bad_function_call@std@@UAE@XZ 10007580 f i libcpmtd:xthrow.obj
 0001:000065a0       ??1invalid_argument@std@@UAE@XZ 100075a0 f i libcpmtd:xthrow.obj
 0001:000065c0       ??1length_error@std@@UAE@XZ 100075c0 f i libcpmtd:xthrow.obj
 0001:000065e0       ??1logic_error@std@@UAE@XZ 100075e0 f i libcpmtd:xthrow.obj
 0001:00006600       ??1out_of_range@std@@UAE@XZ 10007600 f i libcpmtd:xthrow.obj
 0001:00006620       ??1overflow_error@std@@UAE@XZ 10007620 f i libcpmtd:xthrow.obj
 0001:00006640       ??1regex_error@std@@UAE@XZ 10007640 f i libcpmtd:xthrow.obj
 0001:00006660       ??1runtime_error@std@@UAE@XZ 10007660 f i libcpmtd:xthrow.obj
 0001:00006680       ??3@YAXPAX0@Z              10007680 f i libcpmtd:xthrow.obj
 0001:00006690       ??_Ebad_alloc@std@@UAEPAXI@Z 10007690 f i libcpmtd:xthrow.obj
 0001:00006690       ??_Gbad_alloc@std@@UAEPAXI@Z 10007690 f i libcpmtd:xthrow.obj
 0001:000066c0       ??_Ebad_function_call@std@@UAEPAXI@Z 100076c0 f i libcpmtd:xthrow.obj
 0001:000066c0       ??_Gbad_function_call@std@@UAEPAXI@Z 100076c0 f i libcpmtd:xthrow.obj
 0001:000066f0       ??_Ginvalid_argument@std@@UAEPAXI@Z 100076f0 f i libcpmtd:xthrow.obj
 0001:000066f0       ??_Einvalid_argument@std@@UAEPAXI@Z 100076f0 f i libcpmtd:xthrow.obj
 0001:00006720       ??_Glength_error@std@@UAEPAXI@Z 10007720 f i libcpmtd:xthrow.obj
 0001:00006720       ??_Elength_error@std@@UAEPAXI@Z 10007720 f i libcpmtd:xthrow.obj
 0001:00006750       ??_Elogic_error@std@@UAEPAXI@Z 10007750 f i libcpmtd:xthrow.obj
 0001:00006750       ??_Glogic_error@std@@UAEPAXI@Z 10007750 f i libcpmtd:xthrow.obj
 0001:00006780       ??_Gout_of_range@std@@UAEPAXI@Z 10007780 f i libcpmtd:xthrow.obj
 0001:00006780       ??_Eout_of_range@std@@UAEPAXI@Z 10007780 f i libcpmtd:xthrow.obj
 0001:000067b0       ??_Goverflow_error@std@@UAEPAXI@Z 100077b0 f i libcpmtd:xthrow.obj
 0001:000067b0       ??_Eoverflow_error@std@@UAEPAXI@Z 100077b0 f i libcpmtd:xthrow.obj
 0001:000067e0       ??_Gregex_error@std@@UAEPAXI@Z 100077e0 f i libcpmtd:xthrow.obj
 0001:000067e0       ??_Eregex_error@std@@UAEPAXI@Z 100077e0 f i libcpmtd:xthrow.obj
 0001:00006810       ??_Eruntime_error@std@@UAEPAXI@Z 10007810 f i libcpmtd:xthrow.obj
 0001:00006810       ??_Gruntime_error@std@@UAEPAXI@Z 10007810 f i libcpmtd:xthrow.obj
 0001:00006840       ?_Free_proxy@?$_String_alloc@$0A@U?$_String_base_types@DV?$allocator@D@std@@@std@@@std@@QAEXXZ 10007840 f i libcpmtd:xthrow.obj
 0001:00006890       ?_Orphan_all@_Container_base12@std@@QAEXXZ 10007890 f i libcpmtd:xthrow.obj
 0001:00006900       ?_Stringify@regex_error@std@@CAPBDW4error_type@regex_constants@2@@Z 10007900 f i libcpmtd:xthrow.obj
 0001:000069d0       ?_Xbad_alloc@std@@YAXXZ    100079d0 f   libcpmtd:xthrow.obj
 0001:000069f0       ?_Xbad_function_call@std@@YAXXZ 100079f0 f   libcpmtd:xthrow.obj
 0001:00006a20       ?_Xinvalid_argument@std@@YAXPBD@Z 10007a20 f   libcpmtd:xthrow.obj
 0001:00006a50       ?_Xlength_error@std@@YAXPBD@Z 10007a50 f   libcpmtd:xthrow.obj
 0001:00006a80       ?_Xout_of_range@std@@YAXPBD@Z 10007a80 f   libcpmtd:xthrow.obj
 0001:00006ab0       ?_Xoverflow_error@std@@YAXPBD@Z 10007ab0 f   libcpmtd:xthrow.obj
 0001:00006ae0       ?_Xregex_error@std@@YAXW4error_type@regex_constants@1@@Z 10007ae0 f   libcpmtd:xthrow.obj
 0001:00006b10       ?_Xruntime_error@std@@YAXPBD@Z 10007b10 f   libcpmtd:xthrow.obj
 0001:00006b40       ?deallocate@?$allocator@U_Container_proxy@std@@@std@@QAEXPAU_Container_proxy@2@I@Z 10007b40 f i libcpmtd:xthrow.obj
 0001:00006b60       ?what@bad_function_call@std@@UBEPBDXZ 10007b60 f i libcpmtd:xthrow.obj
 0001:00006b70       ?_Syserror_map@std@@YAPBDH@Z 10007b70 f   libcpmtd:syserror.obj
 0001:00006bc0       ?_Winerror_map@std@@YAPBDH@Z 10007bc0 f   libcpmtd:syserror.obj
 0001:00006c10       ??0_Init_locks@std@@QAE@XZ 10007c10 f   libcpmtd:xlock.obj
 0001:00006c60       ??0_Lockit@std@@QAE@H@Z    10007c60 f   libcpmtd:xlock.obj
 0001:00006cb0       ??0_Lockit@std@@QAE@XZ     10007cb0 f   libcpmtd:xlock.obj
 0001:00006d00       ??1_Init_locks@std@@QAE@XZ 10007d00 f   libcpmtd:xlock.obj
 0001:00006d50       ??1_Lockit@std@@QAE@XZ     10007d50 f   libcpmtd:xlock.obj
 0001:00006d90       ?_Init_locks_ctor@_Init_locks@std@@CAXPAV12@@Z 10007d90 f   libcpmtd:xlock.obj
 0001:00006de0       ?_Init_locks_dtor@_Init_locks@std@@CAXPAV12@@Z 10007de0 f   libcpmtd:xlock.obj
 0001:00006e30       ?_Lockit_ctor@_Lockit@std@@CAXPAV12@@Z 10007e30 f   libcpmtd:xlock.obj
 0001:00006e50       ?_Lockit_ctor@_Lockit@std@@CAXPAV12@H@Z 10007e50 f   libcpmtd:xlock.obj
 0001:00006e90       ?_Lockit_ctor@_Lockit@std@@SAXH@Z 10007e90 f   libcpmtd:xlock.obj
 0001:00006ec0       ?_Lockit_dtor@_Lockit@std@@CAXPAV12@@Z 10007ec0 f   libcpmtd:xlock.obj
 0001:00006ee0       ?_Lockit_dtor@_Lockit@std@@SAXH@Z 10007ee0 f   libcpmtd:xlock.obj
 0001:00006f10       __Mtxdst                   10007f10 f   libcpmtd:xmtx.obj
 0001:00006f20       __Mtxinit                  10007f20 f   libcpmtd:xmtx.obj
 0001:00006f40       __Mtxlock                  10007f40 f   libcpmtd:xmtx.obj
 0001:00006f50       __Mtxunlock                10007f50 f   libcpmtd:xmtx.obj
 0001:00006f60       __Once                     10007f60 f   libcpmtd:xmtx.obj
 0001:00006fc0       __get_purecall_handler     10007fc0 f   LIBCMTD:purevirt.obj
 0001:00006fe0       __purecall                 10007fe0 f   LIBCMTD:purevirt.obj
 0001:00007020       __set_purecall_handler     10008020 f   LIBCMTD:purevirt.obj
 0001:00007050       ??3@YAXPAX@Z               10008050 f   LIBCMTD:dbgdel.obj
 0001:00007140       ___onexitinit              10008140 f   LIBCMTD:onexit.obj
 0001:000071a0       __onexit                   100081a0 f   LIBCMTD:onexit.obj
 0001:00007360       _atexit                    10008360 f   LIBCMTD:onexit.obj
 0001:00007390       @__security_check_cookie@4 10008390 f   LIBCMTD:secchk.obj
 0001:000073a0       ??2@YAPAXI@Z               100083a0 f   LIBCMTD:new.obj
 0001:000073f0       __cabs                     100083f0 f   LIBCMTD:hypot.obj
 0001:00007420       __hypot                    10008420 f   LIBCMTD:hypot.obj
 0001:00007780       _memcpy                    10008780 f   LIBCMTD:memcpy.obj
 0001:00007dd0       _strlen                    10008dd0 f   LIBCMTD:strlen.obj
 0001:00007e60       _memmove                   10008e60 f   LIBCMTD:memmove.obj
 0001:000084b0       __fpmath                   100094b0 f   LIBCMTD:fpinit.obj
 0001:000084d0       ___setfflag                100094d0 f   LIBCMTD:fpinit.obj
 0001:000084f0       __cfltcvt_init             100094f0 f   LIBCMTD:fpinit.obj
 0001:000085b0       __CRT_INIT@12              100095b0 f   LIBCMTD:dllcrt0.obj
 0001:00008800       __DllMainCRTStartup@12     10009800 f   LIBCMTD:dllcrt0.obj
 0001:000089f0       ___DllXcptFilter           100099f0 f   LIBCMTD:dllcrt0.obj
 0001:00008a20       ?_CrtDbgReportW@@YAHHPBGH00ZZ 10009a20 f   LIBCMTD:dbgrptw.obj
 0001:00008a70       __CrtDbgReportW            10009a70 f   LIBCMTD:dbgrptw.obj
 0001:00008ac0       __CrtDbgReportWV           10009ac0 f i LIBCMTD:dbgrptw.obj
 0001:00008af0       __CrtSetReportHookW2       10009af0 f   LIBCMTD:dbgrptw.obj
 0001:00008e40       ___crtMessageWindowW       10009e40 f   LIBCMTD:dbgrptw.obj
 0001:000092f0       __invoke_watson_if_error   1000a2f0 f i LIBCMTD:dbgrptw.obj
 0001:00009320       __invoke_watson_if_oneof   1000a320 f i LIBCMTD:dbgrptw.obj
 0001:00009360       ??0__non_rtti_object@std@@QAE@ABV01@@Z 1000a360 f   LIBCMTD:stdexcpt.obj
 0001:00009390       ??0__non_rtti_object@std@@QAE@PBD@Z 1000a390 f   LIBCMTD:stdexcpt.obj
 0001:000093c0       ??0bad_cast@std@@QAE@ABV01@@Z 1000a3c0 f   LIBCMTD:stdexcpt.obj
 0001:000093f0       ??0bad_cast@std@@QAE@PBD@Z 1000a3f0 f   LIBCMTD:stdexcpt.obj
 0001:00009420       ??0bad_typeid@std@@QAE@ABV01@@Z 1000a420 f   LIBCMTD:stdexcpt.obj
 0001:00009450       ??0bad_typeid@std@@QAE@PBD@Z 1000a450 f   LIBCMTD:stdexcpt.obj
 0001:00009480       ??0exception@std@@QAE@ABQBD@Z 1000a480 f   LIBCMTD:stdexcpt.obj
 0001:000094c0       ??0exception@std@@QAE@ABQBDH@Z 1000a4c0 f   LIBCMTD:stdexcpt.obj
 0001:000094f0       ??0exception@std@@QAE@ABV01@@Z 1000a4f0 f   LIBCMTD:stdexcpt.obj
 0001:00009530       ??0exception@std@@QAE@XZ   1000a530 f   LIBCMTD:stdexcpt.obj
 0001:00009560       ??1__non_rtti_object@std@@UAE@XZ 1000a560 f   LIBCMTD:stdexcpt.obj
 0001:00009580       ??1bad_cast@std@@UAE@XZ    1000a580 f   LIBCMTD:stdexcpt.obj
 0001:000095a0       ??1bad_typeid@std@@UAE@XZ  1000a5a0 f   LIBCMTD:stdexcpt.obj
 0001:000095c0       ??1exception@std@@UAE@XZ   1000a5c0 f   LIBCMTD:stdexcpt.obj
 0001:000095e0       ??4exception@std@@QAEAAV01@ABV01@@Z 1000a5e0 f   LIBCMTD:stdexcpt.obj
 0001:00009630       ??_E__non_rtti_object@std@@UAEPAXI@Z 1000a630 f i LIBCMTD:stdexcpt.obj
 0001:00009630       ??_G__non_rtti_object@std@@UAEPAXI@Z 1000a630 f i LIBCMTD:stdexcpt.obj
 0001:00009660       ??_Gbad_cast@std@@UAEPAXI@Z 1000a660 f i LIBCMTD:stdexcpt.obj
 0001:00009660       ??_Ebad_cast@std@@UAEPAXI@Z 1000a660 f i LIBCMTD:stdexcpt.obj
 0001:00009690       ??_Gbad_typeid@std@@UAEPAXI@Z 1000a690 f i LIBCMTD:stdexcpt.obj
 0001:00009690       ??_Ebad_typeid@std@@UAEPAXI@Z 1000a690 f i LIBCMTD:stdexcpt.obj
 0001:000096c0       ??_Gexception@std@@UAEPAXI@Z 1000a6c0 f i LIBCMTD:stdexcpt.obj
 0001:000096c0       ??_Eexception@std@@UAEPAXI@Z 1000a6c0 f i LIBCMTD:stdexcpt.obj
 0001:000096f0       ?_Copy_str@exception@std@@AAEXPBD@Z 1000a6f0 f   LIBCMTD:stdexcpt.obj
 0001:00009750       ?_Tidy@exception@std@@AAEXXZ 1000a750 f   LIBCMTD:stdexcpt.obj
 0001:00009790       ?what@exception@std@@UBEPBDXZ 1000a790 f   LIBCMTD:stdexcpt.obj
 0001:000097c0       __CxxThrowException@8      1000a7c0 f   LIBCMTD:throw.obj
 0001:00009960       ?_CallCatchBlock2@@YAPAXPAUEHRegistrationNode@@PBU_s_FuncInfo@@PAXHK@Z 1000a960 f   LIBCMTD:_trnsctrl_.obj
 0001:000099d0       ?_CallMemberFunction0@@YGXPAX0@Z 1000a9d0 f   LIBCMTD:_trnsctrl_.obj
 0001:000099e0       ?_CallMemberFunction1@@YGXPAX00@Z 1000a9e0 f   LIBCMTD:_trnsctrl_.obj
 0001:000099f0       ?_CallMemberFunction2@@YGXPAX00H@Z 1000a9f0 f   LIBCMTD:_trnsctrl_.obj
 0001:00009a00       ?_CallSETranslator@@YAHPAUEHExceptionRecord@@PAUEHRegistrationNode@@PAX2PBU_s_FuncInfo@@H1@Z 1000aa00 f   LIBCMTD:_trnsctrl_.obj
 0001:00009af0       ?_GetRangeOfTrysToCheck@@YAPBU_s_TryBlockMapEntry@@PBU_s_FuncInfo@@HHPAI1@Z 1000aaf0 f   LIBCMTD:_trnsctrl_.obj
 0001:00009b80       ?_JumpToContinuation@@YGXPAXPAUEHRegistrationNode@@@Z 1000ab80 f   LIBCMTD:_trnsctrl_.obj
 0001:00009bc0       ?_UnwindNestedFrames@@YGXPAUEHRegistrationNode@@PAUEHExceptionRecord@@@Z 1000abc0 f   LIBCMTD:_trnsctrl_.obj
 0001:00009c20       __CreateFrameInfo          1000ac20 f   LIBCMTD:_trnsctrl_.obj
 0001:00009c50       __FindAndUnlinkFrame       1000ac50 f   LIBCMTD:_trnsctrl_.obj
 0001:00009cb0       __IsExceptionObjectToBeDestroyed 1000acb0 f   LIBCMTD:_trnsctrl_.obj
 0001:00009ce0       ___CxxFrameHandler         1000ace0 f   LIBCMTD:_trnsctrl_.obj
 0001:00009d20       ___CxxFrameHandler2        1000ad20 f   LIBCMTD:_trnsctrl_.obj
 0001:00009d60       ___CxxFrameHandler3        1000ad60 f   LIBCMTD:_trnsctrl_.obj
 0001:00009da0       ___CxxLongjmpUnwind@4      1000ada0 f   LIBCMTD:_trnsctrl_.obj
 0001:00009dd0       ??0type_info@@AAE@ABV0@@Z  1000add0 f   LIBCMTD:typinfo.obj
 0001:00009df0       ??1type_info@@UAE@XZ       1000adf0 f   LIBCMTD:typinfo.obj
 0001:00009e10       ??4type_info@@AAEAAV0@ABV0@@Z 1000ae10 f   LIBCMTD:typinfo.obj
 0001:00009e20       ??8type_info@@QBE_NABV0@@Z 1000ae20 f   LIBCMTD:typinfo.obj
 0001:00009e60       ??9type_info@@QBE_NABV0@@Z 1000ae60 f   LIBCMTD:typinfo.obj
 0001:00009ea0       ??_Gtype_info@@UAEPAXI@Z   1000aea0 f i LIBCMTD:typinfo.obj
 0001:00009ea0       ??_Etype_info@@UAEPAXI@Z   1000aea0 f i LIBCMTD:typinfo.obj
 0001:00009ed0       ?_name_internal_method@type_info@@QBEPBDPAU__type_info_node@@@Z 1000aed0 f   LIBCMTD:typinfo.obj
 0001:00009ef0       ?_type_info_dtor_internal_method@type_info@@QAEXXZ 1000aef0 f   LIBCMTD:typinfo.obj
 0001:00009f10       ?before@type_info@@QBE_NABV1@@Z 1000af10 f   LIBCMTD:typinfo.obj
 0001:00009f50       ?name@type_info@@QBEPBDPAU__type_info_node@@@Z 1000af50 f   LIBCMTD:typinfo.obj
 0001:00009f70       ?raw_name@type_info@@QBEPBDXZ 1000af70 f   LIBCMTD:typinfo.obj
 0001:00009f90       __lock                     1000af90 f   LIBCMTD:mlock.obj
 0001:00009fd0       __lockerr_exit             1000afd0 f   LIBCMTD:mlock.obj
 0001:0000a000       __mtdeletelocks            1000b000 f   LIBCMTD:mlock.obj
 0001:0000a0c0       __mtinitlocknum            1000b0c0 f   LIBCMTD:mlock.obj
 0001:0000a1e0       __mtinitlocks              1000b1e0 f   LIBCMTD:mlock.obj
 0001:0000a260       __unlock                   1000b260 f   LIBCMTD:mlock.obj
 0001:0000a2d0       ___crtCloseThreadpoolTimer 1000b2d0 f   LIBCMTD:winapisupp.obj
 0001:0000a300       ___crtCloseThreadpoolWait  1000b300 f   LIBCMTD:winapisupp.obj
 0001:0000a330       ___crtCreateEventExW       1000b330 f   LIBCMTD:winapisupp.obj
 0001:0000a390       ___crtCreateSemaphoreExW   1000b390 f   LIBCMTD:winapisupp.obj
 0001:0000a3f0       ___crtCreateSymbolicLinkW  1000b3f0 f   LIBCMTD:winapisupp.obj
 0001:0000a430       ___crtCreateThreadpoolTimer 1000b430 f   LIBCMTD:winapisupp.obj
 0001:0000a470       ___crtCreateThreadpoolWait 1000b470 f   LIBCMTD:winapisupp.obj
 0001:0000a4b0       ___crtFlsAlloc             1000b4b0 f   LIBCMTD:winapisupp.obj
 0001:0000a4e0       ___crtFlsFree              1000b4e0 f   LIBCMTD:winapisupp.obj
 0001:0000a520       ___crtFlsGetValue          1000b520 f   LIBCMTD:winapisupp.obj
 0001:0000a560       ___crtFlsSetValue          1000b560 f   LIBCMTD:winapisupp.obj
 0001:0000a5a0       ___crtFlushProcessWriteBuffers 1000b5a0 f   LIBCMTD:winapisupp.obj
 0001:0000a5d0       ___crtFreeLibraryWhenCallbackReturns 1000b5d0 f   LIBCMTD:winapisupp.obj
 0001:0000a600       ___crtGetCurrentProcessorNumber 1000b600 f   LIBCMTD:winapisupp.obj
 0001:0000a630       ___crtGetFileInformationByHandleEx 1000b630 f   LIBCMTD:winapisupp.obj
 0001:0000a670       ___crtGetLogicalProcessorInformation 1000b670 f   LIBCMTD:winapisupp.obj
 0001:0000a6b0       ___crtGetShowWindowMode    1000b6b0 f   LIBCMTD:winapisupp.obj
 0001:0000a6e0       ___crtGetTickCount64       1000b6e0 f   LIBCMTD:winapisupp.obj
 0001:0000a710       ___crtInitializeCriticalSectionEx 1000b710 f   LIBCMTD:winapisupp.obj
 0001:0000a760       ___crtIsPackagedApp        1000b760 f   LIBCMTD:winapisupp.obj
 0001:0000a7a0       ___crtLoadWinApiPointers   1000b7a0 f   LIBCMTD:winapisupp.obj
 0001:0000ac40       ___crtSetFileInformationByHandle 1000bc40 f   LIBCMTD:winapisupp.obj
 0001:0000ac80       ___crtSetThreadStackGuarantee 1000bc80 f   LIBCMTD:winapisupp.obj
 0001:0000acb0       ___crtSetThreadpoolTimer   1000bcb0 f   LIBCMTD:winapisupp.obj
 0001:0000acf0       ___crtSetThreadpoolWait    1000bcf0 f   LIBCMTD:winapisupp.obj
 0001:0000ad20       ___crtSetUnhandledExceptionFilter 1000bd20 f   LIBCMTD:winapisupp.obj
 0001:0000ad30       ___crtSleep                1000bd30 f   LIBCMTD:winapisupp.obj
 0001:0000ad40       ___crtTerminateProcess     1000bd40 f   LIBCMTD:winapisupp.obj
 0001:0000ad60       ___crtUnhandledException   1000bd60 f   LIBCMTD:winapisupp.obj
 0001:0000ad80       ___crtWaitForThreadpoolTimerCallbacks 1000bd80 f   LIBCMTD:winapisupp.obj
 0001:0000adb0       __FF_MSGBANNER             1000bdb0 f   LIBCMTD:crt0msg.obj
 0001:0000ae00       __GET_RTERRMSG             1000be00 f   LIBCMTD:crt0msg.obj
 0001:0000ae40       __NMSG_WRITE               1000be40 f   LIBCMTD:crt0msg.obj
 0001:0000b200       __set_abort_behavior       1000c200 f   LIBCMTD:abort.obj
 0001:0000b230       _abort                     1000c230 f   LIBCMTD:abort.obj
 0001:0000b2a0       ___getlocaleinfo           1000c2a0 f   LIBCMTD:inithelp.obj
 0001:0000b5a0       __initp_misc_purevirt      1000c5a0 f   LIBCMTD:inithelp.obj
 0001:0000b5b0       ??0_LocaleUpdate@@QAE@PAUlocaleinfo_struct@@@Z 1000c5b0 f i LIBCMTD:dbgheap.obj
 0001:0000b690       ??1_LocaleUpdate@@QAE@XZ   1000c690 f i LIBCMTD:dbgheap.obj
 0001:0000b6c0       ?GetLocaleT@_LocaleUpdate@@QAEPAUlocaleinfo_struct@@XZ 1000c6c0 f i LIBCMTD:dbgheap.obj
 0001:0000bb60       __CrtCheckMemory           1000cb60 f   LIBCMTD:dbgheap.obj
 0001:0000bfc0       __CrtDoForAllClientObjects 1000cfc0 f   LIBCMTD:dbgheap.obj
 0001:0000c0f0       __CrtDumpMemoryLeaks       1000d0f0 f   LIBCMTD:dbgheap.obj
 0001:0000c190       __CrtGetAllocHook          1000d190 f   LIBCMTD:dbgheap.obj
 0001:0000c1a0       __CrtGetCheckCount         1000d1a0 f   LIBCMTD:dbgheap.obj
 0001:0000c1b0       __CrtGetDumpClient         1000d1b0 f   LIBCMTD:dbgheap.obj
 0001:0000c1c0       __CrtIsMemoryBlock         1000d1c0 f   LIBCMTD:dbgheap.obj
 0001:0000c330       __CrtIsValidHeapPointer    1000d330 f   LIBCMTD:dbgheap.obj
 0001:0000c370       __CrtIsValidPointer        1000d370 f   LIBCMTD:dbgheap.obj
 0001:0000c3a0       __CrtMemCheckpoint         1000d3a0 f   LIBCMTD:dbgheap.obj
 0001:0000c5d0       __CrtMemDifference         1000d5d0 f   LIBCMTD:dbgheap.obj
 0001:0000c830       __CrtMemDumpAllObjectsSince 1000d830 f   LIBCMTD:dbgheap.obj
 0001:0000c870       __CrtMemDumpStatistics     1000d870 f   LIBCMTD:dbgheap.obj
 0001:0000c990       __CrtReportBlockType       1000d990 f   LIBCMTD:dbgheap.obj
 0001:0000c9c0       __CrtSetAllocHook          1000d9c0 f   LIBCMTD:dbgheap.obj
 0001:0000c9e0       __CrtSetBreakAlloc         1000d9e0 f   LIBCMTD:dbgheap.obj
 0001:0000ca00       __CrtSetCheckCount         1000da00 f   LIBCMTD:dbgheap.obj
 0001:0000ca20       __CrtSetDbgBlockType       1000da20 f   LIBCMTD:dbgheap.obj
 0001:0000cb10       __CrtSetDbgFlag            1000db10 f   LIBCMTD:dbgheap.obj
 0001:0000cc60       __CrtSetDebugFillThreshold 1000dc60 f   LIBCMTD:dbgheap.obj
 0001:0000cc80       __CrtSetDumpClient         1000dc80 f   LIBCMTD:dbgheap.obj
 0001:0000cca0       __aligned_free             1000dca0 f   LIBCMTD:dbgheap.obj
 0001:0000ccc0       __aligned_free_dbg         1000dcc0 f   LIBCMTD:dbgheap.obj
 0001:0000cd70       __aligned_malloc           1000dd70 f   LIBCMTD:dbgheap.obj
 0001:0000cd90       __aligned_malloc_dbg       1000dd90 f   LIBCMTD:dbgheap.obj
 0001:0000cdb0       __aligned_msize            1000ddb0 f   LIBCMTD:dbgheap.obj
 0001:0000cdd0       __aligned_msize_dbg        1000ddd0 f   LIBCMTD:dbgheap.obj
 0001:0000cef0       __aligned_offset_malloc    1000def0 f   LIBCMTD:dbgheap.obj
 0001:0000cf10       __aligned_offset_malloc_dbg 1000df10 f   LIBCMTD:dbgheap.obj
 0001:0000d0f0       __aligned_offset_realloc   1000e0f0 f   LIBCMTD:dbgheap.obj
 0001:0000d120       __aligned_offset_realloc_dbg 1000e120 f   LIBCMTD:dbgheap.obj
 0001:0000d430       __aligned_offset_recalloc  1000e430 f   LIBCMTD:dbgheap.obj
 0001:0000d460       __aligned_offset_recalloc_dbg 1000e460 f   LIBCMTD:dbgheap.obj
 0001:0000d520       __aligned_realloc          1000e520 f   LIBCMTD:dbgheap.obj
 0001:0000d540       __aligned_realloc_dbg      1000e540 f   LIBCMTD:dbgheap.obj
 0001:0000d570       __aligned_recalloc         1000e570 f   LIBCMTD:dbgheap.obj
 0001:0000d5a0       __aligned_recalloc_dbg     1000e5a0 f   LIBCMTD:dbgheap.obj
 0001:0000d5d0       __calloc_dbg               1000e5d0 f   LIBCMTD:dbgheap.obj
 0001:0000d630       __calloc_dbg_impl          1000e630 f   LIBCMTD:dbgheap.obj
 0001:0000d6b0       __expand                   1000e6b0 f   LIBCMTD:dbgheap.obj
 0001:0000d6e0       __expand_dbg               1000e6e0 f   LIBCMTD:dbgheap.obj
 0001:0000d810       __free_dbg                 1000e810 f   LIBCMTD:dbgheap.obj
 0001:0000d890       __free_dbg_nolock          1000e890 f   LIBCMTD:dbgheap.obj
 0001:0000dd90       __free_nolock              1000ed90 f   LIBCMTD:dbgheap.obj
 0001:0000ddb0       __heap_alloc               1000edb0 f   LIBCMTD:dbgheap.obj
 0001:0000ddd0       __heap_alloc_dbg           1000edd0 f   LIBCMTD:dbgheap.obj
 0001:0000e1f0       __malloc_dbg               1000f1f0 f   LIBCMTD:dbgheap.obj
 0001:0000e220       __msize                    1000f220 f   LIBCMTD:dbgheap.obj
 0001:0000e240       __msize_dbg                1000f240 f   LIBCMTD:dbgheap.obj
 0001:0000e450       __nh_malloc                1000f450 f   LIBCMTD:dbgheap.obj
 0001:0000e470       __nh_malloc_dbg            1000f470 f   LIBCMTD:dbgheap.obj
 0001:0000e700       __realloc_dbg              1000f700 f   LIBCMTD:dbgheap.obj
 0001:0000e7a0       __recalloc                 1000f7a0 f   LIBCMTD:dbgheap.obj
 0001:0000e7d0       __recalloc_dbg             1000f7d0 f   LIBCMTD:dbgheap.obj
 0001:0000eef0       __except_handler4          1000fef0 f   LIBCMTD:chandler4.obj
 0001:0000f0b0       ___copy_path_to_wide_string 100100b0 f   LIBCMTD:crt0dat.obj
 0001:0000f2a0       ___copy_to_char            100102a0 f   LIBCMTD:crt0dat.obj
 0001:0000f490       ___crtCorExitProcess       10010490 f   LIBCMTD:crt0dat.obj
 0001:0000f4d0       ___crtExitProcess          100104d0 f   LIBCMTD:crt0dat.obj
 0001:0000f4f0       ___freeCrtMemory           100104f0 f   LIBCMTD:crt0dat.obj
 0001:0000f6c0       __amsg_exit                100106c0 f   LIBCMTD:crt0dat.obj
 0001:0000f6e0       __c_exit                   100106e0 f   LIBCMTD:crt0dat.obj
 0001:0000f700       __cexit                    10010700 f   LIBCMTD:crt0dat.obj
 0001:0000f720       __cinit                    10010720 f   LIBCMTD:crt0dat.obj
 0001:0000f7c0       __exit                     100107c0 f   LIBCMTD:crt0dat.obj
 0001:0000f7e0       __exit_app                 100107e0 f   LIBCMTD:crt0dat.obj
 0001:0000f800       __get_pgmptr               10010800 f   LIBCMTD:crt0dat.obj
 0001:0000f920       __get_wpgmptr              10010920 f   LIBCMTD:crt0dat.obj
 0001:0000fa40       __init_pointers            10010a40 f   LIBCMTD:crt0dat.obj
 0001:0000fad0       __initterm_e               10010ad0 f   LIBCMTD:crt0dat.obj
 0001:0000fb10       __lockexit                 10010b10 f   LIBCMTD:crt0dat.obj
 0001:0000fb20       __unlockexit               10010b20 f   LIBCMTD:crt0dat.obj
 0001:0000fd20       _exit                      10010d20 f   LIBCMTD:crt0dat.obj
 0001:0000fd40       ___raise_securityfailure   10010d40 f   LIBCMTD:gs_report.obj
 0001:0000fd90       ___report_gsfailure        10010d90 f   LIBCMTD:gs_report.obj
 0001:0000fea0       ___report_rangecheckfailure 10010ea0 f   LIBCMTD:gs_report.obj
 0001:0000feb0       ___report_securityfailure  10010eb0 f   LIBCMTD:gs_report.obj
 0001:0000ff90       ___report_securityfailureEx 10010f90 f   LIBCMTD:gs_report.obj
 0001:000100c0       _malloc                    100110c0 f   LIBCMTD:dbgmalloc.obj
 0001:000100f0       ?_query_new_handler@@YAP6AHI@ZXZ 100110f0 f   LIBCMTD:handler.obj
 0001:00010110       ?_set_new_handler@@YAP6AHI@ZH@Z 10011110 f   LIBCMTD:handler.obj
 0001:00010150       ?_set_new_handler@@YAP6AHI@ZP6AHI@Z@Z 10011150 f   LIBCMTD:handler.obj
 0001:00010190       __callnewh                 10011190 f   LIBCMTD:handler.obj
 0001:000101d0       __initp_heap_handler       100111d0 f   LIBCMTD:handler.obj
 0001:000101e0       __CIsqrt                   100111e0 f   LIBCMTD:sqrt.obj
 0001:000101f4       _sqrt                      100111f4     LIBCMTD:sqrt.obj
 0001:000102a0       __add_exp                  100112a0 f   LIBCMTD:util.obj
 0001:000102d0       __decomp                   100112d0 f   LIBCMTD:util.obj
 0001:000103f0       __get_exp                  100113f0 f   LIBCMTD:util.obj
 0001:00010420       __set_bexp                 10011420 f   LIBCMTD:util.obj
 0001:00010450       __set_exp                  10011450 f   LIBCMTD:util.obj
 0001:00010490       __sptype                   10011490 f   LIBCMTD:util.obj
 0001:00010510       __errcode                  10011510 f   LIBCMTD:fpexcept.obj
 0001:00010580       __except1                  10011580 f   LIBCMTD:fpexcept.obj
 0001:00010680       __except2                  10011680 f   LIBCMTD:fpexcept.obj
 0001:000107d0       __handle_exc               100117d0 f   LIBCMTD:fpexcept.obj
 0001:00010af0       __handle_qnan1             10011af0 f   LIBCMTD:fpexcept.obj
 0001:00010b50       __handle_qnan2             10011b50 f   LIBCMTD:fpexcept.obj
 0001:00010bc0       __raise_exc                10011bc0 f   LIBCMTD:fpexcept.obj
 0001:00010bf0       __raise_exc_ex             10011bf0 f   LIBCMTD:fpexcept.obj
 0001:00011170       __raise_excf               10012170 f   LIBCMTD:fpexcept.obj
 0001:000111a0       __set_errno_from_matherr   100121a0 f   LIBCMTD:fpexcept.obj
 0001:000111e0       __umatherr                 100121e0 f   LIBCMTD:fpexcept.obj
 0001:00011280       ___clrfp_sse2              10012280 f   LIBCMTD:fpctrl.obj
 0001:000112c0       ___ctrlfp_sse2             100122c0 f   LIBCMTD:fpctrl.obj
 0001:00011320       ___fclrf_sse2              10012320 f   LIBCMTD:fpctrl.obj
 0001:00011340       ___get_fpsr_sse2           10012340 f   LIBCMTD:fpctrl.obj
 0001:00011370       ___set_fpsr_sse2           10012370 f   LIBCMTD:fpctrl.obj
 0001:00011450       ___set_statfp_sse2         10012450 f   LIBCMTD:fpctrl.obj
 0001:00011480       ___statfp_sse2             10012480 f   LIBCMTD:fpctrl.obj
 0001:000114b0       __clrfp                    100124b0 f   LIBCMTD:fpctrl.obj
 0001:000114d0       __ctrlfp                   100124d0 f   LIBCMTD:fpctrl.obj
 0001:00011500       __set_statfp               10012500 f   LIBCMTD:fpctrl.obj
 0001:00011570       __statfp                   10012570 f   LIBCMTD:fpctrl.obj
 0001:00011580       ___isa_available_init      10012580 f   LIBCMTD:cpu_disp.obj
 0001:00011830       ?strrchr@@YAPADPADH@Z      10012830 f i LIBCMTD:cvt.obj
 0001:00011850       __cfltcvt                  10012850 f   LIBCMTD:cvt.obj
 0001:00011880       __cfltcvt_l                10012880 f   LIBCMTD:cvt.obj
 0001:00011940       __cftoa                    10012940 f   LIBCMTD:cvt.obj
 0001:00011970       __cftoa_l                  10012970 f   LIBCMTD:cvt.obj
 0001:000121e0       __cftoe                    100131e0 f   LIBCMTD:cvt.obj
 0001:00012620       __cftoe_l                  10013620 f   LIBCMTD:cvt.obj
 0001:00012850       __cftof                    10013850 f   LIBCMTD:cvt.obj
 0001:00012b00       __cftof_l                  10013b00 f   LIBCMTD:cvt.obj
 0001:00012d00       __cftog                    10013d00 f   LIBCMTD:cvt.obj
 0001:00012d30       __cftog_l                  10013d30 f   LIBCMTD:cvt.obj
 0001:00012fc0       __cropzeros                10013fc0 f   LIBCMTD:cvt.obj
 0001:00012fe0       __cropzeros_l              10013fe0 f   LIBCMTD:cvt.obj
 0001:00013100       __fassign                  10014100 f   LIBCMTD:cvt.obj
 0001:00013120       __fassign_l                10014120 f   LIBCMTD:cvt.obj
 0001:00013170       __forcdecpt                10014170 f   LIBCMTD:cvt.obj
 0001:00013190       __forcdecpt_l              10014190 f   LIBCMTD:cvt.obj
 0001:00013260       __positive                 10014260 f   LIBCMTD:cvt.obj
 0001:000132c0       __setdefaultprecision      100142c0 f   LIBCMTD:fp8.obj
 0001:00013300       __initp_misc_cfltcvt_tab   10014300 f   LIBCMTD:cmiscdat.obj
 0001:00013340       __XcptFilter               10014340 f   LIBCMTD:winxfltr.obj
 0001:00013540       ___CppXcptFilter           10014540 f   LIBCMTD:winxfltr.obj
 0001:000135d0       ___get_flsindex            100145d0 f   LIBCMTD:tidtable.obj
 0001:000135e0       ___threadhandle            100145e0 f   LIBCMTD:tidtable.obj
 0001:000135f0       ___threadid                100145f0 f   LIBCMTD:tidtable.obj
 0001:00013600       __freefls@4                10014600 f   LIBCMTD:tidtable.obj
 0001:00013800       __freeptd                  10014800 f   LIBCMTD:tidtable.obj
 0001:00013840       __getptd                   10014840 f   LIBCMTD:tidtable.obj
 0001:00013870       __getptd_noexit            10014870 f   LIBCMTD:tidtable.obj
 0001:00013920       __initptd                  10014920 f   LIBCMTD:tidtable.obj
 0001:00013a60       __mtinit                   10014a60 f   LIBCMTD:tidtable.obj
 0001:00013b10       __mtterm                   10014b10 f   LIBCMTD:tidtable.obj
 0001:00013b40       __get_heap_handle          10014b40 f   LIBCMTD:heapinit.obj
 0001:00013b80       __heap_init                10014b80 f   LIBCMTD:heapinit.obj
 0001:00013bb0       __heap_term                10014bb0 f   LIBCMTD:heapinit.obj
 0001:00013bc0       __ioinit                   10014bc0 f   LIBCMTD:ioinit.obj
 0001:000140a0       __ioterm                   100150a0 f   LIBCMTD:ioinit.obj
 0001:00014140       __set_pgmptr               10015140 f i LIBCMTD:stdargv.obj
 0001:00014150       __setargv                  10015150 f   LIBCMTD:stdargv.obj
 0001:00014620       __setenvp                  10015620 f   LIBCMTD:stdenvp.obj
 0001:000147c0       ___security_init_cookie    100157c0 f   LIBCMTD:gs_support.obj
 0001:000148a0       _DllMain@12                100158a0 f   LIBCMTD:dllmain.obj
 0001:000148b0       ___crtGetEnvironmentStringsA 100158b0 f   LIBCMTD:a_env.obj
 0001:000149b0       __RTC_Initialize           100159b0 f   LIBCMTD:initsect.obj
 0001:000149e0       __RTC_Terminate            100159e0 f   LIBCMTD:initsect.obj
 0001:00014a10       ?_invalid_parameter@@YAXPBG00II@Z 10015a10 f   LIBCMTD:invarg.obj
 0001:00014a40       ?_invoke_watson@@YAXPBG00II@Z 10015a40 f   LIBCMTD:invarg.obj
 0001:00014a60       __call_reportfault         10015a60 f   LIBCMTD:invarg.obj
 0001:00014bc0       __get_invalid_parameter_handler 10015bc0 f   LIBCMTD:invarg.obj
 0001:00014bf0       __initp_misc_invarg        10015bf0 f   LIBCMTD:invarg.obj
 0001:00014c00       __invalid_parameter        10015c00 f   LIBCMTD:invarg.obj
 0001:00014c60       __invoke_watson            10015c60 f   LIBCMTD:invarg.obj
 0001:00014ca0       __set_invalid_parameter_handler 10015ca0 f   LIBCMTD:invarg.obj
 0001:00014ce0       _memcpy_s                  10015ce0 f   LIBCMTD:memcpy_s.obj
 0001:00014eb0       _wcscpy_s                  10015eb0 f   LIBCMTD:wcscpy_s.obj
 0001:000151c0       _wcslen                    100161c0 f   LIBCMTD:wcslen.obj
 0001:00015200       ___doserrno                10016200 f   LIBCMTD:dosmap.obj
 0001:00015230       __dosmaperr                10016230 f   LIBCMTD:dosmap.obj
 0001:00015260       __errno                    10016260 f   LIBCMTD:dosmap.obj
 0001:00015290       __get_doserrno             10016290 f   LIBCMTD:dosmap.obj
 0001:00015320       __get_errno                10016320 f   LIBCMTD:dosmap.obj
 0001:000153b0       __get_errno_from_oserr     100163b0 f   LIBCMTD:dosmap.obj
 0001:00015430       __set_doserrno             10016430 f   LIBCMTD:dosmap.obj
 0001:00015460       __set_errno                10016460 f   LIBCMTD:dosmap.obj
 0001:00015490       ___swprintf_l              10016490 f   LIBCMTD:swprintf.obj
 0001:000154c0       __scwprintf                100164c0 f   LIBCMTD:swprintf.obj
 0001:000154e0       __scwprintf_l              100164e0 f   LIBCMTD:swprintf.obj
 0001:00015510       __scwprintf_p              10016510 f   LIBCMTD:swprintf.obj
 0001:00015530       __scwprintf_p_l            10016530 f   LIBCMTD:swprintf.obj
 0001:00015560       __snwprintf_s              10016560 f   LIBCMTD:swprintf.obj
 0001:00015590       __snwprintf_s_l            10016590 f   LIBCMTD:swprintf.obj
 0001:000155c0       __swprintf                 100165c0 f   LIBCMTD:swprintf.obj
 0001:000157e0       __swprintf_p               100167e0 f   LIBCMTD:swprintf.obj
 0001:00015810       __swprintf_p_l             10016810 f   LIBCMTD:swprintf.obj
 0001:00015840       __swprintf_s_l             10016840 f   LIBCMTD:swprintf.obj
 0001:00015870       _swprintf_s                10016870 f   LIBCMTD:swprintf.obj
 0001:000158a0       ___fpecode                 100168a0 f   LIBCMTD:winsig.obj
 0001:000158b0       ___get_sigabrt             100168b0 f   LIBCMTD:winsig.obj
 0001:000158d0       ___pxcptinfoptrs           100168d0 f   LIBCMTD:winsig.obj
 0001:000158e0       __initp_misc_winsig        100168e0 f   LIBCMTD:winsig.obj
 0001:00015a10       _raise                     10016a10 f   LIBCMTD:winsig.obj
 0001:00015da0       _signal                    10016da0 f   LIBCMTD:winsig.obj
 0001:00016150       ___crtMessageBoxW          10017150 f   LIBCMTD:crtmboxw.obj
 0001:00016460       ___crtMessageBoxWaitThreadW@4 10017460 f   LIBCMTD:crtmboxw.obj
 0001:000164a0       __CrtDbgBreak              100174a0 f   LIBCMTD:dbgrptt.obj
 0001:000164b0       __CrtGetReportHook         100174b0 f   LIBCMTD:dbgrptt.obj
 0001:000164c0       __CrtSetReportFile         100174c0 f   LIBCMTD:dbgrptt.obj
 0001:000165c0       __CrtSetReportHook         100175c0 f   LIBCMTD:dbgrptt.obj
 0001:000165e0       __CrtSetReportMode         100175e0 f   LIBCMTD:dbgrptt.obj
 0001:00016720       __VCrtDbgReportA           10017720 f   LIBCMTD:dbgrptt.obj
 0001:00016f90       __VCrtDbgReportW           10017f90 f   LIBCMTD:dbgrptt.obj
 0001:00017910       __alloca_probe             10018910 f   LIBCMTD:chkstk.obj
 0001:00017910       __chkstk                   10018910 f   LIBCMTD:chkstk.obj
 0001:00017940       _free                      10018940 f   LIBCMTD:dbgfree.obj
 0001:00017960       _strcpy_s                  10018960 f   LIBCMTD:strcpy_s.obj
 0001:00017c60       __CallSettingFrame@12      10018c60 f   LIBCMTD:lowhelpr.obj
 0001:00017c87       __NLG_Return               10018c87     LIBCMTD:lowhelpr.obj
 0001:00017cb0       ?_inconsistency@@YAXXZ     10018cb0 f   LIBCMTD:hooks.obj
 0001:00017d40       ?terminate@@YAXXZ          10018d40 f   LIBCMTD:hooks.obj
 0001:00017dc0       ?unexpected@@YAXXZ         10018dc0 f   LIBCMTD:hooks.obj
 0001:00017df0       __initp_eh_hooks           10018df0 f   LIBCMTD:hooks.obj
 0001:00017e10       ___DestructExceptionObject 10018e10 f   LIBCMTD:frame.obj
 0001:00017f30       ??0bad_exception@std@@QAE@ABV01@@Z 10018f30 f i LIBCMTD:frame.obj
 0001:00017f60       ??0bad_exception@std@@QAE@PBD@Z 10018f60 f i LIBCMTD:frame.obj
 0001:00017f90       ??1bad_exception@std@@UAE@XZ 10018f90 f i LIBCMTD:frame.obj
 0001:00017fb0       ??_Gbad_exception@std@@UAEPAXI@Z 10018fb0 f i LIBCMTD:frame.obj
 0001:00017fb0       ??_Ebad_exception@std@@UAEPAXI@Z 10018fb0 f i LIBCMTD:frame.obj
 0001:00018ba0       ?__uncaught_exception@@YA_NXZ 10019ba0 f   LIBCMTD:frame.obj
 0001:00018bd0       ?_is_exception_typeof@@YAHABVtype_info@@PAU_EXCEPTION_POINTERS@@@Z 10019bd0 f   LIBCMTD:frame.obj
 0001:00018cb0       __SetWinRTOutOfMemoryExceptionCallback 10019cb0 f   LIBCMTD:frame.obj
 0001:00018cc0       ___AdjustPointer           10019cc0 f   LIBCMTD:frame.obj
 0001:00018d10       ___BuildCatchObject        10019d10 f   LIBCMTD:frame.obj
 0001:00018e20       ___BuildCatchObjectHelper  10019e20 f   LIBCMTD:frame.obj
 0001:00019120       ___CxxDetectRethrow        1001a120 f   LIBCMTD:frame.obj
 0001:000191a0       ___CxxExceptionFilter      1001a1a0 f   LIBCMTD:frame.obj
 0001:000193a0       ___CxxQueryExceptionSize   1001a3a0 f   LIBCMTD:frame.obj
 0001:000193b0       ___CxxRegisterExceptionObject 1001a3b0 f   LIBCMTD:frame.obj
 0001:000194f0       ___CxxUnregisterExceptionObject 1001a4f0 f   LIBCMTD:frame.obj
 0001:00019670       ___FrameUnwindFilter       1001a670 f   LIBCMTD:frame.obj
 0001:000196f0       ___FrameUnwindToState      1001a6f0 f   LIBCMTD:frame.obj
 0001:00019870       ___GetPlatformExceptionInfo 1001a870 f   LIBCMTD:frame.obj
 0001:00019930       ___InternalCxxFrameHandler 1001a930 f   LIBCMTD:frame.obj
 0001:00019aa0       ___TypeMatch               1001aaa0 f   LIBCMTD:frame.obj
 0001:00019b80       _strcmp                    1001ab80 f   LIBCMTD:strcmp.obj
 0001:00019c10       ?_Name_base@type_info@@CAPBDPBV1@PAU__type_info_node@@@Z 1001ac10 f   LIBCMTD:typname.obj
 0001:00019dc0       ?_Name_base_internal@type_info@@CAPBDPBV1@PAU__type_info_node@@@Z 1001adc0 f   LIBCMTD:typname.obj
 0001:00019f80       ?_Type_info_dtor@type_info@@CAXPAV1@@Z 1001af80 f   LIBCMTD:typname.obj
 0001:0001a090       ?_Type_info_dtor_internal@type_info@@CAXPAV1@@Z 1001b090 f   LIBCMTD:typname.obj
 0001:0001a1a0       ___clean_type_info_names_internal 1001b1a0 f   LIBCMTD:typname.obj
 0001:0001a250       ___unDNameHelper           1001b250 f   LIBCMTD:typname.obj
 0001:0001a290       _wcscat_s                  1001b290 f   LIBCMTD:wcscat_s.obj
 0001:0001a6a0       _wcsncpy_s                 1001b6a0 f   LIBCMTD:wcsncpy_s.obj
 0001:0001aad0       ___set_app_type            1001bad0 f   LIBCMTD:errmode.obj
 0001:0001aae0       __set_error_mode           1001bae0 f   LIBCMTD:errmode.obj
 0001:0001aba0       _strncpy_s                 1001bba0 f   LIBCMTD:strncpy_s.obj
 0001:0001b0f0       __MallocaIsSizeInRange     1001c0f0 f i LIBCMTD:a_loc.obj
 0001:0001b120       __MarkAllocaS              1001c120 f i LIBCMTD:a_loc.obj
 0001:0001b140       ___crtGetLocaleInfoA       1001c140 f   LIBCMTD:a_loc.obj
 0001:0001b190       __freea                    1001c190 f i LIBCMTD:a_loc.obj
 0001:0001b200       _GetTableIndexFromLcid     1001c200 f   LIBCMTD:winapinls.obj
 0001:0001b270       _GetTableIndexFromLocaleName 1001c270 f   LIBCMTD:winapinls.obj
 0001:0001b300       ___crtCompareStringEx      1001c300 f   LIBCMTD:winapinls.obj
 0001:0001b370       ___crtDownlevelLCIDToLocaleName 1001c370 f   LIBCMTD:winapinls.obj
 0001:0001b440       ___crtDownlevelLocaleNameToLCID 1001c440 f   LIBCMTD:winapinls.obj
 0001:0001b4a0       ___crtEnumSystemLocalesEx  1001c4a0 f   LIBCMTD:winapinls.obj
 0001:0001b510       ___crtGetDateFormatEx      1001c510 f   LIBCMTD:winapinls.obj
 0001:0001b580       ___crtGetLocaleInfoEx      1001c580 f   LIBCMTD:winapinls.obj
 0001:0001b5e0       ___crtGetTimeFormatEx      1001c5e0 f   LIBCMTD:winapinls.obj
 0001:0001b650       ___crtGetUserDefaultLocaleName 1001c650 f   LIBCMTD:winapinls.obj
 0001:0001b6a0       ___crtIsValidLocaleName    1001c6a0 f   LIBCMTD:winapinls.obj
 0001:0001b6e0       ___crtLCMapStringEx        1001c6e0 f   LIBCMTD:winapinls.obj
 0001:0001b750       ___wcsnicmp_ascii          1001c750 f   LIBCMTD:winapinls.obj
 0001:0001b820       ___addlocaleref            1001c820 f   LIBCMTD:localref.obj
 0001:0001b940       ___freetlocinfo            1001c940 f   LIBCMTD:localref.obj
 0001:0001bc30       ___removelocaleref         1001cc30 f   LIBCMTD:localref.obj
 0001:0001bd50       ___updatetlocinfo          1001cd50 f   LIBCMTD:localref.obj
 0001:0001be20       __updatetlocinfoEx_nolock  1001ce20 f   LIBCMTD:localref.obj
 0001:0001bea0       ___initmbctable            1001cea0 f   LIBCMTD:mbctype.obj
 0001:0001c4c0       ___updatetmbcinfo          1001d4c0 f   LIBCMTD:mbctype.obj
 0001:0001c5e0       __getmbcp                  1001d5e0 f   LIBCMTD:mbctype.obj
 0001:0001c650       __setmbcp                  1001d650 f   LIBCMTD:mbctype.obj
 0001:0001c8f0       __setmbcp_nolock           1001d8f0 f   LIBCMTD:mbctype.obj
 0001:0001cc70       __chvalidator              1001dc70 f   LIBCMTD:isctype.obj
 0001:0001ccc0       __chvalidator_l            1001dcc0 f   LIBCMTD:isctype.obj
 0001:0001cd80       __isctype                  1001dd80 f   LIBCMTD:isctype.obj
 0001:0001cdc0       __isctype_l                1001ddc0 f   LIBCMTD:isctype.obj
 0001:0001cf10       _memset                    1001df10 f   LIBCMTD:memset.obj
 0001:0001cfa0       __free_base                1001dfa0 f   LIBCMTD:free.obj
 0001:0001cff0       __realloc_base             1001dff0 f   LIBCMTD:realloc.obj
 0001:0001d0f0       __expand_base              1001e0f0 f   LIBCMTD:expand.obj
 0001:0001d260       __CrtDbgReport             1001e260 f   LIBCMTD:dbgrpt.obj
 0001:0001d2b0       __CrtDbgReportV            1001e2b0 f i LIBCMTD:dbgrpt.obj
 0001:0001d2e0       __CrtSetReportHook2        1001e2e0 f   LIBCMTD:dbgrpt.obj
 0001:0001d630       ___crtMessageWindowA       1001e630 f   LIBCMTD:dbgrpt.obj
 0001:0001dae0       __heapchk                  1001eae0 f   LIBCMTD:heapchk.obj
 0001:0001db10       __heapset                  1001eb10 f   LIBCMTD:heapchk.obj
 0001:0001db20       __scprintf                 1001eb20 f   LIBCMTD:sprintf.obj
 0001:0001db40       __scprintf_l               1001eb40 f   LIBCMTD:sprintf.obj
 0001:0001db70       __scprintf_p               1001eb70 f   LIBCMTD:sprintf.obj
 0001:0001db90       __scprintf_p_l             1001eb90 f   LIBCMTD:sprintf.obj
 0001:0001dbc0       __snprintf_s               1001ebc0 f   LIBCMTD:sprintf.obj
 0001:0001dbf0       __snprintf_s_l             1001ebf0 f   LIBCMTD:sprintf.obj
 0001:0001dc20       __sprintf_l                1001ec20 f   LIBCMTD:sprintf.obj
 0001:0001dc50       __sprintf_p                1001ec50 f   LIBCMTD:sprintf.obj
 0001:0001dc80       __sprintf_p_l              1001ec80 f   LIBCMTD:sprintf.obj
 0001:0001dcb0       __sprintf_s_l              1001ecb0 f   LIBCMTD:sprintf.obj
 0001:0001dce0       _sprintf                   1001ece0 f   LIBCMTD:sprintf.obj
 0001:0001dea0       _sprintf_s                 1001eea0 f   LIBCMTD:sprintf.obj
 0001:0001ded0       __heap_alloc_base          1001eed0 f i LIBCMTD:malloc.obj
 0001:0001df30       __malloc_base              1001ef30 f   LIBCMTD:malloc.obj
 0001:0001dfc0       __CrtDefaultAllocHook      1001efc0 f   LIBCMTD:dbghook.obj
[...]
 0003:00000490       __crtAssertBusy            1007e490     LIBCMTD:dbgrptt.obj
 0003:000004a0       __mbctype                  1007e4a0     LIBCMTD:mbctype.obj
 0003:000005a8       __mbcasemap                1007e5a8     LIBCMTD:mbctype.obj
 0003:000006a8       ___initialmbcinfo          1007e6a8     LIBCMTD:mbctype.obj
 0003:000008cc       ___ptmbcinfo               1007e8cc     LIBCMTD:mbctype.obj
 0003:000009c4       ___mb_cur_max              1007e9c4     LIBCMTD:nlsdata.obj
 0003:000009c8       ___wclocalestr             1007e9c8     LIBCMTD:nlsdata.obj
 0003:000009d0       ___lc_time_c               1007e9d0     LIBCMTD:nlsdata.obj
 0003:00000b34       ___ptlocinfo               1007eb34     LIBCMTD:nlsdata.obj
 0003:00000b38       ___initiallocinfo          1007eb38     LIBCMTD:nlsdata.obj
 0003:00000bf0       ___initiallocalestructinfo 1007ebf0     LIBCMTD:nlsdata.obj
 0003:00000bf8       ___globallocalestatus      1007ebf8     LIBCMTD:glstatus.obj
 0003:00000bfc       __pfnAllocHook             1007ebfc     LIBCMTD:dbghook.obj
 0003:00000c00       __matherr_flag             1007ec00     LIBCMTD:matherr.obj
 0003:00000c10       __iob                      1007ec10     LIBCMTD:_file.obj
 0003:00000e90       __NLG_Destination          1007ee90     LIBCMTD:exsup.obj
 0003:00000ea0       ___lconv                   1007eea0     LIBCMTD:lconv.obj
 0003:00000ea4       ___lconv_static_decimal    1007eea4     LIBCMTD:lconv.obj
 0003:00000ea8       ___lconv_c                 1007eea8     LIBCMTD:lconv.obj
 0003:00000ef8       ___lconv_static_W_decimal  1007eef8     LIBCMTD:lconv.obj
 0003:00000f00       ___nullstring              1007ef00     LIBCMTD:output.obj
 0003:00000f04       ___wnullstring             1007ef04     LIBCMTD:output.obj
 0003:00000f08       __pctype                   1007ef08     LIBCMTD:ctype.obj
 0003:00000f0c       __pwctype                  1007ef0c     LIBCMTD:ctype.obj
 0003:00000f40       __pow10pos                 1007ef40     LIBCMTD:constpow.obj
 0003:000010a0       __pow10neg                 1007f0a0     LIBCMTD:constpow.obj
 0003:000011fc       __confh                    1007f1fc     LIBCMTD:initcon.obj
 0003:00001200       __HUGE                     1007f200     LIBCMTD:huge.obj
 0003:000016a4       ??_R0?AVbad_alloc@std@@@8  1007f6a4     libcpmtd:xthrow.obj
 0003:000016c0       ??_R0?AVexception@std@@@8  1007f6c0     libcpmtd:xthrow.obj
 0003:000016dc       ??_R0?AVinvalid_argument@std@@@8 1007f6dc     libcpmtd:xthrow.obj
 0003:00001700       ??_R0?AVlogic_error@std@@@8 1007f700     libcpmtd:xthrow.obj
 0003:00001720       ??_R0?AVlength_error@std@@@8 1007f720     libcpmtd:xthrow.obj
 0003:00001740       ??_R0?AVout_of_range@std@@@8 1007f740     libcpmtd:xthrow.obj
 0003:00001760       ??_R0?AVoverflow_error@std@@@8 1007f760     libcpmtd:xthrow.obj
 0003:00001784       ??_R0?AVruntime_error@std@@@8 1007f784     libcpmtd:xthrow.obj
 0003:000017a4       ??_R0?AVbad_function_call@std@@@8 1007f7a4     libcpmtd:xthrow.obj
 0003:000017c8       ??_R0?AVregex_error@std@@@8 1007f7c8     libcpmtd:xthrow.obj
 0003:000017e8       ??_R0?AVerror_category@std@@@8 1007f7e8     libcpmtd:xthrow.obj
 0003:0000180c       ??_R0?AV_Generic_error_category@std@@@8 1007f80c     libcpmtd:xthrow.obj
 0003:00001838       ??_R0?AV_Iostream_error_category@std@@@8 1007f838     libcpmtd:xthrow.obj
 0003:00001864       ??_R0?AV_System_error_category@std@@@8 1007f864     libcpmtd:xthrow.obj
 0003:00001890       ??_R0?AVbad_cast@std@@@8   1007f890     LIBCMTD:stdexcpt.obj
 0003:000018ac       ??_R0?AVbad_typeid@std@@@8 1007f8ac     LIBCMTD:stdexcpt.obj
 0003:000018cc       ??_R0?AV__non_rtti_object@std@@@8 1007f8cc     LIBCMTD:stdexcpt.obj
 0003:000018f0       ??_R0?AVtype_info@@@8      1007f8f0     LIBCMTD:typinfo.obj
 0003:00001908       ??_R0?AVbad_exception@std@@@8 1007f908     LIBCMTD:frame.obj
 0003:00001928       ??_R0?AVDNameNode@@@8      1007f928     LIBCMTD:undname.obj
 0003:00001940       ??_R0?AVcharNode@@@8       1007f940     LIBCMTD:undname.obj
 0003:00001958       ??_R0?AVpcharNode@@@8      1007f958     LIBCMTD:undname.obj
 0003:00001970       ??_R0?AVpDNameNode@@@8     1007f970     LIBCMTD:undname.obj
 0003:0000198c       ??_R0?AVDNameStatusNode@@@8 1007f98c     LIBCMTD:undname.obj
 0003:000019ac       ??_R0?AVpairNode@@@8       1007f9ac     LIBCMTD:undname.obj
 0003:00001b80       ?_1@?A0x488d0830@@3V?$FunctorBindArg@$00@@A 1007fb80     TowerAccess.obj
 0003:00001b81       ?_2@?A0x488d0830@@3V?$FunctorBindArg@$01@@A 1007fb81     TowerAccess.obj
 0003:00001b82       ?_3@?A0x488d0830@@3V?$FunctorBindArg@$02@@A 1007fb82     TowerAccess.obj
 0003:00001b83       ?_4@?A0x488d0830@@3V?$FunctorBindArg@$03@@A 1007fb83     TowerAccess.obj
 0003:00001b84       ?_5@?A0x488d0830@@3V?$FunctorBindArg@$04@@A 1007fb84     TowerAccess.obj
 0003:00001b85       ?_6@?A0x488d0830@@3V?$FunctorBindArg@$05@@A 1007fb85     TowerAccess.obj
 0003:00001b86       ?_7@?A0x488d0830@@3V?$FunctorBindArg@$06@@A 1007fb86     TowerAccess.obj
 0003:00001b87       ?_8@?A0x488d0830@@3V?$FunctorBindArg@$07@@A 1007fb87     TowerAccess.obj
 0003:00001b88       ?_9@?A0x488d0830@@3V?$FunctorBindArg@$08@@A 1007fb88     TowerAccess.obj
 0003:00001b89       ?_10@?A0x488d0830@@3V?$FunctorBindArg@$09@@A 1007fb89     TowerAccess.obj
 0003:00001b8c       ?managerInstance@?1??getInstance@TowerAccessJNIManager@@SAPAV2@XZ@4V2@A 1007fb8c     TowerAccess.obj
 0003:00001b90       ??_B?1??getInstance@TowerAccessJNIManager@@SAPAV1@XZ@51 1007fb90     TowerAccess.obj
 0003:00001b98       ?_Generic_object@?$_Error_objects@H@std@@2V_Generic_error_category@2@A 1007fb98     TowerAccessJNIManager.obj
 0003:00001b9c       ?_Iostream_object@?$_Error_objects@H@std@@2V_Iostream_error_category@2@A 1007fb9c     TowerAccessJNIManager.obj
 0003:00001ba0       ?_System_object@?$_Error_objects@H@std@@2V_System_error_category@2@A 1007fba0     TowerAccessJNIManager.obj
 0003:00001ba4       ?id@?$num_put@DV?$back_insert_iterator@V?$basic_string@DU?$char_traits@D@std@@V?$allocator@D@2@@std@@@std@@@std@@2V0locale@2@A 1007fba4     TowerAccessJNIManager.obj
 0003:00001ba8       ?id@?$num_put@GV?$back_insert_iterator@V?$basic_string@GU?$char_traits@G@std@@V?$allocator@G@2@@std@@@std@@@std@@2V0locale@2@A 1007fba8     TowerAccessJNIManager.obj
 0003:00001bac       ?id@?$numpunct@D@std@@2V0locale@2@A 1007fbac     TowerAccessJNIManager.obj
 0003:00001bb0       ?id@?$numpunct@G@std@@2V0locale@2@A 1007fbb0     TowerAccessJNIManager.obj
 0003:00001bb8       ?id@?$num_put@_WV?$back_insert_iterator@V?$basic_string@_WU?$char_traits@_W@std@@V?$allocator@_W@2@@std@@@std@@@std@@2V0locale@2@A 1007fbb8     libcpmtd:xthrow.obj
 0003:00001bbc       ?id@?$numpunct@_W@std@@2V0locale@2@A 1007fbbc     libcpmtd:xthrow.obj
 0003:00001c30       ___fastflag                1007fc30     LIBCMTD:fpinit.obj
 0003:00001c38       __aenvptr                  1007fc38     LIBCMTD:dllcrt0.obj
 0003:00001c3c       __wenvptr                  1007fc3c     LIBCMTD:dllcrt0.obj
 0003:00001da8       ___app_type                1007fda8     LIBCMTD:crt0msg.obj
 0003:000023d8       ___pPurecall               100803d8     LIBCMTD:inithelp.obj
 0003:000023dc       ___crtDebugCheckCount      100803dc     LIBCMTD:dbgheap.obj
 0003:000023e4       ?_pfnDumpClient@@3P6AXPAXI@ZA 100803e4     LIBCMTD:dbgheap.obj
 0003:00002400       __umaskval                 10080400     LIBCMTD:crt0dat.obj
 0003:00002404       __exitflag                 10080404     LIBCMTD:crt0dat.obj
 0003:00002408       __C_Termination_Done       10080408     LIBCMTD:crt0dat.obj
 0003:0000240c       ___winitenv                1008040c     LIBCMTD:crt0dat.obj
 0003:00002410       ___initenv                 10080410     LIBCMTD:crt0dat.obj
 0003:00002414       ___argc                    10080414     LIBCMTD:crt0dat.obj
 0003:00002418       ___argv                    10080418     LIBCMTD:crt0dat.obj
 0003:0000241c       ___wargv                   1008041c     LIBCMTD:crt0dat.obj
 0003:00002420       __environ                  10080420     LIBCMTD:crt0dat.obj
 0003:00002424       __wenviron                 10080424     LIBCMTD:crt0dat.obj
 0003:00002428       __pgmptr                   10080428     LIBCMTD:crt0dat.obj
 0003:0000242c       __wpgmptr                  1008042c     LIBCMTD:crt0dat.obj
 0003:00002430       __C_Exit_Done              10080430     LIBCMTD:crt0dat.obj
 0003:00002758       ?_pnhHeap@@3P6AHI@ZA       10080758     LIBCMTD:handler.obj
 0003:0000275c       ___isa_available           1008075c     LIBCMTD:cpu_disp.obj
 0003:00002760       ___favor                   10080760     LIBCMTD:cpu_disp.obj
 0003:00002764       __crtheap                  10080764     LIBCMTD:heapinit.obj
 0003:00002768       ___pioinfo                 10080768     LIBCMTD:ioinit.obj
 0003:00002970       ___pInvalidArgHandler      10080970     LIBCMTD:invarg.obj
 0003:0000299c       ?__pInconsistency@@3P6AXXZA 1008099c     LIBCMTD:hooks.obj
 0003:000029a0       ?g_OutOfMemoryExceptionCallback@@3P6GPAXXZA 100809a0     LIBCMTD:frame.obj
 0003:000029ac       ___error_mode              100809ac     LIBCMTD:errmode.obj
 0003:000029b4       ___mbcodepage              100809b4     LIBCMTD:mbctype.obj
 0003:000029b8       ___ismbcodepage            100809b8     LIBCMTD:mbctype.obj
 0003:000029bc       ___mbulinfo                100809bc     LIBCMTD:mbctype.obj
 0003:000029c8       ___mblocalename            100809c8     LIBCMTD:mbctype.obj
 0003:000029d0       __newmode                  100809d0     LIBCMTD:_newmode.obj
 0003:000029d8       __stdbuf                   100809d8     LIBCMTD:_sftbuf.obj
 0003:000029e0       __outputformat             100809e0     LIBCMTD:outputformat.obj
 0003:000029e4       __cflush                   100809e4     LIBCMTD:_file.obj
 0003:000029e8       ?pArgList@UnDecorator@@0PAVReplicator@@A 100809e8     LIBCMTD:undname.obj
 0003:000029ec       ?pZNameList@UnDecorator@@0PAVReplicator@@A 100809ec     LIBCMTD:undname.obj
 0003:000029f0       ?pTemplateArgList@UnDecorator@@0PAVReplicator@@A 100809f0     LIBCMTD:undname.obj
 0003:000029f4       ?gName@UnDecorator@@0PBDB  100809f4     LIBCMTD:undname.obj
 0003:000029f8       ?name@UnDecorator@@0PBDB   100809f8     LIBCMTD:undname.obj
 0003:000029fc       ?outputString@UnDecorator@@0PADA 100809fc     LIBCMTD:undname.obj
 0003:00002a00       ?maxStringLength@UnDecorator@@0HA 10080a00     LIBCMTD:undname.obj
 0003:00002a04       ?disableFlags@UnDecorator@@0KA 10080a04     LIBCMTD:undname.obj
 0003:00002a08       ?fExplicitTemplateParams@UnDecorator@@0_NA 10080a08     LIBCMTD:undname.obj
 0003:00002a09       ?fGetTemplateArgumentList@UnDecorator@@0_NA 10080a09     LIBCMTD:undname.obj
 0003:00002a0c       ?m_pGetParameter@UnDecorator@@0P6APADJ@ZA 10080a0c     LIBCMTD:undname.obj
 0003:00002a78       ?nodes@?1??make@DNameStatusNode@@SAPAV2@W4DNameStatus@@@Z@4PAV2@A 10080a78     LIBCMTD:undname.obj
 0003:00002aa8       ??_B?1??make@DNameStatusNode@@SAPAV1@W4DNameStatus@@@Z@51 10080aa8     LIBCMTD:undname.obj
 0003:00002aac       ___lconv_static_null       10080aac     LIBCMTD:lconv.obj
 0003:00002ab0       ___lconv_static_W_null     10080ab0     LIBCMTD:lconv.obj
 0003:00002ab4       ___locale_changed          10080ab4     LIBCMTD:wsetloca.obj
 0003:00002abc       ___unguarded_readlc_active 10080abc     <common>
 0003:00002acc       ___setlc_active            10080acc     <common>
 0003:00002ae0       __bufin                    10080ae0     <common>
 0003:00003e1c       ___piob                    10081e1c     <common>
 0003:00003e20       __nstream                  10081e20     <common>
 0003:00003e24       __debugger_hook_dummy      10081e24     <common>
 0003:00003e30       __pReportHookListW         10081e30     <common>
 0003:00003e40       __pReportHookList          10081e40     <common>
 0003:00003e44       __pfnReportHook            10081e44     <common>
 0003:00003e48       __nhandle                  10081e48     <common>
 0003:00003e54       ___dyn_tls_init_callback   10081e54     <common>
 0003:00003e64       ___onexitend               10081e64     <common>
 0003:00003e68       ___onexitbegin             10081e68     <common>
 0003:00003e6c       ___mbctype_initialized     10081e6c     <common>
 0003:00003e70       ___env_initialized         10081e70     <common>
 0003:00003e80       _encodedKERNEL32Functions  10081e80     <common>
 0003:00003f28       __acmdln                   10081f28     <common>
 0004:00000000       __imp__gtf_mem_free        10082000     GtfCommon:GtfCommon.dll
 0004:00000004       __imp__gtf_mem_malloc      10082004     GtfCommon:GtfCommon.dll
 0004:00000008       \177GtfCommon_NULL_THUNK_DATA 10082008     GtfCommon:GtfCommon.dll
 0004:00000034       __imp__EnterCriticalSection@4 10082034     kernel32:KERNEL32.dll
 0004:00000038       __imp__LeaveCriticalSection@4 10082038     kernel32:KERNEL32.dll
 0004:0000003c       __imp__DeleteCriticalSection@4 1008203c     kernel32:KERNEL32.dll
 0004:00000040       __imp__EncodePointer@4     10082040     kernel32:KERNEL32.dll
 0004:00000044       __imp__DecodePointer@4     10082044     kernel32:KERNEL32.dll
 0004:00000048       __imp__GetCommandLineA@0   10082048     kernel32:KERNEL32.dll
 0004:0000004c       __imp__GetCurrentThreadId@0 1008204c     kernel32:KERNEL32.dll
 0004:00000050       __imp__GetModuleFileNameW@12 10082050     kernel32:KERNEL32.dll
 0004:00000054       __imp__GetModuleHandleExW@12 10082054     kernel32:KERNEL32.dll
 0004:00000058       __imp__RaiseException@16   10082058     kernel32:KERNEL32.dll
 0004:0000005c       __imp__RtlUnwind@16        1008205c     kernel32:KERNEL32.dll
 0004:00000060       __imp__FatalAppExitA@8     10082060     kernel32:KERNEL32.dll
 0004:00000064       __imp__UnhandledExceptionFilter@4 10082064     kernel32:KERNEL32.dll
 0004:00000068       __imp__SetUnhandledExceptionFilter@4 10082068     kernel32:KERNEL32.dll
 0004:0000006c       __imp__SetLastError@4      1008206c     kernel32:KERNEL32.dll
 0004:00000070       __imp__InitializeCriticalSectionAndSpinCount@8 10082070     kernel32:KERNEL32.dll
 0004:00000074       __imp__CreateEventW@16     10082074     kernel32:KERNEL32.dll
 0004:00000078       __imp__Sleep@4             10082078     kernel32:KERNEL32.dll
 0004:0000007c       __imp__GetCurrentProcess@0 1008207c     kernel32:KERNEL32.dll
 0004:00000080       __imp__TerminateProcess@8  10082080     kernel32:KERNEL32.dll
 0004:00000084       __imp__TlsAlloc@0          10082084     kernel32:KERNEL32.dll
 0004:00000088       __imp__TlsGetValue@4       10082088     kernel32:KERNEL32.dll
 0004:0000008c       __imp__TlsSetValue@8       1008208c     kernel32:KERNEL32.dll
 0004:00000090       __imp__TlsFree@4           10082090     kernel32:KERNEL32.dll
 0004:00000094       __imp__GetStartupInfoW@4   10082094     kernel32:KERNEL32.dll
 0004:00000098       __imp__GetTickCount@0      10082098     kernel32:KERNEL32.dll
 0004:0000009c       __imp__GetModuleHandleW@4  1008209c     kernel32:KERNEL32.dll
 0004:000000a0       __imp__GetProcAddress@8    100820a0     kernel32:KERNEL32.dll
 0004:000000a4       __imp__CreateSemaphoreW@16 100820a4     kernel32:KERNEL32.dll
 0004:000000a8       __imp__GetStdHandle@4      100820a8     kernel32:KERNEL32.dll
 0004:000000ac       __imp__WriteFile@20        100820ac     kernel32:KERNEL32.dll
 0004:000000b0       __imp__IsProcessorFeaturePresent@4 100820b0     kernel32:KERNEL32.dll
 0004:000000b4       __imp__GetLastError@0      100820b4     kernel32:KERNEL32.dll
 0004:000000b8       __imp__HeapValidate@12     100820b8     kernel32:KERNEL32.dll
 0004:000000bc       __imp__GetSystemInfo@4     100820bc     kernel32:KERNEL32.dll
 0004:000000c0       __imp__ExitProcess@4       100820c0     kernel32:KERNEL32.dll
 0004:000000c4       __imp__AreFileApisANSI@0   100820c4     kernel32:KERNEL32.dll
 0004:000000c8       __imp__MultiByteToWideChar@24 100820c8     kernel32:KERNEL32.dll
 0004:000000cc       __imp__WideCharToMultiByte@32 100820cc     kernel32:KERNEL32.dll
 0004:000000d0       __imp__IsDebuggerPresent@0 100820d0     kernel32:KERNEL32.dll
 0004:000000d4       __imp__GetCurrentThread@0  100820d4     kernel32:KERNEL32.dll
 0004:000000d8       __imp__GetProcessHeap@0    100820d8     kernel32:KERNEL32.dll
 0004:000000dc       __imp__GetFileType@4       100820dc     kernel32:KERNEL32.dll
 0004:000000e0       __imp__GetModuleFileNameA@12 100820e0     kernel32:KERNEL32.dll
 0004:000000e4       __imp__QueryPerformanceCounter@4 100820e4     kernel32:KERNEL32.dll
 0004:000000e8       __imp__GetCurrentProcessId@0 100820e8     kernel32:KERNEL32.dll
 0004:000000ec       __imp__GetSystemTimeAsFileTime@4 100820ec     kernel32:KERNEL32.dll
 0004:000000f0       __imp__GetEnvironmentStringsW@0 100820f0     kernel32:KERNEL32.dll
 0004:000000f4       __imp__FreeEnvironmentStringsW@4 100820f4     kernel32:KERNEL32.dll
 0004:000000f8       __imp__SetConsoleCtrlHandler@8 100820f8     kernel32:KERNEL32.dll
 0004:000000fc       __imp__OutputDebugStringW@4 100820fc     kernel32:KERNEL32.dll
 0004:00000100       __imp__WaitForSingleObjectEx@12 10082100     kernel32:KERNEL32.dll
 0004:00000104       __imp__CreateThread@24     10082104     kernel32:KERNEL32.dll
 0004:00000108       __imp__LoadLibraryExW@12   10082108     kernel32:KERNEL32.dll
 0004:0000010c       __imp__OutputDebugStringA@4 1008210c     kernel32:KERNEL32.dll
 0004:00000110       __imp__WriteConsoleW@20    10082110     kernel32:KERNEL32.dll
 0004:00000114       __imp__GetDateFormatW@24   10082114     kernel32:KERNEL32.dll
 0004:00000118       __imp__GetTimeFormatW@24   10082118     kernel32:KERNEL32.dll
 0004:0000011c       __imp__CompareStringW@24   1008211c     kernel32:KERNEL32.dll
 0004:00000120       __imp__LCMapStringW@24     10082120     kernel32:KERNEL32.dll
 0004:00000124       __imp__GetLocaleInfoW@16   10082124     kernel32:KERNEL32.dll
 0004:00000128       __imp__IsValidLocale@8     10082128     kernel32:KERNEL32.dll
 0004:0000012c       __imp__GetUserDefaultLCID@0 1008212c     kernel32:KERNEL32.dll
 0004:00000130       __imp__EnumSystemLocalesW@8 10082130     kernel32:KERNEL32.dll
 0004:00000134       __imp__IsValidCodePage@4   10082134     kernel32:KERNEL32.dll
 0004:00000138       __imp__GetACP@0            10082138     kernel32:KERNEL32.dll
 0004:0000013c       __imp__GetOEMCP@0          1008213c     kernel32:KERNEL32.dll
 0004:00000140       __imp__GetCPInfo@8         10082140     kernel32:KERNEL32.dll
 0004:00000144       __imp__HeapFree@12         10082144     kernel32:KERNEL32.dll
 0004:00000148       __imp__HeapReAlloc@16      10082148     kernel32:KERNEL32.dll
 0004:0000014c       __imp__HeapSize@12         1008214c     kernel32:KERNEL32.dll
 0004:00000150       __imp__HeapQueryInformation@20 10082150     kernel32:KERNEL32.dll
 0004:00000154       __imp__HeapAlloc@12        10082154     kernel32:KERNEL32.dll
 0004:00000158       __imp__FreeLibrary@4       10082158     kernel32:KERNEL32.dll
 0004:0000015c       __imp__GetStringTypeW@16   1008215c     kernel32:KERNEL32.dll
 0004:00000160       __imp__GetConsoleCP@0      10082160     kernel32:KERNEL32.dll
 0004:00000164       __imp__GetConsoleMode@8    10082164     kernel32:KERNEL32.dll
 0004:00000168       __imp__SetFilePointerEx@20 10082168     kernel32:KERNEL32.dll
 0004:0000016c       __imp__FlushFileBuffers@4  1008216c     kernel32:KERNEL32.dll
 0004:00000170       __imp__SetStdHandle@8      10082170     kernel32:KERNEL32.dll
 0004:00000174       __imp__CloseHandle@4       10082174     kernel32:KERNEL32.dll
 0004:00000178       __imp__CreateFileW@28      10082178     kernel32:KERNEL32.dll
 0004:0000017c       \177KERNEL32_NULL_THUNK_DATA 1008217c     kernel32:KERNEL32.dll
 0004:000001e8       __IMPORT_DESCRIPTOR_GtfCommon 100821e8     GtfCommon:GtfCommon.dll
 0004:000001fc       __IMPORT_DESCRIPTOR_KERNEL32 100821fc     kernel32:KERNEL32.dll
 0004:00000210       __NULL_IMPORT_DESCRIPTOR   10082210     GtfCommon:GtfCommon.dll
